Archive member included to satisfy reference by file (symbol)

/home/joel/Capstone/uwb-apps/bin/targets/rx_stream/app/hw/bsp/dwm1001/hw_bsp_dwm1001.a(gcc_startup_nrf52.o)
                              (Reset_Handler)
/home/joel/Capstone/uwb-apps/bin/targets/rx_stream/app/hw/bsp/dwm1001/hw_bsp_dwm1001.a(sbrk.o)
                              /home/joel/Capstone/uwb-apps/bin/targets/rx_stream/app/hw/bsp/dwm1001/hw_bsp_dwm1001.a(gcc_startup_nrf52.o) (_sbrkInit)
/home/joel/Capstone/uwb-apps/bin/targets/rx_stream/app/hw/mcu/nordic/nrf52xxx/hw_mcu_nordic_nrf52xxx.a(hal_system.o)
                              /home/joel/Capstone/uwb-apps/bin/targets/rx_stream/app/hw/bsp/dwm1001/hw_bsp_dwm1001.a(gcc_startup_nrf52.o) (hal_system_init)
/home/joel/Capstone/uwb-apps/bin/targets/rx_stream/app/hw/mcu/nordic/nrf52xxx/hw_mcu_nordic_nrf52xxx.a(system_nrf52.o)
                              /home/joel/Capstone/uwb-apps/bin/targets/rx_stream/app/hw/bsp/dwm1001/hw_bsp_dwm1001.a(gcc_startup_nrf52.o) (SystemInit)
/home/joel/Capstone/uwb-apps/bin/targets/rx_stream/app/libc/baselibc/libc_baselibc.a(start.o)
                              /home/joel/Capstone/uwb-apps/bin/targets/rx_stream/app/hw/bsp/dwm1001/hw_bsp_dwm1001.a(gcc_startup_nrf52.o) (_start)
/home/joel/Capstone/uwb-apps/bin/targets/rx_stream/app/apps/streaming/apps_streaming.a(main.o)
                              /home/joel/Capstone/uwb-apps/bin/targets/rx_stream/app/libc/baselibc/libc_baselibc.a(start.o) (main)
/home/joel/Capstone/uwb-apps/bin/targets/rx_stream/app/hw/cmsis-core/hw_cmsis-core.a(cmsis_nvic.o)
                              /home/joel/Capstone/uwb-apps/bin/targets/rx_stream/app/hw/mcu/nordic/nrf52xxx/hw_mcu_nordic_nrf52xxx.a(system_nrf52.o) (NVIC_Relocate)
/home/joel/Capstone/uwb-apps/bin/targets/rx_stream/app/hw/drivers/uwb/hw_drivers_uwb.a(uwb.o)
                              /home/joel/Capstone/uwb-apps/bin/targets/rx_stream/app/apps/streaming/apps_streaming.a(main.o) (uwb_dev_idx_lookup)
/home/joel/Capstone/uwb-apps/bin/targets/rx_stream/app/hw/drivers/uwb/uwb_dw1000/hw_drivers_uwb_uwb_dw1000.a(dw1000_gpio.o)
                              /home/joel/Capstone/uwb-apps/bin/targets/rx_stream/app/apps/streaming/apps_streaming.a(main.o) (dw1000_gpio5_config_ext_txe)
/home/joel/Capstone/uwb-apps/bin/targets/rx_stream/app/hw/drivers/uwb/uwb_dw1000/hw_drivers_uwb_uwb_dw1000.a(dw1000_hal.o)
                              /home/joel/Capstone/uwb-apps/bin/targets/rx_stream/app/apps/streaming/apps_streaming.a(main.o) (hal_dw1000_inst)
/home/joel/Capstone/uwb-apps/bin/targets/rx_stream/app/hw/drivers/uwb/uwb_dw1000/hw_drivers_uwb_uwb_dw1000.a(dw1000_dev.o)
                              /home/joel/Capstone/uwb-apps/bin/targets/rx_stream/app/hw/drivers/uwb/uwb_dw1000/hw_drivers_uwb_uwb_dw1000.a(dw1000_gpio.o) (dw1000_write)
/home/joel/Capstone/uwb-apps/bin/targets/rx_stream/app/hw/drivers/uwb/uwb_dw1000/hw_drivers_uwb_uwb_dw1000.a(dw1000_mac.o)
                              /home/joel/Capstone/uwb-apps/bin/targets/rx_stream/app/hw/drivers/uwb/uwb_dw1000/hw_drivers_uwb_uwb_dw1000.a(dw1000_dev.o) (dw1000_write_tx)
/home/joel/Capstone/uwb-apps/bin/targets/rx_stream/app/hw/drivers/uwb/uwb_dw1000/hw_drivers_uwb_uwb_dw1000.a(dw1000_phy.o)
                              /home/joel/Capstone/uwb-apps/bin/targets/rx_stream/app/hw/drivers/uwb/uwb_dw1000/hw_drivers_uwb_uwb_dw1000.a(dw1000_dev.o) (dw1000_phy_sysclk_XTAL)
/home/joel/Capstone/uwb-apps/bin/targets/rx_stream/app/hw/drivers/uwb/uwb_dw1000/hw_drivers_uwb_uwb_dw1000.a(dw1000_otp.o)
                              /home/joel/Capstone/uwb-apps/bin/targets/rx_stream/app/hw/drivers/uwb/uwb_dw1000/hw_drivers_uwb_uwb_dw1000.a(dw1000_phy.o) (_dw1000_otp_read)
/home/joel/Capstone/uwb-apps/bin/targets/rx_stream/app/hw/mcu/nordic/nrf52xxx/hw_mcu_nordic_nrf52xxx.a(hal_gpio.o)
                              /home/joel/Capstone/uwb-apps/bin/targets/rx_stream/app/hw/drivers/uwb/uwb_dw1000/hw_drivers_uwb_uwb_dw1000.a(dw1000_hal.o) (hal_gpio_init_in)
/home/joel/Capstone/uwb-apps/bin/targets/rx_stream/app/hw/mcu/nordic/nrf52xxx/hw_mcu_nordic_nrf52xxx.a(hal_spi.o)
                              /home/joel/Capstone/uwb-apps/bin/targets/rx_stream/app/hw/drivers/uwb/uwb_dw1000/hw_drivers_uwb_uwb_dw1000.a(dw1000_dev.o) (hal_spi_config)
/home/joel/Capstone/uwb-apps/bin/targets/rx_stream/app/kernel/os/kernel_os.a(os_arch_arm.o)
                              /home/joel/Capstone/uwb-apps/bin/targets/rx_stream/app/hw/drivers/uwb/uwb_dw1000/hw_drivers_uwb_uwb_dw1000.a(dw1000_hal.o) (os_arch_save_sr)
/home/joel/Capstone/uwb-apps/bin/targets/rx_stream/app/kernel/os/kernel_os.a(os_fault.o)
                              /home/joel/Capstone/uwb-apps/bin/targets/rx_stream/app/apps/streaming/apps_streaming.a(main.o) (__assert_func)
/home/joel/Capstone/uwb-apps/bin/targets/rx_stream/app/kernel/os/kernel_os.a(os.o)
                              /home/joel/Capstone/uwb-apps/bin/targets/rx_stream/app/kernel/os/kernel_os.a(os_arch_arm.o) (os_init_idle_task)
[...]
Memory Configuration

Name             Origin             Length             Attributes
FLASH            0x0000000000008000 0x000000000003a000 xr
RAM              0x0000000020000000 0x0000000000010000 xrw
*default*        0x0000000000000000 0xffffffffffffffff

Linker script and memory map

START GROUP
LOAD /home/joel/Capstone/uwb-apps/bin/targets/rx_stream/app/apps/streaming/apps_streaming.a
LOAD /home/joel/Capstone/uwb-apps/bin/targets/rx_stream/app/boot/bootutil/boot_bootutil.a
LOAD /home/joel/Capstone/uwb-apps/bin/targets/rx_stream/app/boot/split/boot_split.a
LOAD /home/joel/Capstone/uwb-apps/bin/targets/rx_stream/app/crypto/mbedtls/crypto_mbedtls.a
LOAD /home/joel/Capstone/uwb-apps/bin/targets/rx_stream/app/encoding/base64/encoding_base64.a
LOAD /home/joel/Capstone/uwb-apps/bin/targets/rx_stream/app/encoding/cborattr/encoding_cborattr.a
LOAD /home/joel/Capstone/uwb-apps/bin/targets/rx_stream/app/encoding/tinycbor/encoding_tinycbor.a
LOAD /home/joel/Capstone/uwb-apps/bin/targets/rx_stream/app/fs/fcb/fs_fcb.a
LOAD /home/joel/Capstone/uwb-apps/bin/targets/rx_stream/app/hw/bsp/dwm1001/hw_bsp_dwm1001.a
LOAD /home/joel/Capstone/uwb-apps/bin/targets/rx_stream/app/hw/cmsis-core/hw_cmsis-core.a
LOAD /home/joel/Capstone/uwb-apps/bin/targets/rx_stream/app/hw/drivers/rtt/hw_drivers_rtt.a
LOAD /home/joel/Capstone/uwb-apps/bin/targets/rx_stream/app/hw/drivers/uwb/hw_drivers_uwb.a
LOAD /home/joel/Capstone/uwb-apps/bin/targets/rx_stream/app/hw/drivers/uwb/uwb_dw1000/hw_drivers_uwb_uwb_dw1000.a
LOAD /home/joel/Capstone/uwb-apps/bin/targets/rx_stream/app/hw/hal/hw_hal.a
LOAD /home/joel/Capstone/uwb-apps/bin/targets/rx_stream/app/hw/mcu/nordic/hw_mcu_nordic.a
LOAD /home/joel/Capstone/uwb-apps/bin/targets/rx_stream/app/hw/mcu/nordic/nrf52xxx/hw_mcu_nordic_nrf52xxx.a
LOAD /home/joel/Capstone/uwb-apps/bin/targets/rx_stream/app/kernel/os/kernel_os.a
LOAD /home/joel/Capstone/uwb-apps/bin/targets/rx_stream/app/lib/dsp/lib_dsp.a
LOAD /home/joel/Capstone/uwb-apps/bin/targets/rx_stream/app/lib/euclid/lib_euclid.a
LOAD /home/joel/Capstone/uwb-apps/bin/targets/rx_stream/app/lib/json/lib_json.a
LOAD /home/joel/Capstone/uwb-apps/bin/targets/rx_stream/app/lib/nrng/lib_nrng.a
LOAD /home/joel/Capstone/uwb-apps/bin/targets/rx_stream/app/lib/rng_math/lib_rng_math.a
LOAD /home/joel/Capstone/uwb-apps/bin/targets/rx_stream/app/lib/tdma/lib_tdma.a
LOAD /home/joel/Capstone/uwb-apps/bin/targets/rx_stream/app/lib/timescale/timescale_m4_hardfloat/libtimescale_core.a
LOAD /home/joel/Capstone/uwb-apps/bin/targets/rx_stream/app/lib/twr_ss_nrng/lib_twr_ss_nrng.a
LOAD /home/joel/Capstone/uwb-apps/bin/targets/rx_stream/app/lib/uwb_ccp/lib_uwb_ccp.a
LOAD /home/joel/Capstone/uwb-apps/bin/targets/rx_stream/app/lib/uwb_rng/lib_uwb_rng.a
LOAD /home/joel/Capstone/uwb-apps/bin/targets/rx_stream/app/lib/uwb_transport/lib_uwb_transport.a
LOAD /home/joel/Capstone/uwb-apps/bin/targets/rx_stream/app/lib/uwb_wcs/lib_uwb_wcs.a
LOAD /home/joel/Capstone/uwb-apps/bin/targets/rx_stream/app/libc/baselibc/libc_baselibc.a
LOAD /home/joel/Capstone/uwb-apps/bin/targets/rx_stream/app/mgmt/imgmgr/mgmt_imgmgr.a
LOAD /home/joel/Capstone/uwb-apps/bin/targets/rx_stream/app/mgmt/mgmt/mgmt_mgmt.a
LOAD /home/joel/Capstone/uwb-apps/bin/targets/rx_stream/app/mgmt/newtmgr/mgmt_newtmgr.a
LOAD /home/joel/Capstone/uwb-apps/bin/targets/rx_stream/app/mgmt/newtmgr/nmgr_os/mgmt_newtmgr_nmgr_os.a
LOAD /home/joel/Capstone/uwb-apps/bin/targets/rx_stream/app/mgmt/newtmgr/transport/nmgr_shell/mgmt_newtmgr_transport_nmgr_shell.a
LOAD /home/joel/Capstone/uwb-apps/bin/targets/rx_stream/app/porting/dpl_lib/porting_dpl_lib.a
LOAD /home/joel/Capstone/uwb-apps/bin/targets/rx_stream/app/sys/config/sys_config.a
LOAD /home/joel/Capstone/uwb-apps/bin/targets/rx_stream/app/sys/console/full/sys_console_full.a
LOAD /home/joel/Capstone/uwb-apps/bin/targets/rx_stream/app/sys/flash_map/sys_flash_map.a
LOAD /home/joel/Capstone/uwb-apps/bin/targets/rx_stream/app/sys/log/full/sys_log_full.a
LOAD /home/joel/Capstone/uwb-apps/bin/targets/rx_stream/app/sys/log/modlog/sys_log_modlog.a
LOAD /home/joel/Capstone/uwb-apps/bin/targets/rx_stream/app/sys/mfg/sys_mfg.a
LOAD /home/joel/Capstone/uwb-apps/bin/targets/rx_stream/app/sys/reboot/sys_reboot.a
LOAD /home/joel/Capstone/uwb-apps/bin/targets/rx_stream/app/sys/shell/sys_shell.a
LOAD /home/joel/Capstone/uwb-apps/bin/targets/rx_stream/app/sys/stats/full/sys_stats_full.a
LOAD /home/joel/Capstone/uwb-apps/bin/targets/rx_stream/app/sys/sysdown/sys_sysdown.a
LOAD /home/joel/Capstone/uwb-apps/bin/targets/rx_stream/app/sys/sysinit/sys_sysinit.a
LOAD /home/joel/Capstone/uwb-apps/bin/targets/rx_stream/app/sys/uwbcfg/sys_uwbcfg.a
LOAD /home/joel/Capstone/uwb-apps/bin/targets/rx_stream/app/time/datetime/time_datetime.a
LOAD /home/joel/Capstone/uwb-apps/bin/targets/rx_stream/app/util/cbmem/util_cbmem.a
LOAD /home/joel/Capstone/uwb-apps/bin/targets/rx_stream/app/util/crc/util_crc.a
LOAD /home/joel/Capstone/uwb-apps/bin/targets/rx_stream/app/util/mem/util_mem.a
LOAD /home/joel/Capstone/uwb-apps/bin/targets/rx_stream/app/util/rwlock/util_rwlock.a
LOAD /home/joel/Capstone/uwb-apps/bin/targets/rx_stream/app/util/streamer/util_streamer.a
LOAD /home/joel/Capstone/uwb-apps/bin/targets/rx_stream/generated/bin/rx_stream-sysinit-app.a
END GROUP
LOAD /usr/lib/gcc/arm-none-eabi/10.3.1/thumb/v7e-m+fp/hard/libgcc.a
LOAD /usr/lib/gcc/arm-none-eabi/10.3.1/../../../arm-none-eabi/lib/thumb/v7e-m+fp/hard/libm.a
START GROUP
LOAD /usr/lib/gcc/arm-none-eabi/10.3.1/thumb/v7e-m+fp/hard/libgcc.a
LOAD /usr/lib/gcc/arm-none-eabi/10.3.1/../../../arm-none-eabi/lib/thumb/v7e-m+fp/hard/libg.a
LOAD /usr/lib/gcc/arm-none-eabi/10.3.1/../../../arm-none-eabi/lib/thumb/v7e-m+fp/hard/libc.a
END GROUP
START GROUP
LOAD /usr/lib/gcc/arm-none-eabi/10.3.1/thumb/v7e-m+fp/hard/libgcc.a
LOAD /usr/lib/gcc/arm-none-eabi/10.3.1/../../../arm-none-eabi/lib/thumb/v7e-m+fp/hard/libc.a
LOAD /usr/lib/gcc/arm-none-eabi/10.3.1/../../../arm-none-eabi/lib/thumb/v7e-m+fp/hard/libnosys.a
END GROUP
                0x0000000000000020                _imghdr_size = 0x20

.imghdr         0x0000000000008000       0x20
                0x0000000000008020                . = (. + _imghdr_size)
 *fill*         0x0000000000008000       0x20 
                0x0000000000008020                __text = .

.text           0x0000000000008020    0x1dbc8
                0x0000000000008020                __isr_vector_start = .
 *(.isr_vector)
 .isr_vector    0x0000000000008020       0xd8 /home/joel/Capstone/uwb-apps/bin/targets/rx_stream/app/hw/bsp/dwm1001/hw_bsp_dwm1001.a(gcc_startup_nrf52.o)
                0x0000000000008020                __isr_vector
                0x00000000000080f8                __isr_vector_end = .
 *(.text*)
 .text          0x00000000000080f8       0x70 /home/joel/Capstone/uwb-apps/bin/targets/rx_stream/app/hw/bsp/dwm1001/hw_bsp_dwm1001.a(gcc_startup_nrf52.o)
                0x00000000000080f8                Reset_Handler
                0x0000000000008154                NMI_Handler
                0x0000000000008156                HardFault_Handler
                0x0000000000008158                MemoryManagement_Handler
                0x000000000000815a                BusFault_Handler
                0x000000000000815c                UsageFault_Handler
                0x0000000000008164                TIMER2_IRQHandler
                0x0000000000008164                RTC0_IRQHandler
                0x0000000000008164                SWI0_EGU0_IRQHandler
                0x0000000000008164                SWI2_EGU2_IRQHandler
                0x0000000000008164                GPIOTE_IRQHandler
                0x0000000000008164                PWM1_IRQHandler
                0x0000000000008164                POWER_CLOCK_IRQHandler
                0x0000000000008164                RADIO_IRQHandler
                0x0000000000008164                PDM_IRQHandler
                0x0000000000008164                TEMP_IRQHandler
                0x0000000000008164                QDEC_IRQHandler
                0x0000000000008164                TIMER3_IRQHandler
                0x0000000000008164                SPIM0_SPIS0_TWIM0_TWIS0_SPI0_TWI0_IRQHandler
                0x0000000000008164                UARTE0_UART0_IRQHandler
                0x0000000000008164                TIMER4_IRQHandler
                0x0000000000008164                I2S_IRQHandler
                0x0000000000008164                SWI4_EGU4_IRQHandler
                0x0000000000008164                TIMER0_IRQHandler
                0x0000000000008164                TIMER1_IRQHandler
                0x0000000000008164                PWM2_IRQHandler
                0x0000000000008164                ECB_IRQHandler
                0x0000000000008164                SPIM1_SPIS1_TWIM1_TWIS1_SPI1_TWI1_IRQHandler
                0x0000000000008164                Default_Handler
                0x0000000000008164                SAADC_IRQHandler
                0x0000000000008164                CCM_AAR_IRQHandler
                0x0000000000008164                WDT_IRQHandler
                0x0000000000008164                SWI5_EGU5_IRQHandler
                0x0000000000008164                RNG_IRQHandler
                0x0000000000008164                RTC2_IRQHandler
                0x0000000000008164                PWM0_IRQHandler
                0x0000000000008164                SWI3_EGU3_IRQHandler
                0x0000000000008164                RTC1_IRQHandler
                0x0000000000008164                SWI1_EGU1_IRQHandler
                0x0000000000008164                SPIM2_SPIS2_SPI2_IRQHandler
                0x0000000000008164                NFCT_IRQHandler
                0x0000000000008164                MWU_IRQHandler
                0x0000000000008164                COMP_LPCOMP_IRQHandler
 .text._sbrkInit
                0x0000000000008168       0x10 /home/joel/Capstone/uwb-apps/bin/targets/rx_stream/app/hw/bsp/dwm1001/hw_bsp_dwm1001.a(sbrk.o)
                0x0000000000008168                _sbrkInit
 .text._sbrk    0x0000000000008178       0x3c /home/joel/Capstone/uwb-apps/bin/targets/rx_stream/app/hw/bsp/dwm1001/hw_bsp_dwm1001.a(sbrk.o)
                0x0000000000008178                _sbrk
 .text.hal_system_init
                0x00000000000081b4        0xc /home/joel/Capstone/uwb-apps/bin/targets/rx_stream/app/hw/mcu/nordic/nrf52xxx/hw_mcu_nordic_nrf52xxx.a(hal_system.o)
                0x00000000000081b4                hal_system_init
 .text.hal_debugger_connected
                0x00000000000081c0       0x10 /home/joel/Capstone/uwb-apps/bin/targets/rx_stream/app/hw/mcu/nordic/nrf52xxx/hw_mcu_nordic_nrf52xxx.a(hal_system.o)
                0x00000000000081c0                hal_debugger_connected
 .text.hal_system_reset
                0x00000000000081d0       0x2c /home/joel/Capstone/uwb-apps/bin/targets/rx_stream/app/hw/mcu/nordic/nrf52xxx/hw_mcu_nordic_nrf52xxx.a(hal_system.o)
                0x00000000000081d0                hal_system_reset
 .text.hal_system_clock_start
                0x00000000000081fc       0x4c /home/joel/Capstone/uwb-apps/bin/targets/rx_stream/app/hw/mcu/nordic/nrf52xxx/hw_mcu_nordic_nrf52xxx.a(hal_system.o)
                0x00000000000081fc                hal_system_clock_start
 .text.errata_16
                0x0000000000008248       0x3a /home/joel/Capstone/uwb-apps/bin/targets/rx_stream/app/hw/mcu/nordic/nrf52xxx/hw_mcu_nordic_nrf52xxx.a(system_nrf52.o)
 .text.errata_31
                0x0000000000008282       0x4a /home/joel/Capstone/uwb-apps/bin/targets/rx_stream/app/hw/mcu/nordic/nrf52xxx/hw_mcu_nordic_nrf52xxx.a(system_nrf52.o)
 .text.errata_32
                0x00000000000082cc       0x3a /home/joel/Capstone/uwb-apps/bin/targets/rx_stream/app/hw/mcu/nordic/nrf52xxx/hw_mcu_nordic_nrf52xxx.a(system_nrf52.o)
 .text.errata_36
                0x0000000000008306       0x4a /home/joel/Capstone/uwb-apps/bin/targets/rx_stream/app/hw/mcu/nordic/nrf52xxx/hw_mcu_nordic_nrf52xxx.a(system_nrf52.o)
 .text.errata_37
                0x0000000000008350       0x3a /home/joel/Capstone/uwb-apps/bin/targets/rx_stream/app/hw/mcu/nordic/nrf52xxx/hw_mcu_nordic_nrf52xxx.a(system_nrf52.o)
 .text.errata_57
                0x000000000000838a       0x3a /home/joel/Capstone/uwb-apps/bin/targets/rx_stream/app/hw/mcu/nordic/nrf52xxx/hw_mcu_nordic_nrf52xxx.a(system_nrf52.o)
 .text.errata_66
                0x00000000000083c4       0x3a /home/joel/Capstone/uwb-apps/bin/targets/rx_stream/app/hw/mcu/nordic/nrf52xxx/hw_mcu_nordic_nrf52xxx.a(system_nrf52.o)
 .text.errata_108
                0x00000000000083fe       0x4a /home/joel/Capstone/uwb-apps/bin/targets/rx_stream/app/hw/mcu/nordic/nrf52xxx/hw_mcu_nordic_nrf52xxx.a(system_nrf52.o)
 .text.SystemCoreClockUpdate
                0x0000000000008448       0x10 /home/joel/Capstone/uwb-apps/bin/targets/rx_stream/app/hw/mcu/nordic/nrf52xxx/hw_mcu_nordic_nrf52xxx.a(system_nrf52.o)
                0x0000000000008448                SystemCoreClockUpdate
 .text.SystemInit
                0x0000000000008458      0x1d8 /home/joel/Capstone/uwb-apps/bin/targets/rx_stream/app/hw/mcu/nordic/nrf52xxx/hw_mcu_nordic_nrf52xxx.a(system_nrf52.o)
                0x0000000000008458                SystemInit
 .text._start   0x0000000000008630       0x14 /home/joel/Capstone/uwb-apps/bin/targets/rx_stream/app/libc/baselibc/libc_baselibc.a(start.o)
                0x0000000000008630                _start
 .text._init    0x0000000000008644        0x2 /home/joel/Capstone/uwb-apps/bin/targets/rx_stream/app/libc/baselibc/libc_baselibc.a(start.o)
                0x0000000000008644                _init
 *fill*         0x0000000000008646        0x2 
 .text.uwb_config_updated_func
                0x0000000000008648       0x50 /home/joel/Capstone/uwb-apps/bin/targets/rx_stream/app/apps/streaming/apps_streaming.a(main.o)
                0x0000000000008648                uwb_config_updated_func
 .text.stream_slot_cb
                0x0000000000008698      0x12c /home/joel/Capstone/uwb-apps/bin/targets/rx_stream/app/apps/streaming/apps_streaming.a(main.o)
 .text.uwb_transport_cb
                0x00000000000087c4       0xc0 /home/joel/Capstone/uwb-apps/bin/targets/rx_stream/app/apps/streaming/apps_streaming.a(main.o)
 .text.main     0x0000000000008884      0x1c8 /home/joel/Capstone/uwb-apps/bin/targets/rx_stream/app/apps/streaming/apps_streaming.a(main.o)
                0x0000000000008884                main
 .text.NVIC_Relocate
                0x0000000000008a4c       0x34 /home/joel/Capstone/uwb-apps/bin/targets/rx_stream/app/hw/cmsis-core/hw_cmsis-core.a(cmsis_nvic.o)
                0x0000000000008a4c                NVIC_Relocate
 .text.uwb_interrupt_task
                0x0000000000008a80        0xe /home/joel/Capstone/uwb-apps/bin/targets/rx_stream/app/hw/drivers/uwb/hw_drivers_uwb.a(uwb.o)
 *fill*         0x0000000000008a8e        0x2 
 .text.uwb_dev_idx_lookup
                0x0000000000008a90       0x60 /home/joel/Capstone/uwb-apps/bin/targets/rx_stream/app/hw/drivers/uwb/hw_drivers_uwb.a(uwb.o)
                0x0000000000008a90                uwb_dev_idx_lookup
 .text.uwb_mac_append_interface
                0x0000000000008af0       0x4a /home/joel/Capstone/uwb-apps/bin/targets/rx_stream/app/hw/drivers/uwb/hw_drivers_uwb.a(uwb.o)
                0x0000000000008af0                uwb_mac_append_interface
 .text.uwb_mac_remove_interface
                0x0000000000008b3a       0x3e /home/joel/Capstone/uwb-apps/bin/targets/rx_stream/app/hw/drivers/uwb/hw_drivers_uwb.a(uwb.o)
                0x0000000000008b3a                uwb_mac_remove_interface
 .text.uwb_mac_get_interface
                0x0000000000008b78       0x22 /home/joel/Capstone/uwb-apps/bin/targets/rx_stream/app/hw/drivers/uwb/hw_drivers_uwb.a(uwb.o)
                0x0000000000008b78                uwb_mac_get_interface
 .text.uwb_mac_find_cb_inst_ptr
                0x0000000000008b9a       0x10 /home/joel/Capstone/uwb-apps/bin/targets/rx_stream/app/hw/drivers/uwb/hw_drivers_uwb.a(uwb.o)
                0x0000000000008b9a                uwb_mac_find_cb_inst_ptr
 *fill*         0x0000000000008baa        0x2 
 .text.uwb_task_init
                0x0000000000008bac       0x74 /home/joel/Capstone/uwb-apps/bin/targets/rx_stream/app/hw/drivers/uwb/hw_drivers_uwb.a(uwb.o)
                0x0000000000008bac                uwb_task_init
 .text.uwb_task_deinit
                0x0000000000008c20       0x18 /home/joel/Capstone/uwb-apps/bin/targets/rx_stream/app/hw/drivers/uwb/hw_drivers_uwb.a(uwb.o)
                0x0000000000008c20                uwb_task_deinit
 .text.uwb_dev_init
                0x0000000000008c38       0x4a /home/joel/Capstone/uwb-apps/bin/targets/rx_stream/app/hw/drivers/uwb/hw_drivers_uwb.a(uwb.o)
                0x0000000000008c38                uwb_dev_init
 *fill*         0x0000000000008c82        0x6 
 .text.uwb_calc_aoa
                0x0000000000008c88       0xc0 /home/joel/Capstone/uwb-apps/bin/targets/rx_stream/app/hw/drivers/uwb/hw_drivers_uwb.a(uwb.o)
                0x0000000000008c88                uwb_calc_aoa
 .text.dw1000_gpio5_config_ext_txe
                0x0000000000008d48       0x2e /home/joel/Capstone/uwb-apps/bin/targets/rx_stream/app/hw/drivers/uwb/uwb_dw1000/hw_drivers_uwb_uwb_dw1000.a(dw1000_gpio.o)
                0x0000000000008d48                dw1000_gpio5_config_ext_txe
 .text.dw1000_gpio6_config_ext_rxe
                0x0000000000008d76       0x2e /home/joel/Capstone/uwb-apps/bin/targets/rx_stream/app/hw/drivers/uwb/uwb_dw1000/hw_drivers_uwb_uwb_dw1000.a(dw1000_gpio.o)
                0x0000000000008d76                dw1000_gpio6_config_ext_rxe
 .text.dw1000_gpio_config_leds
                0x0000000000008da4       0xd2 /home/joel/Capstone/uwb-apps/bin/targets/rx_stream/app/hw/drivers/uwb/uwb_dw1000/hw_drivers_uwb_uwb_dw1000.a(dw1000_gpio.o)
                0x0000000000008da4                dw1000_gpio_config_leds
 .text.hal_dw1000_spi_txrx_cb
                0x0000000000008e76       0x52 /home/joel/Capstone/uwb-apps/bin/targets/rx_stream/app/hw/drivers/uwb/uwb_dw1000/hw_drivers_uwb_uwb_dw1000.a(dw1000_hal.o)
                0x0000000000008e76                hal_dw1000_spi_txrx_cb
 .text.hal_dw1000_inst
                0x0000000000008ec8       0x18 /home/joel/Capstone/uwb-apps/bin/targets/rx_stream/app/hw/drivers/uwb/uwb_dw1000/hw_drivers_uwb_uwb_dw1000.a(dw1000_hal.o)
                0x0000000000008ec8                hal_dw1000_inst
 .text.hal_dw1000_reset
                0x0000000000008ee0       0x54 /home/joel/Capstone/uwb-apps/bin/targets/rx_stream/app/hw/drivers/uwb/uwb_dw1000/hw_drivers_uwb_uwb_dw1000.a(dw1000_hal.o)
                0x0000000000008ee0                hal_dw1000_reset
 .text.hal_dw1000_read
                0x0000000000008f34       0xb6 /home/joel/Capstone/uwb-apps/bin/targets/rx_stream/app/hw/drivers/uwb/uwb_dw1000/hw_drivers_uwb_uwb_dw1000.a(dw1000_hal.o)
                0x0000000000008f34                hal_dw1000_read
 *fill*         0x0000000000008fea        0x2 
 .text.hal_dw1000_read_noblock
                0x0000000000008fec      0x26c /home/joel/Capstone/uwb-apps/bin/targets/rx_stream/app/hw/drivers/uwb/uwb_dw1000/hw_drivers_uwb_uwb_dw1000.a(dw1000_hal.o)
                0x0000000000008fec                hal_dw1000_read_noblock
 .text.hal_dw1000_write
                0x0000000000009258       0x9a /home/joel/Capstone/uwb-apps/bin/targets/rx_stream/app/hw/drivers/uwb/uwb_dw1000/hw_drivers_uwb_uwb_dw1000.a(dw1000_hal.o)
                0x0000000000009258                hal_dw1000_write
 *fill*         0x00000000000092f2        0x2 
 .text.hal_dw1000_write_noblock
                0x00000000000092f4      0x1e4 /home/joel/Capstone/uwb-apps/bin/targets/rx_stream/app/hw/drivers/uwb/uwb_dw1000/hw_drivers_uwb_uwb_dw1000.a(dw1000_hal.o)
                0x00000000000092f4                hal_dw1000_write_noblock
 .text.hal_dw1000_rw_noblock_wait
                0x00000000000094d8       0x3c /home/joel/Capstone/uwb-apps/bin/targets/rx_stream/app/hw/drivers/uwb/uwb_dw1000/hw_drivers_uwb_uwb_dw1000.a(dw1000_hal.o)
                0x00000000000094d8                hal_dw1000_rw_noblock_wait
 .text.hal_dw1000_wakeup
                0x0000000000009514       0x86 /home/joel/Capstone/uwb-apps/bin/targets/rx_stream/app/hw/drivers/uwb/uwb_dw1000/hw_drivers_uwb_uwb_dw1000.a(dw1000_hal.o)
                0x0000000000009514                hal_dw1000_wakeup
 .text.uwb_dw1000_read_sts_rxtime
                0x000000000000959a        0xa /home/joel/Capstone/uwb-apps/bin/targets/rx_stream/app/hw/drivers/uwb/uwb_dw1000/hw_drivers_uwb_uwb_dw1000.a(dw1000_dev.o)
 .text.uwb_dw1000_hal_noblock_wait
                0x00000000000095a4        0x8 /home/joel/Capstone/uwb-apps/bin/targets/rx_stream/app/hw/drivers/uwb/uwb_dw1000/hw_drivers_uwb_uwb_dw1000.a(dw1000_dev.o)
 .text.uwb_dw1000_mac_framefilter
                0x00000000000095ac       0x44 /home/joel/Capstone/uwb-apps/bin/targets/rx_stream/app/hw/drivers/uwb/uwb_dw1000/hw_drivers_uwb_uwb_dw1000.a(dw1000_dev.o)
                0x00000000000095ac                uwb_dw1000_mac_framefilter
 .text.uwb_dw1000_set_autoack
                0x00000000000095f0        0x8 /home/joel/Capstone/uwb-apps/bin/targets/rx_stream/app/hw/drivers/uwb/uwb_dw1000/hw_drivers_uwb_uwb_dw1000.a(dw1000_dev.o)
                0x00000000000095f0                uwb_dw1000_set_autoack
 .text.uwb_dw1000_set_autoack_delay
                0x00000000000095f8        0x8 /home/joel/Capstone/uwb-apps/bin/targets/rx_stream/app/hw/drivers/uwb/uwb_dw1000/hw_drivers_uwb_uwb_dw1000.a(dw1000_dev.o)
                0x00000000000095f8                uwb_dw1000_set_autoack_delay
 .text.uwb_dw1000_event_cnt_ctrl
                0x0000000000009600        0x8 /home/joel/Capstone/uwb-apps/bin/targets/rx_stream/app/hw/drivers/uwb/uwb_dw1000/hw_drivers_uwb_uwb_dw1000.a(dw1000_dev.o)
                0x0000000000009600                uwb_dw1000_event_cnt_ctrl
 .text.uwb_dw1000_event_cnt_read
                0x0000000000009608        0x8 /home/joel/Capstone/uwb-apps/bin/targets/rx_stream/app/hw/drivers/uwb/uwb_dw1000/hw_drivers_uwb_uwb_dw1000.a(dw1000_dev.o)
                0x0000000000009608                uwb_dw1000_event_cnt_read
 .text.uwb_dw1000_calc_pdoa
                0x0000000000009610       0x20 /home/joel/Capstone/uwb-apps/bin/targets/rx_stream/app/hw/drivers/uwb/uwb_dw1000/hw_drivers_uwb_uwb_dw1000.a(dw1000_dev.o)
 .text.uwb_dw1000_estimate_los
                0x0000000000009630        0x8 /home/joel/Capstone/uwb-apps/bin/targets/rx_stream/app/hw/drivers/uwb/uwb_dw1000/hw_drivers_uwb_uwb_dw1000.a(dw1000_dev.o)
 .text.uwb_dw1000_calc_fppl
                0x0000000000009638        0x8 /home/joel/Capstone/uwb-apps/bin/targets/rx_stream/app/hw/drivers/uwb/uwb_dw1000/hw_drivers_uwb_uwb_dw1000.a(dw1000_dev.o)
 .text.uwb_dw1000_calc_seq_rssi
                0x0000000000009640        0x8 /home/joel/Capstone/uwb-apps/bin/targets/rx_stream/app/hw/drivers/uwb/uwb_dw1000/hw_drivers_uwb_uwb_dw1000.a(dw1000_dev.o)
 .text.uwb_dw1000_calc_rssi
                0x0000000000009648        0x8 /home/joel/Capstone/uwb-apps/bin/targets/rx_stream/app/hw/drivers/uwb/uwb_dw1000/hw_drivers_uwb_uwb_dw1000.a(dw1000_dev.o)
 .text.uwb_dw1000_get_fppl
                0x0000000000009650        0x8 /home/joel/Capstone/uwb-apps/bin/targets/rx_stream/app/hw/drivers/uwb/uwb_dw1000/hw_drivers_uwb_uwb_dw1000.a(dw1000_dev.o)
 .text.uwb_dw1000_get_rssi
                0x0000000000009658        0x8 /home/joel/Capstone/uwb-apps/bin/targets/rx_stream/app/hw/drivers/uwb/uwb_dw1000/hw_drivers_uwb_uwb_dw1000.a(dw1000_dev.o)
 .text.uwb_dw1000_calc_clock_offset_ratio
                0x0000000000009660       0x28 /home/joel/Capstone/uwb-apps/bin/targets/rx_stream/app/hw/drivers/uwb/uwb_dw1000/hw_drivers_uwb_uwb_dw1000.a(dw1000_dev.o)
 .text.uwb_dw1000_set_on_error_continue
                0x0000000000009688        0x8 /home/joel/Capstone/uwb-apps/bin/targets/rx_stream/app/hw/drivers/uwb/uwb_dw1000/hw_drivers_uwb_uwb_dw1000.a(dw1000_dev.o)
 .text.uwb_dw1000_phy_repeated_frames
                0x0000000000009690        0x8 /home/joel/Capstone/uwb-apps/bin/targets/rx_stream/app/hw/drivers/uwb/uwb_dw1000/hw_drivers_uwb_uwb_dw1000.a(dw1000_dev.o)
 .text.uwb_dw1000_phy_rx_reset
                0x0000000000009698        0x8 /home/joel/Capstone/uwb-apps/bin/targets/rx_stream/app/hw/drivers/uwb/uwb_dw1000/hw_drivers_uwb_uwb_dw1000.a(dw1000_dev.o)
 .text.uwb_dw1000_phy_forcetrxoff
                0x00000000000096a0        0x8 /home/joel/Capstone/uwb-apps/bin/targets/rx_stream/app/hw/drivers/uwb/uwb_dw1000/hw_drivers_uwb_uwb_dw1000.a(dw1000_dev.o)
 .text.uwb_dw1000_phy_data_duration
                0x00000000000096a8        0xc /home/joel/Capstone/uwb-apps/bin/targets/rx_stream/app/hw/drivers/uwb/uwb_dw1000/hw_drivers_uwb_uwb_dw1000.a(dw1000_dev.o)
 .text.uwb_dw1000_phy_SHR_duration
                0x00000000000096b4        0xc /home/joel/Capstone/uwb-apps/bin/targets/rx_stream/app/hw/drivers/uwb/uwb_dw1000/hw_drivers_uwb_uwb_dw1000.a(dw1000_dev.o)
 .text.uwb_dw1000_phy_frame_duration
                0x00000000000096c0        0xc /home/joel/Capstone/uwb-apps/bin/targets/rx_stream/app/hw/drivers/uwb/uwb_dw1000/hw_drivers_uwb_uwb_dw1000.a(dw1000_dev.o)
 .text.uwb_dw1000_read_txtime_lo32
                0x00000000000096cc        0x8 /home/joel/Capstone/uwb-apps/bin/targets/rx_stream/app/hw/drivers/uwb/uwb_dw1000/hw_drivers_uwb_uwb_dw1000.a(dw1000_dev.o)
 .text.uwb_dw1000_read_txtime
                0x00000000000096d4        0x8 /home/joel/Capstone/uwb-apps/bin/targets/rx_stream/app/hw/drivers/uwb/uwb_dw1000/hw_drivers_uwb_uwb_dw1000.a(dw1000_dev.o)
 .text.uwb_dw1000_read_rxtime_lo32
                0x00000000000096dc        0x8 /home/joel/Capstone/uwb-apps/bin/targets/rx_stream/app/hw/drivers/uwb/uwb_dw1000/hw_drivers_uwb_uwb_dw1000.a(dw1000_dev.o)
 .text.uwb_dw1000_read_rxtime
                0x00000000000096e4        0x8 /home/joel/Capstone/uwb-apps/bin/targets/rx_stream/app/hw/drivers/uwb/uwb_dw1000/hw_drivers_uwb_uwb_dw1000.a(dw1000_dev.o)
 .text.uwb_dw1000_read_systime_lo32
                0x00000000000096ec        0x8 /home/joel/Capstone/uwb-apps/bin/targets/rx_stream/app/hw/drivers/uwb/uwb_dw1000/hw_drivers_uwb_uwb_dw1000.a(dw1000_dev.o)
 .text.uwb_dw1000_read_systime
                0x00000000000096f4        0x8 /home/joel/Capstone/uwb-apps/bin/targets/rx_stream/app/hw/drivers/uwb/uwb_dw1000/hw_drivers_uwb_uwb_dw1000.a(dw1000_dev.o)
 .text.uwb_dw1000_set_rxauto_disable
                0x00000000000096fc        0x8 /home/joel/Capstone/uwb-apps/bin/targets/rx_stream/app/hw/drivers/uwb/uwb_dw1000/hw_drivers_uwb_uwb_dw1000.a(dw1000_dev.o)
 .text.uwb_dw1000_set_wait4resp_delay
                0x0000000000009704        0x8 /home/joel/Capstone/uwb-apps/bin/targets/rx_stream/app/hw/drivers/uwb/uwb_dw1000/hw_drivers_uwb_uwb_dw1000.a(dw1000_dev.o)
 .text.uwb_dw1000_set_wait4resp
                0x000000000000970c        0x8 /home/joel/Capstone/uwb-apps/bin/targets/rx_stream/app/hw/drivers/uwb/uwb_dw1000/hw_drivers_uwb_uwb_dw1000.a(dw1000_dev.o)
 .text.uwb_dw1000_tx_wait
                0x0000000000009714        0x8 /home/joel/Capstone/uwb-apps/bin/targets/rx_stream/app/hw/drivers/uwb/uwb_dw1000/hw_drivers_uwb_uwb_dw1000.a(dw1000_dev.o)
 .text.uwb_dw1000_write_tx_fctrl
                0x000000000000971c        0x8 /home/joel/Capstone/uwb-apps/bin/targets/rx_stream/app/hw/drivers/uwb/uwb_dw1000/hw_drivers_uwb_uwb_dw1000.a(dw1000_dev.o)
 .text.uwb_dw1000_write_tx
                0x0000000000009724        0x8 /home/joel/Capstone/uwb-apps/bin/targets/rx_stream/app/hw/drivers/uwb/uwb_dw1000/hw_drivers_uwb_uwb_dw1000.a(dw1000_dev.o)
 .text.uwb_dw1000_stop_rx
                0x000000000000972c        0x8 /home/joel/Capstone/uwb-apps/bin/targets/rx_stream/app/hw/drivers/uwb/uwb_dw1000/hw_drivers_uwb_uwb_dw1000.a(dw1000_dev.o)
 .text.uwb_dw1000_start_rx
                0x0000000000009734        0x8 /home/joel/Capstone/uwb-apps/bin/targets/rx_stream/app/hw/drivers/uwb/uwb_dw1000/hw_drivers_uwb_uwb_dw1000.a(dw1000_dev.o)
 .text.uwb_dw1000_start_tx
                0x000000000000973c        0x8 /home/joel/Capstone/uwb-apps/bin/targets/rx_stream/app/hw/drivers/uwb/uwb_dw1000/hw_drivers_uwb_uwb_dw1000.a(dw1000_dev.o)
 .text.uwb_dw1000_set_delay_start
                0x0000000000009744        0x8 /home/joel/Capstone/uwb-apps/bin/targets/rx_stream/app/hw/drivers/uwb/uwb_dw1000/hw_drivers_uwb_uwb_dw1000.a(dw1000_dev.o)
 .text.uwb_dw1000_set_abs_timeout
                0x000000000000974c        0x8 /home/joel/Capstone/uwb-apps/bin/targets/rx_stream/app/hw/drivers/uwb/uwb_dw1000/hw_drivers_uwb_uwb_dw1000.a(dw1000_dev.o)
 .text.uwb_dw1000_set_rx_window
                0x0000000000009754       0x16 /home/joel/Capstone/uwb-apps/bin/targets/rx_stream/app/hw/drivers/uwb/uwb_dw1000/hw_drivers_uwb_uwb_dw1000.a(dw1000_dev.o)
 .text.uwb_dw1000_adj_rx_timeout
                0x000000000000976a        0xa /home/joel/Capstone/uwb-apps/bin/targets/rx_stream/app/hw/drivers/uwb/uwb_dw1000/hw_drivers_uwb_uwb_dw1000.a(dw1000_dev.o)
 .text.uwb_dw1000_set_rx_timeout
                0x0000000000009774        0xa /home/joel/Capstone/uwb-apps/bin/targets/rx_stream/app/hw/drivers/uwb/uwb_dw1000/hw_drivers_uwb_uwb_dw1000.a(dw1000_dev.o)
 .text.uwb_dw1000_set_dblrxbuf
                0x000000000000977e        0x8 /home/joel/Capstone/uwb-apps/bin/targets/rx_stream/app/hw/drivers/uwb/uwb_dw1000/hw_drivers_uwb_uwb_dw1000.a(dw1000_dev.o)
 .text.uwb_dw1000_txrf_power_value
                0x0000000000009786        0x8 /home/joel/Capstone/uwb-apps/bin/targets/rx_stream/app/hw/drivers/uwb/uwb_dw1000/hw_drivers_uwb_uwb_dw1000.a(dw1000_dev.o)
 .text.uwb_dw1000_txrf_config
                0x000000000000978e        0x8 /home/joel/Capstone/uwb-apps/bin/targets/rx_stream/app/hw/drivers/uwb/uwb_dw1000/hw_drivers_uwb_uwb_dw1000.a(dw1000_dev.o)
 .text.uwb_dw1000_mac_config
                0x0000000000009796        0x8 /home/joel/Capstone/uwb-apps/bin/targets/rx_stream/app/hw/drivers/uwb/uwb_dw1000/hw_drivers_uwb_uwb_dw1000.a(dw1000_dev.o)
 *fill*         0x000000000000979e        0x2 
 .text.dw1000_read
                0x00000000000097a0       0xc8 /home/joel/Capstone/uwb-apps/bin/targets/rx_stream/app/hw/drivers/uwb/uwb_dw1000/hw_drivers_uwb_uwb_dw1000.a(dw1000_dev.o)
                0x00000000000097a0                dw1000_read
 .text.dw1000_write
                0x0000000000009868       0xcc /home/joel/Capstone/uwb-apps/bin/targets/rx_stream/app/hw/drivers/uwb/uwb_dw1000/hw_drivers_uwb_uwb_dw1000.a(dw1000_dev.o)
                0x0000000000009868                dw1000_write
 .text.dw1000_read_reg
                0x0000000000009934       0xe0 /home/joel/Capstone/uwb-apps/bin/targets/rx_stream/app/hw/drivers/uwb/uwb_dw1000/hw_drivers_uwb_uwb_dw1000.a(dw1000_dev.o)
                0x0000000000009934                dw1000_read_reg
 .text.dw1000_write_reg
                0x0000000000009a14       0xf0 /home/joel/Capstone/uwb-apps/bin/targets/rx_stream/app/hw/drivers/uwb/uwb_dw1000/hw_drivers_uwb_uwb_dw1000.a(dw1000_dev.o)
                0x0000000000009a14                dw1000_write_reg
 .text.uwb_dw1000_set_euid
                0x0000000000009b04       0x1a /home/joel/Capstone/uwb-apps/bin/targets/rx_stream/app/hw/drivers/uwb/uwb_dw1000/hw_drivers_uwb_uwb_dw1000.a(dw1000_dev.o)
 .text.uwb_dw1000_set_uid
                0x0000000000009b1e       0x1a /home/joel/Capstone/uwb-apps/bin/targets/rx_stream/app/hw/drivers/uwb/uwb_dw1000/hw_drivers_uwb_uwb_dw1000.a(dw1000_dev.o)
 .text.uwb_dw1000_set_panid
                0x0000000000009b38       0x1a /home/joel/Capstone/uwb-apps/bin/targets/rx_stream/app/hw/drivers/uwb/uwb_dw1000/hw_drivers_uwb_uwb_dw1000.a(dw1000_dev.o)
 .text.dw1000_softreset
                0x0000000000009b52       0x9e /home/joel/Capstone/uwb-apps/bin/targets/rx_stream/app/hw/drivers/uwb/uwb_dw1000/hw_drivers_uwb_uwb_dw1000.a(dw1000_dev.o)
                0x0000000000009b52                dw1000_softreset
 .text.dw1000_dev_configure_sleep
                0x0000000000009bf0       0xb2 /home/joel/Capstone/uwb-apps/bin/targets/rx_stream/app/hw/drivers/uwb/uwb_dw1000/hw_drivers_uwb_uwb_dw1000.a(dw1000_dev.o)
                0x0000000000009bf0                dw1000_dev_configure_sleep
 .text.uwb_dw1000_sleep_config
                0x0000000000009ca2        0x8 /home/joel/Capstone/uwb-apps/bin/targets/rx_stream/app/hw/drivers/uwb/uwb_dw1000/hw_drivers_uwb_uwb_dw1000.a(dw1000_dev.o)
 .text.dw1000_dev_enter_sleep
                0x0000000000009caa       0x76 /home/joel/Capstone/uwb-apps/bin/targets/rx_stream/app/hw/drivers/uwb/uwb_dw1000/hw_drivers_uwb_uwb_dw1000.a(dw1000_dev.o)
                0x0000000000009caa                dw1000_dev_enter_sleep
 .text.uwb_dw1000_enter_sleep
                0x0000000000009d20        0x8 /home/joel/Capstone/uwb-apps/bin/targets/rx_stream/app/hw/drivers/uwb/uwb_dw1000/hw_drivers_uwb_uwb_dw1000.a(dw1000_dev.o)
 .text.dw1000_dev_wakeup
                0x0000000000009d28      0x104 /home/joel/Capstone/uwb-apps/bin/targets/rx_stream/app/hw/drivers/uwb/uwb_dw1000/hw_drivers_uwb_uwb_dw1000.a(dw1000_dev.o)
                0x0000000000009d28                dw1000_dev_wakeup
 .text.dw1000_dev_config
                0x0000000000009e2c      0x1a4 /home/joel/Capstone/uwb-apps/bin/targets/rx_stream/app/hw/drivers/uwb/uwb_dw1000/hw_drivers_uwb_uwb_dw1000.a(dw1000_dev.o)
                0x0000000000009e2c                dw1000_dev_config
 .text.uwb_dw1000_wakeup
                0x0000000000009fd0        0x8 /home/joel/Capstone/uwb-apps/bin/targets/rx_stream/app/hw/drivers/uwb/uwb_dw1000/hw_drivers_uwb_uwb_dw1000.a(dw1000_dev.o)
 .text.dw1000_dev_enter_sleep_after_tx
                0x0000000000009fd8       0x48 /home/joel/Capstone/uwb-apps/bin/targets/rx_stream/app/hw/drivers/uwb/uwb_dw1000/hw_drivers_uwb_uwb_dw1000.a(dw1000_dev.o)
                0x0000000000009fd8                dw1000_dev_enter_sleep_after_tx
 .text.uwb_dw1000_enter_sleep_after_tx
                0x000000000000a020        0x8 /home/joel/Capstone/uwb-apps/bin/targets/rx_stream/app/hw/drivers/uwb/uwb_dw1000/hw_drivers_uwb_uwb_dw1000.a(dw1000_dev.o)
 .text.dw1000_dev_enter_sleep_after_rx
                0x000000000000a028       0x4a /home/joel/Capstone/uwb-apps/bin/targets/rx_stream/app/hw/drivers/uwb/uwb_dw1000/hw_drivers_uwb_uwb_dw1000.a(dw1000_dev.o)
                0x000000000000a028                dw1000_dev_enter_sleep_after_rx
 .text.uwb_dw1000_enter_sleep_after_rx
                0x000000000000a072        0x8 /home/joel/Capstone/uwb-apps/bin/targets/rx_stream/app/hw/drivers/uwb/uwb_dw1000/hw_drivers_uwb_uwb_dw1000.a(dw1000_dev.o)
 *fill*         0x000000000000a07a        0x2 
 .text.dw1000_dev_init
                0x000000000000a07c      0x134 /home/joel/Capstone/uwb-apps/bin/targets/rx_stream/app/hw/drivers/uwb/uwb_dw1000/hw_drivers_uwb_uwb_dw1000.a(dw1000_dev.o)
                0x000000000000a07c                dw1000_dev_init
 .text.dw1000_dev_deinit
                0x000000000000a1b0       0x50 /home/joel/Capstone/uwb-apps/bin/targets/rx_stream/app/hw/drivers/uwb/uwb_dw1000/hw_drivers_uwb_uwb_dw1000.a(dw1000_dev.o)
                0x000000000000a1b0                dw1000_dev_deinit
 .text.calc_rx_window_timeout
                0x000000000000a200       0x28 /home/joel/Capstone/uwb-apps/bin/targets/rx_stream/app/hw/drivers/uwb/uwb_dw1000/hw_drivers_uwb_uwb_dw1000.a(dw1000_mac.o)
 .text.dw1000_checkoverrun
                0x000000000000a228       0x12 /home/joel/Capstone/uwb-apps/bin/targets/rx_stream/app/hw/drivers/uwb/uwb_dw1000/hw_drivers_uwb_uwb_dw1000.a(dw1000_mac.o)
 .text.dw1000_irq
                0x000000000000a23a       0x24 /home/joel/Capstone/uwb-apps/bin/targets/rx_stream/app/hw/drivers/uwb/uwb_dw1000/hw_drivers_uwb_uwb_dw1000.a(dw1000_mac.o)
 .text.dw1000_read_rx
                0x000000000000a25e       0x62 /home/joel/Capstone/uwb-apps/bin/targets/rx_stream/app/hw/drivers/uwb/uwb_dw1000/hw_drivers_uwb_uwb_dw1000.a(dw1000_mac.o)
                0x000000000000a25e                dw1000_read_rx
 .text.dw1000_write_tx
                0x000000000000a2c0       0x9a /home/joel/Capstone/uwb-apps/bin/targets/rx_stream/app/hw/drivers/uwb/uwb_dw1000/hw_drivers_uwb_uwb_dw1000.a(dw1000_mac.o)
                0x000000000000a2c0                dw1000_write_tx
 .text.dw1000_write_tx_fctrl
                0x000000000000a35a       0x82 /home/joel/Capstone/uwb-apps/bin/targets/rx_stream/app/hw/drivers/uwb/uwb_dw1000/hw_drivers_uwb_uwb_dw1000.a(dw1000_mac.o)
                0x000000000000a35a                dw1000_write_tx_fctrl
 .text.dw1000_start_tx
                0x000000000000a3dc      0x136 /home/joel/Capstone/uwb-apps/bin/targets/rx_stream/app/hw/drivers/uwb/uwb_dw1000/hw_drivers_uwb_uwb_dw1000.a(dw1000_mac.o)
                0x000000000000a3dc                dw1000_start_tx
 .text.dw1000_tx_wait
                0x000000000000a512       0x18 /home/joel/Capstone/uwb-apps/bin/targets/rx_stream/app/hw/drivers/uwb/uwb_dw1000/hw_drivers_uwb_uwb_dw1000.a(dw1000_mac.o)
                0x000000000000a512                dw1000_tx_wait
 .text.dw1000_set_delay_start
                0x000000000000a52a       0x6a /home/joel/Capstone/uwb-apps/bin/targets/rx_stream/app/hw/drivers/uwb/uwb_dw1000/hw_drivers_uwb_uwb_dw1000.a(dw1000_mac.o)
                0x000000000000a52a                dw1000_set_delay_start
 .text.dw1000_start_rx
                0x000000000000a594      0x1ac /home/joel/Capstone/uwb-apps/bin/targets/rx_stream/app/hw/drivers/uwb/uwb_dw1000/hw_drivers_uwb_uwb_dw1000.a(dw1000_mac.o)
                0x000000000000a594                dw1000_start_rx
 .text.dw1000_stop_rx
                0x000000000000a740       0xa8 /home/joel/Capstone/uwb-apps/bin/targets/rx_stream/app/hw/drivers/uwb/uwb_dw1000/hw_drivers_uwb_uwb_dw1000.a(dw1000_mac.o)
                0x000000000000a740                dw1000_stop_rx
 .text.dw1000_set_wait4resp
                0x000000000000a7e8       0x1e /home/joel/Capstone/uwb-apps/bin/targets/rx_stream/app/hw/drivers/uwb/uwb_dw1000/hw_drivers_uwb_uwb_dw1000.a(dw1000_mac.o)
                0x000000000000a7e8                dw1000_set_wait4resp
 .text.dw1000_set_on_error_continue
                0x000000000000a806       0x12 /home/joel/Capstone/uwb-apps/bin/targets/rx_stream/app/hw/drivers/uwb/uwb_dw1000/hw_drivers_uwb_uwb_dw1000.a(dw1000_mac.o)
                0x000000000000a806                dw1000_set_on_error_continue
 .text.dw1000_set_rxauto_disable
                0x000000000000a818       0x12 /home/joel/Capstone/uwb-apps/bin/targets/rx_stream/app/hw/drivers/uwb/uwb_dw1000/hw_drivers_uwb_uwb_dw1000.a(dw1000_mac.o)
                0x000000000000a818                dw1000_set_rxauto_disable
 .text.dw1000_adj_rx_timeout
                0x000000000000a82a       0x1e /home/joel/Capstone/uwb-apps/bin/targets/rx_stream/app/hw/drivers/uwb/uwb_dw1000/hw_drivers_uwb_uwb_dw1000.a(dw1000_mac.o)
                0x000000000000a82a                dw1000_adj_rx_timeout
 .text.update_rx_window_timeout
                0x000000000000a848       0x22 /home/joel/Capstone/uwb-apps/bin/targets/rx_stream/app/hw/drivers/uwb/uwb_dw1000/hw_drivers_uwb_uwb_dw1000.a(dw1000_mac.o)
 .text.dw1000_set_rx_timeout
                0x000000000000a86a       0xac /home/joel/Capstone/uwb-apps/bin/targets/rx_stream/app/hw/drivers/uwb/uwb_dw1000/hw_drivers_uwb_uwb_dw1000.a(dw1000_mac.o)
                0x000000000000a86a                dw1000_set_rx_timeout
 .text.dw1000_set_rx_window
                0x000000000000a916       0x42 /home/joel/Capstone/uwb-apps/bin/targets/rx_stream/app/hw/drivers/uwb/uwb_dw1000/hw_drivers_uwb_uwb_dw1000.a(dw1000_mac.o)
                0x000000000000a916                dw1000_set_rx_window
 .text.dw1000_set_abs_timeout
                0x000000000000a958       0x22 /home/joel/Capstone/uwb-apps/bin/targets/rx_stream/app/hw/drivers/uwb/uwb_dw1000/hw_drivers_uwb_uwb_dw1000.a(dw1000_mac.o)
                0x000000000000a958                dw1000_set_abs_timeout
 .text.dw1000_sync_rxbufptrs
                0x000000000000a97a       0x48 /home/joel/Capstone/uwb-apps/bin/targets/rx_stream/app/hw/drivers/uwb/uwb_dw1000/hw_drivers_uwb_uwb_dw1000.a(dw1000_mac.o)
                0x000000000000a97a                dw1000_sync_rxbufptrs
 *fill*         0x000000000000a9c2        0x2 
 .text.dw1000_mac_framefilter
                0x000000000000a9c4       0x80 /home/joel/Capstone/uwb-apps/bin/targets/rx_stream/app/hw/drivers/uwb/uwb_dw1000/hw_drivers_uwb_uwb_dw1000.a(dw1000_mac.o)
                0x000000000000a9c4                dw1000_mac_framefilter
 .text.dw1000_set_autoack
                0x000000000000aa44       0x98 /home/joel/Capstone/uwb-apps/bin/targets/rx_stream/app/hw/drivers/uwb/uwb_dw1000/hw_drivers_uwb_uwb_dw1000.a(dw1000_mac.o)
                0x000000000000aa44                dw1000_set_autoack
 .text.dw1000_set_autoack_delay
                0x000000000000aadc       0x28 /home/joel/Capstone/uwb-apps/bin/targets/rx_stream/app/hw/drivers/uwb/uwb_dw1000/hw_drivers_uwb_uwb_dw1000.a(dw1000_mac.o)
                0x000000000000aadc                dw1000_set_autoack_delay
 .text.dw1000_set_wait4resp_delay
                0x000000000000ab04       0x8a /home/joel/Capstone/uwb-apps/bin/targets/rx_stream/app/hw/drivers/uwb/uwb_dw1000/hw_drivers_uwb_uwb_dw1000.a(dw1000_mac.o)
                0x000000000000ab04                dw1000_set_wait4resp_delay
 .text.dw1000_set_dblrxbuff
                0x000000000000ab8e       0xc4 /home/joel/Capstone/uwb-apps/bin/targets/rx_stream/app/hw/drivers/uwb/uwb_dw1000/hw_drivers_uwb_uwb_dw1000.a(dw1000_mac.o)
                0x000000000000ab8e                dw1000_set_dblrxbuff
 *fill*         0x000000000000ac52        0x6 
 .text.dw1000_mac_config
                0x000000000000ac58      0x3e4 /home/joel/Capstone/uwb-apps/bin/targets/rx_stream/app/hw/drivers/uwb/uwb_dw1000/hw_drivers_uwb_uwb_dw1000.a(dw1000_mac.o)
                0x000000000000ac58                dw1000_mac_config
 .text.dw1000_read_carrier_integrator
                0x000000000000b03c       0x24 /home/joel/Capstone/uwb-apps/bin/targets/rx_stream/app/hw/drivers/uwb/uwb_dw1000/hw_drivers_uwb_uwb_dw1000.a(dw1000_mac.o)
                0x000000000000b03c                dw1000_read_carrier_integrator
 .text.dw1000_calc_clock_offset_ratio
                0x000000000000b060       0xe0 /home/joel/Capstone/uwb-apps/bin/targets/rx_stream/app/hw/drivers/uwb/uwb_dw1000/hw_drivers_uwb_uwb_dw1000.a(dw1000_mac.o)
                0x000000000000b060                dw1000_calc_clock_offset_ratio
 .text.dw1000_read_time_tracking_offset
                0x000000000000b140       0x22 /home/joel/Capstone/uwb-apps/bin/targets/rx_stream/app/hw/drivers/uwb/uwb_dw1000/hw_drivers_uwb_uwb_dw1000.a(dw1000_mac.o)
                0x000000000000b140                dw1000_read_time_tracking_offset
 .text.dw1000_calc_clock_offset_ratio_ttco
                0x000000000000b162       0x36 /home/joel/Capstone/uwb-apps/bin/targets/rx_stream/app/hw/drivers/uwb/uwb_dw1000/hw_drivers_uwb_uwb_dw1000.a(dw1000_mac.o)
                0x000000000000b162                dw1000_calc_clock_offset_ratio_ttco
 .text.dw1000_read_rxdiag
                0x000000000000b198       0x3c /home/joel/Capstone/uwb-apps/bin/targets/rx_stream/app/hw/drivers/uwb/uwb_dw1000/hw_drivers_uwb_uwb_dw1000.a(dw1000_mac.o)
                0x000000000000b198                dw1000_read_rxdiag
 *fill*         0x000000000000b1d4        0x4 
 .text.dw1000_tasks_init
                0x000000000000b1d8       0x7c /home/joel/Capstone/uwb-apps/bin/targets/rx_stream/app/hw/drivers/uwb/uwb_dw1000/hw_drivers_uwb_uwb_dw1000.a(dw1000_mac.o)
                0x000000000000b1d8                dw1000_tasks_init
 .text.dw1000_mac_init
                0x000000000000b254       0x58 /home/joel/Capstone/uwb-apps/bin/targets/rx_stream/app/hw/drivers/uwb/uwb_dw1000/hw_drivers_uwb_uwb_dw1000.a(dw1000_mac.o)
                0x000000000000b254                dw1000_mac_init
 .text.dw1000_ic_and_host_ptrs_equal
                0x000000000000b2ac       0x1e /home/joel/Capstone/uwb-apps/bin/targets/rx_stream/app/hw/drivers/uwb/uwb_dw1000/hw_drivers_uwb_uwb_dw1000.a(dw1000_mac.o)
                0x000000000000b2ac                dw1000_ic_and_host_ptrs_equal
 *fill*         0x000000000000b2ca        0x6 
 .text.dw1000_interrupt_ev_cb
                0x000000000000b2d0      0xa58 /home/joel/Capstone/uwb-apps/bin/targets/rx_stream/app/hw/drivers/uwb/uwb_dw1000/hw_drivers_uwb_uwb_dw1000.a(dw1000_mac.o)
 .text.dw1000_calc_fppl
                0x000000000000bd28       0x98 /home/joel/Capstone/uwb-apps/bin/targets/rx_stream/app/hw/drivers/uwb/uwb_dw1000/hw_drivers_uwb_uwb_dw1000.a(dw1000_mac.o)
                0x000000000000bd28                dw1000_calc_fppl
 .text.dw1000_get_fppl
                0x000000000000bdc0       0x20 /home/joel/Capstone/uwb-apps/bin/targets/rx_stream/app/hw/drivers/uwb/uwb_dw1000/hw_drivers_uwb_uwb_dw1000.a(dw1000_mac.o)
                0x000000000000bdc0                dw1000_get_fppl
 .text.dw1000_calc_rssi
                0x000000000000bde0       0x60 /home/joel/Capstone/uwb-apps/bin/targets/rx_stream/app/hw/drivers/uwb/uwb_dw1000/hw_drivers_uwb_uwb_dw1000.a(dw1000_mac.o)
                0x000000000000bde0                dw1000_calc_rssi
 .text.dw1000_get_rssi
                0x000000000000be40       0x20 /home/joel/Capstone/uwb-apps/bin/targets/rx_stream/app/hw/drivers/uwb/uwb_dw1000/hw_drivers_uwb_uwb_dw1000.a(dw1000_mac.o)
                0x000000000000be40                dw1000_get_rssi
 .text.dw1000_estimate_los
                0x000000000000be60       0x50 /home/joel/Capstone/uwb-apps/bin/targets/rx_stream/app/hw/drivers/uwb/uwb_dw1000/hw_drivers_uwb_uwb_dw1000.a(dw1000_mac.o)
                0x000000000000be60                dw1000_estimate_los
 .text.dw1000_read_systime
                0x000000000000beb0       0x10 /home/joel/Capstone/uwb-apps/bin/targets/rx_stream/app/hw/drivers/uwb/uwb_dw1000/hw_drivers_uwb_uwb_dw1000.a(dw1000_mac.o)
                0x000000000000beb0                dw1000_read_systime
 .text.dw1000_read_systime_lo
                0x000000000000bec0        0xe /home/joel/Capstone/uwb-apps/bin/targets/rx_stream/app/hw/drivers/uwb/uwb_dw1000/hw_drivers_uwb_uwb_dw1000.a(dw1000_mac.o)
                0x000000000000bec0                dw1000_read_systime_lo
 .text.dw1000_read_rxtime
                0x000000000000bece       0x10 /home/joel/Capstone/uwb-apps/bin/targets/rx_stream/app/hw/drivers/uwb/uwb_dw1000/hw_drivers_uwb_uwb_dw1000.a(dw1000_mac.o)
                0x000000000000bece                dw1000_read_rxtime
 .text.dw1000_read_rxtime_lo
                0x000000000000bede        0xe /home/joel/Capstone/uwb-apps/bin/targets/rx_stream/app/hw/drivers/uwb/uwb_dw1000/hw_drivers_uwb_uwb_dw1000.a(dw1000_mac.o)
                0x000000000000bede                dw1000_read_rxtime_lo
 .text.dw1000_read_txtime
                0x000000000000beec       0x10 /home/joel/Capstone/uwb-apps/bin/targets/rx_stream/app/hw/drivers/uwb/uwb_dw1000/hw_drivers_uwb_uwb_dw1000.a(dw1000_mac.o)
                0x000000000000beec                dw1000_read_txtime
 .text.dw1000_read_txtime_lo
                0x000000000000befc        0xe /home/joel/Capstone/uwb-apps/bin/targets/rx_stream/app/hw/drivers/uwb/uwb_dw1000/hw_drivers_uwb_uwb_dw1000.a(dw1000_mac.o)
                0x000000000000befc                dw1000_read_txtime_lo
 *fill*         0x000000000000bf0a        0x2 
 .text.dw1000_configcwmode
                0x000000000000bf0c      0x140 /home/joel/Capstone/uwb-apps/bin/targets/rx_stream/app/hw/drivers/uwb/uwb_dw1000/hw_drivers_uwb_uwb_dw1000.a(dw1000_mac.o)
                0x000000000000bf0c                dw1000_configcwmode
 .text.dw1000_phy_sysclk_XTAL
                0x000000000000c04c       0x2e /home/joel/Capstone/uwb-apps/bin/targets/rx_stream/app/hw/drivers/uwb/uwb_dw1000/hw_drivers_uwb_uwb_dw1000.a(dw1000_phy.o)
                0x000000000000c04c                dw1000_phy_sysclk_XTAL
 .text.dw1000_phy_sysclk_PLL
                0x000000000000c07a       0x2e /home/joel/Capstone/uwb-apps/bin/targets/rx_stream/app/hw/drivers/uwb/uwb_dw1000/hw_drivers_uwb_uwb_dw1000.a(dw1000_phy.o)
                0x000000000000c07a                dw1000_phy_sysclk_PLL
 .text.dw1000_phy_txclk_PLL
                0x000000000000c0a8       0x2e /home/joel/Capstone/uwb-apps/bin/targets/rx_stream/app/hw/drivers/uwb/uwb_dw1000/hw_drivers_uwb_uwb_dw1000.a(dw1000_phy.o)
                0x000000000000c0a8                dw1000_phy_txclk_PLL
 .text.dw1000_phy_sysclk_LDE
                0x000000000000c0d6       0x32 /home/joel/Capstone/uwb-apps/bin/targets/rx_stream/app/hw/drivers/uwb/uwb_dw1000/hw_drivers_uwb_uwb_dw1000.a(dw1000_phy.o)
                0x000000000000c0d6                dw1000_phy_sysclk_LDE
 .text.dw1000_phy_sysclk_SEQ
                0x000000000000c108       0x2a /home/joel/Capstone/uwb-apps/bin/targets/rx_stream/app/hw/drivers/uwb/uwb_dw1000/hw_drivers_uwb_uwb_dw1000.a(dw1000_phy.o)
                0x000000000000c108                dw1000_phy_sysclk_SEQ
 .text.dw1000_phy_disable_sequencing
                0x000000000000c132       0x24 /home/joel/Capstone/uwb-apps/bin/targets/rx_stream/app/hw/drivers/uwb/uwb_dw1000/hw_drivers_uwb_uwb_dw1000.a(dw1000_phy.o)
                0x000000000000c132                dw1000_phy_disable_sequencing
 .text.dw1000_phy_config_lde
                0x000000000000c156       0x5a /home/joel/Capstone/uwb-apps/bin/targets/rx_stream/app/hw/drivers/uwb/uwb_dw1000/hw_drivers_uwb_uwb_dw1000.a(dw1000_phy.o)
                0x000000000000c156                dw1000_phy_config_lde
 .text.dw1000_phy_config_txrf
                0x000000000000c1b0       0x34 /home/joel/Capstone/uwb-apps/bin/targets/rx_stream/app/hw/drivers/uwb/uwb_dw1000/hw_drivers_uwb_uwb_dw1000.a(dw1000_phy.o)
                0x000000000000c1b0                dw1000_phy_config_txrf
 .text.dw1000_phy_init
                0x000000000000c1e4      0x1de /home/joel/Capstone/uwb-apps/bin/targets/rx_stream/app/hw/drivers/uwb/uwb_dw1000/hw_drivers_uwb_uwb_dw1000.a(dw1000_phy.o)
                0x000000000000c1e4                dw1000_phy_init
 .text.dw1000_phy_rx_reset
                0x000000000000c3c2       0x66 /home/joel/Capstone/uwb-apps/bin/targets/rx_stream/app/hw/drivers/uwb/uwb_dw1000/hw_drivers_uwb_uwb_dw1000.a(dw1000_phy.o)
                0x000000000000c3c2                dw1000_phy_rx_reset
 .text.dw1000_phy_forcetrxoff
                0x000000000000c428      0x120 /home/joel/Capstone/uwb-apps/bin/targets/rx_stream/app/hw/drivers/uwb/uwb_dw1000/hw_drivers_uwb_uwb_dw1000.a(dw1000_phy.o)
                0x000000000000c428                dw1000_phy_forcetrxoff
 .text.dw1000_phy_interrupt_mask
                0x000000000000c548       0x68 /home/joel/Capstone/uwb-apps/bin/targets/rx_stream/app/hw/drivers/uwb/uwb_dw1000/hw_drivers_uwb_uwb_dw1000.a(dw1000_phy.o)
                0x000000000000c548                dw1000_phy_interrupt_mask
 .text.dw1000_phy_repeated_frames
                0x000000000000c5b0      0x15c /home/joel/Capstone/uwb-apps/bin/targets/rx_stream/app/hw/drivers/uwb/uwb_dw1000/hw_drivers_uwb_uwb_dw1000.a(dw1000_phy.o)
                0x000000000000c5b0                dw1000_phy_repeated_frames
 .text.dw1000_phy_SHR_duration
                0x000000000000c70c       0x28 /home/joel/Capstone/uwb-apps/bin/targets/rx_stream/app/hw/drivers/uwb/uwb_dw1000/hw_drivers_uwb_uwb_dw1000.a(dw1000_phy.o)
                0x000000000000c70c                dw1000_phy_SHR_duration
 .text.dw1000_phy_data_duration
                0x000000000000c734       0x54 /home/joel/Capstone/uwb-apps/bin/targets/rx_stream/app/hw/drivers/uwb/uwb_dw1000/hw_drivers_uwb_uwb_dw1000.a(dw1000_phy.o)
                0x000000000000c734                dw1000_phy_data_duration
 .text.dw1000_phy_frame_duration
                0x000000000000c788       0x1a /home/joel/Capstone/uwb-apps/bin/targets/rx_stream/app/hw/drivers/uwb/uwb_dw1000/hw_drivers_uwb_uwb_dw1000.a(dw1000_phy.o)
                0x000000000000c788                dw1000_phy_frame_duration
 .text.dw1000_phy_txrf_power_value
                0x000000000000c7a2       0xcc /home/joel/Capstone/uwb-apps/bin/targets/rx_stream/app/hw/drivers/uwb/uwb_dw1000/hw_drivers_uwb_uwb_dw1000.a(dw1000_phy.o)
                0x000000000000c7a2                dw1000_phy_txrf_power_value
 .text.dw1000_phy_event_cnt_ctrl
                0x000000000000c86e       0x46 /home/joel/Capstone/uwb-apps/bin/targets/rx_stream/app/hw/drivers/uwb/uwb_dw1000/hw_drivers_uwb_uwb_dw1000.a(dw1000_phy.o)
                0x000000000000c86e                dw1000_phy_event_cnt_ctrl
 .text.dw1000_phy_event_cnt_read
                0x000000000000c8b4       0x56 /home/joel/Capstone/uwb-apps/bin/targets/rx_stream/app/hw/drivers/uwb/uwb_dw1000/hw_drivers_uwb_uwb_dw1000.a(dw1000_phy.o)
                0x000000000000c8b4                dw1000_phy_event_cnt_read
 .text._dw1000_otp_read
                0x000000000000c90a       0x58 /home/joel/Capstone/uwb-apps/bin/targets/rx_stream/app/hw/drivers/uwb/uwb_dw1000/hw_drivers_uwb_uwb_dw1000.a(dw1000_otp.o)
                0x000000000000c90a                _dw1000_otp_read
 *fill*         0x000000000000c962        0x2 
 .text.hal_gpio_irq_handler
                0x000000000000c964       0x50 /home/joel/Capstone/uwb-apps/bin/targets/rx_stream/app/hw/mcu/nordic/nrf52xxx/hw_mcu_nordic_nrf52xxx.a(hal_gpio.o)
 .text.hal_gpio_irq_setup
                0x000000000000c9b4       0x2c /home/joel/Capstone/uwb-apps/bin/targets/rx_stream/app/hw/mcu/nordic/nrf52xxx/hw_mcu_nordic_nrf52xxx.a(hal_gpio.o)
 .text.hal_gpio_find_empty_slot
                0x000000000000c9e0       0x1c /home/joel/Capstone/uwb-apps/bin/targets/rx_stream/app/hw/mcu/nordic/nrf52xxx/hw_mcu_nordic_nrf52xxx.a(hal_gpio.o)
 .text.hal_gpio_find_pin
                0x000000000000c9fc       0x38 /home/joel/Capstone/uwb-apps/bin/targets/rx_stream/app/hw/mcu/nordic/nrf52xxx/hw_mcu_nordic_nrf52xxx.a(hal_gpio.o)
 .text.hal_gpio_init_in
                0x000000000000ca34       0x2c /home/joel/Capstone/uwb-apps/bin/targets/rx_stream/app/hw/mcu/nordic/nrf52xxx/hw_mcu_nordic_nrf52xxx.a(hal_gpio.o)
                0x000000000000ca34                hal_gpio_init_in
 .text.hal_gpio_init_out
                0x000000000000ca60       0x38 /home/joel/Capstone/uwb-apps/bin/targets/rx_stream/app/hw/mcu/nordic/nrf52xxx/hw_mcu_nordic_nrf52xxx.a(hal_gpio.o)
                0x000000000000ca60                hal_gpio_init_out
 .text.hal_gpio_write
                0x000000000000ca98       0x22 /home/joel/Capstone/uwb-apps/bin/targets/rx_stream/app/hw/mcu/nordic/nrf52xxx/hw_mcu_nordic_nrf52xxx.a(hal_gpio.o)
                0x000000000000ca98                hal_gpio_write
 .text.hal_gpio_read
                0x000000000000caba       0x34 /home/joel/Capstone/uwb-apps/bin/targets/rx_stream/app/hw/mcu/nordic/nrf52xxx/hw_mcu_nordic_nrf52xxx.a(hal_gpio.o)
                0x000000000000caba                hal_gpio_read
 *fill*         0x000000000000caee        0x2 
 .text.hal_gpio_irq_init
                0x000000000000caf0       0x78 /home/joel/Capstone/uwb-apps/bin/targets/rx_stream/app/hw/mcu/nordic/nrf52xxx/hw_mcu_nordic_nrf52xxx.a(hal_gpio.o)
                0x000000000000caf0                hal_gpio_irq_init
 .text.hal_gpio_irq_enable
                0x000000000000cb68       0x28 /home/joel/Capstone/uwb-apps/bin/targets/rx_stream/app/hw/mcu/nordic/nrf52xxx/hw_mcu_nordic_nrf52xxx.a(hal_gpio.o)
                0x000000000000cb68                hal_gpio_irq_enable
 .text.hal_gpio_irq_disable
                0x000000000000cb90       0x1c /home/joel/Capstone/uwb-apps/bin/targets/rx_stream/app/hw/mcu/nordic/nrf52xxx/hw_mcu_nordic_nrf52xxx.a(hal_gpio.o)
                0x000000000000cb90                hal_gpio_irq_disable
 .text.hal_gpio_irq_release
                0x000000000000cbac       0x3c /home/joel/Capstone/uwb-apps/bin/targets/rx_stream/app/hw/mcu/nordic/nrf52xxx/hw_mcu_nordic_nrf52xxx.a(hal_gpio.o)
                0x000000000000cbac                hal_gpio_irq_release
 .text.nrf52_irqm_handler
                0x000000000000cbe8       0x6e /home/joel/Capstone/uwb-apps/bin/targets/rx_stream/app/hw/mcu/nordic/nrf52xxx/hw_mcu_nordic_nrf52xxx.a(hal_spi.o)
 *fill*         0x000000000000cc56        0x2 
 .text.nrf52_spi0_irq_handler
                0x000000000000cc58       0x18 /home/joel/Capstone/uwb-apps/bin/targets/rx_stream/app/hw/mcu/nordic/nrf52xxx/hw_mcu_nordic_nrf52xxx.a(hal_spi.o)
                0x000000000000cc58                nrf52_spi0_irq_handler
 .text.hal_spi_stop_transfer
                0x000000000000cc70       0x14 /home/joel/Capstone/uwb-apps/bin/targets/rx_stream/app/hw/mcu/nordic/nrf52xxx/hw_mcu_nordic_nrf52xxx.a(hal_spi.o)
 .text.hal_spi_config_slave
                0x000000000000cc84       0x4a /home/joel/Capstone/uwb-apps/bin/targets/rx_stream/app/hw/mcu/nordic/nrf52xxx/hw_mcu_nordic_nrf52xxx.a(hal_spi.o)
 *fill*         0x000000000000ccce        0x2 
 .text.hal_spi_init_master
                0x000000000000ccd0       0xbc /home/joel/Capstone/uwb-apps/bin/targets/rx_stream/app/hw/mcu/nordic/nrf52xxx/hw_mcu_nordic_nrf52xxx.a(hal_spi.o)
 .text.hal_spi_config_master
                0x000000000000cd8c       0xea /home/joel/Capstone/uwb-apps/bin/targets/rx_stream/app/hw/mcu/nordic/nrf52xxx/hw_mcu_nordic_nrf52xxx.a(hal_spi.o)
 *fill*         0x000000000000ce76        0x2 
 .text.hal_spi_config
                0x000000000000ce78       0x38 /home/joel/Capstone/uwb-apps/bin/targets/rx_stream/app/hw/mcu/nordic/nrf52xxx/hw_mcu_nordic_nrf52xxx.a(hal_spi.o)
                0x000000000000ce78                hal_spi_config
 .text.hal_spi_enable
                0x000000000000ceb0       0x4c /home/joel/Capstone/uwb-apps/bin/targets/rx_stream/app/hw/mcu/nordic/nrf52xxx/hw_mcu_nordic_nrf52xxx.a(hal_spi.o)
                0x000000000000ceb0                hal_spi_enable
 .text.hal_spi_disable
                0x000000000000cefc       0x68 /home/joel/Capstone/uwb-apps/bin/targets/rx_stream/app/hw/mcu/nordic/nrf52xxx/hw_mcu_nordic_nrf52xxx.a(hal_spi.o)
                0x000000000000cefc                hal_spi_disable
 .text.hal_spi_init
                0x000000000000cf64       0x60 /home/joel/Capstone/uwb-apps/bin/targets/rx_stream/app/hw/mcu/nordic/nrf52xxx/hw_mcu_nordic_nrf52xxx.a(hal_spi.o)
                0x000000000000cf64                hal_spi_init
 .text.hal_spi_set_txrx_cb
                0x000000000000cfc4       0x2c /home/joel/Capstone/uwb-apps/bin/targets/rx_stream/app/hw/mcu/nordic/nrf52xxx/hw_mcu_nordic_nrf52xxx.a(hal_spi.o)
                0x000000000000cfc4                hal_spi_set_txrx_cb
 .text.hal_spi_txrx
                0x000000000000cff0       0xac /home/joel/Capstone/uwb-apps/bin/targets/rx_stream/app/hw/mcu/nordic/nrf52xxx/hw_mcu_nordic_nrf52xxx.a(hal_spi.o)
                0x000000000000cff0                hal_spi_txrx
 .text.hal_spi_txrx_noblock
                0x000000000000d09c       0xf8 /home/joel/Capstone/uwb-apps/bin/targets/rx_stream/app/hw/mcu/nordic/nrf52xxx/hw_mcu_nordic_nrf52xxx.a(hal_spi.o)
                0x000000000000d09c                hal_spi_txrx_noblock
 .text.timer_handler
                0x000000000000d194        0xa /home/joel/Capstone/uwb-apps/bin/targets/rx_stream/app/kernel/os/kernel_os.a(os_arch_arm.o)
                0x000000000000d194                timer_handler
 *fill*         0x000000000000d19e        0x2 
 .text.os_arch_ctx_sw
                0x000000000000d1a0       0x14 /home/joel/Capstone/uwb-apps/bin/targets/rx_stream/app/kernel/os/kernel_os.a(os_arch_arm.o)
                0x000000000000d1a0                os_arch_ctx_sw
 .text.os_arch_save_sr
                0x000000000000d1b4        0xc /home/joel/Capstone/uwb-apps/bin/targets/rx_stream/app/kernel/os/kernel_os.a(os_arch_arm.o)
                0x000000000000d1b4                os_arch_save_sr
 .text.os_arch_restore_sr
                0x000000000000d1c0        0x6 /home/joel/Capstone/uwb-apps/bin/targets/rx_stream/app/kernel/os/kernel_os.a(os_arch_arm.o)
                0x000000000000d1c0                os_arch_restore_sr
 .text.os_arch_in_critical
                0x000000000000d1c6        0xa /home/joel/Capstone/uwb-apps/bin/targets/rx_stream/app/kernel/os/kernel_os.a(os_arch_arm.o)
                0x000000000000d1c6                os_arch_in_critical
 .text.os_arch_task_stack_init
                0x000000000000d1d0       0x40 /home/joel/Capstone/uwb-apps/bin/targets/rx_stream/app/kernel/os/kernel_os.a(os_arch_arm.o)
                0x000000000000d1d0                os_arch_task_stack_init
 .text.os_arch_init
                0x000000000000d210       0x18 /home/joel/Capstone/uwb-apps/bin/targets/rx_stream/app/kernel/os/kernel_os.a(os_arch_arm.o)
                0x000000000000d210                os_arch_init
 .text.os_arch_os_init
                0x000000000000d228       0xa0 /home/joel/Capstone/uwb-apps/bin/targets/rx_stream/app/kernel/os/kernel_os.a(os_arch_arm.o)
                0x000000000000d228                os_arch_os_init
 .text.os_arch_start
                0x000000000000d2c8       0x30 /home/joel/Capstone/uwb-apps/bin/targets/rx_stream/app/kernel/os/kernel_os.a(os_arch_arm.o)
                0x000000000000d2c8                os_arch_start
 .text.os_arch_os_start
                0x000000000000d2f8       0x68 /home/joel/Capstone/uwb-apps/bin/targets/rx_stream/app/kernel/os/kernel_os.a(os_arch_arm.o)
                0x000000000000d2f8                os_arch_os_start
 .text.__assert_func
                0x000000000000d360       0x4c /home/joel/Capstone/uwb-apps/bin/targets/rx_stream/app/kernel/os/kernel_os.a(os_fault.o)
                0x000000000000d360                __assert_func
 .text.os_default_irq
                0x000000000000d3ac       0x98 /home/joel/Capstone/uwb-apps/bin/targets/rx_stream/app/kernel/os/kernel_os.a(os_fault.o)
                0x000000000000d3ac                os_default_irq
 .text.os_idle_task
                0x000000000000d444       0x78 /home/joel/Capstone/uwb-apps/bin/targets/rx_stream/app/kernel/os/kernel_os.a(os.o)
                0x000000000000d444                os_idle_task
 .text.os_main  0x000000000000d4bc       0x16 /home/joel/Capstone/uwb-apps/bin/targets/rx_stream/app/kernel/os/kernel_os.a(os.o)
 *fill*         0x000000000000d4d2        0x2 
 .text.os_started
                0x000000000000d4d4        0xc /home/joel/Capstone/uwb-apps/bin/targets/rx_stream/app/kernel/os/kernel_os.a(os.o)
                0x000000000000d4d4                os_started
 .text.os_init_idle_task
                0x000000000000d4e0       0x70 /home/joel/Capstone/uwb-apps/bin/targets/rx_stream/app/kernel/os/kernel_os.a(os.o)
                0x000000000000d4e0                os_init_idle_task
 .text.os_init  0x000000000000d550       0xc8 /home/joel/Capstone/uwb-apps/bin/targets/rx_stream/app/kernel/os/kernel_os.a(os.o)
                0x000000000000d550                os_init
 .text.os_start
                0x000000000000d618       0x1a /home/joel/Capstone/uwb-apps/bin/targets/rx_stream/app/kernel/os/kernel_os.a(os.o)
                0x000000000000d618                os_start
 .text.os_reboot
                0x000000000000d632        0x8 /home/joel/Capstone/uwb-apps/bin/targets/rx_stream/app/kernel/os/kernel_os.a(os.o)
                0x000000000000d632                os_reboot
 .text.os_system_reset
                0x000000000000d63a        0xa /home/joel/Capstone/uwb-apps/bin/targets/rx_stream/app/kernel/os/kernel_os.a(os.o)
                0x000000000000d63a                os_system_reset
 .text.os_pkg_init
                0x000000000000d644       0x38 /home/joel/Capstone/uwb-apps/bin/targets/rx_stream/app/kernel/os/kernel_os.a(os.o)
                0x000000000000d644                os_pkg_init
 .text.os_callout_init
                0x000000000000d67c       0x1a /home/joel/Capstone/uwb-apps/bin/targets/rx_stream/app/kernel/os/kernel_os.a(os_callout.o)
                0x000000000000d67c                os_callout_init
 *fill*         0x000000000000d696        0x2 
 .text.os_callout_stop
                0x000000000000d698       0x3c /home/joel/Capstone/uwb-apps/bin/targets/rx_stream/app/kernel/os/kernel_os.a(os_callout.o)
                0x000000000000d698                os_callout_stop
 .text.os_callout_reset
                0x000000000000d6d4       0x78 /home/joel/Capstone/uwb-apps/bin/targets/rx_stream/app/kernel/os/kernel_os.a(os_callout.o)
                0x000000000000d6d4                os_callout_reset
 .text.os_callout_tick
                0x000000000000d74c       0x5c /home/joel/Capstone/uwb-apps/bin/targets/rx_stream/app/kernel/os/kernel_os.a(os_callout.o)
                0x000000000000d74c                os_callout_tick
 .text.os_callout_wakeup_ticks
                0x000000000000d7a8       0x34 /home/joel/Capstone/uwb-apps/bin/targets/rx_stream/app/kernel/os/kernel_os.a(os_callout.o)
                0x000000000000d7a8                os_callout_wakeup_ticks
 .text.os_cputime_init
                0x000000000000d7dc        0xc /home/joel/Capstone/uwb-apps/bin/targets/rx_stream/app/kernel/os/kernel_os.a(os_cputime.o)
                0x000000000000d7dc                os_cputime_init
 .text.os_cputime_timer_init
                0x000000000000d7e8       0x2e /home/joel/Capstone/uwb-apps/bin/targets/rx_stream/app/kernel/os/kernel_os.a(os_cputime.o)
                0x000000000000d7e8                os_cputime_timer_init
 .text.os_cputime_get32
                0x000000000000d816        0xa /home/joel/Capstone/uwb-apps/bin/targets/rx_stream/app/kernel/os/kernel_os.a(os_cputime.o)
                0x000000000000d816                os_cputime_get32
 .text.os_cputime_timer_relative
                0x000000000000d820       0x22 /home/joel/Capstone/uwb-apps/bin/targets/rx_stream/app/kernel/os/kernel_os.a(os_cputime.o)
                0x000000000000d820                os_cputime_timer_relative
 *fill*         0x000000000000d842        0x2 
 .text.os_dev_add
                0x000000000000d844       0x5c /home/joel/Capstone/uwb-apps/bin/targets/rx_stream/app/kernel/os/kernel_os.a(os_dev.o)
 .text.os_dev_initialize
                0x000000000000d8a0       0x22 /home/joel/Capstone/uwb-apps/bin/targets/rx_stream/app/kernel/os/kernel_os.a(os_dev.o)
 .text.os_dev_init
                0x000000000000d8c2       0x30 /home/joel/Capstone/uwb-apps/bin/targets/rx_stream/app/kernel/os/kernel_os.a(os_dev.o)
 *fill*         0x000000000000d8f2        0x2 
 .text.os_dev_create
                0x000000000000d8f4       0x38 /home/joel/Capstone/uwb-apps/bin/targets/rx_stream/app/kernel/os/kernel_os.a(os_dev.o)
                0x000000000000d8f4                os_dev_create
 .text.os_dev_initialize_all
                0x000000000000d92c       0x2c /home/joel/Capstone/uwb-apps/bin/targets/rx_stream/app/kernel/os/kernel_os.a(os_dev.o)
                0x000000000000d92c                os_dev_initialize_all
 .text.os_dev_lookup
                0x000000000000d958       0x24 /home/joel/Capstone/uwb-apps/bin/targets/rx_stream/app/kernel/os/kernel_os.a(os_dev.o)
                0x000000000000d958                os_dev_lookup
 .text.os_dev_reset
                0x000000000000d97c       0x10 /home/joel/Capstone/uwb-apps/bin/targets/rx_stream/app/kernel/os/kernel_os.a(os_dev.o)
                0x000000000000d97c                os_dev_reset
 .text.os_dev_walk
                0x000000000000d98c       0x20 /home/joel/Capstone/uwb-apps/bin/targets/rx_stream/app/kernel/os/kernel_os.a(os_dev.o)
                0x000000000000d98c                os_dev_walk
 .text.os_eventq_init
                0x000000000000d9ac       0x12 /home/joel/Capstone/uwb-apps/bin/targets/rx_stream/app/kernel/os/kernel_os.a(os_eventq.o)
                0x000000000000d9ac                os_eventq_init
 .text.os_eventq_inited
                0x000000000000d9be        0xa /home/joel/Capstone/uwb-apps/bin/targets/rx_stream/app/kernel/os/kernel_os.a(os_eventq.o)
                0x000000000000d9be                os_eventq_inited
 .text.os_eventq_put
                0x000000000000d9c8       0x68 /home/joel/Capstone/uwb-apps/bin/targets/rx_stream/app/kernel/os/kernel_os.a(os_eventq.o)
                0x000000000000d9c8                os_eventq_put
 .text.os_eventq_get_no_wait
                0x000000000000da30       0x1a /home/joel/Capstone/uwb-apps/bin/targets/rx_stream/app/kernel/os/kernel_os.a(os_eventq.o)
                0x000000000000da30                os_eventq_get_no_wait
 .text.os_eventq_get
                0x000000000000da4a       0x7e /home/joel/Capstone/uwb-apps/bin/targets/rx_stream/app/kernel/os/kernel_os.a(os_eventq.o)
                0x000000000000da4a                os_eventq_get
 .text.os_eventq_run
                0x000000000000dac8       0x18 /home/joel/Capstone/uwb-apps/bin/targets/rx_stream/app/kernel/os/kernel_os.a(os_eventq.o)
                0x000000000000dac8                os_eventq_run
 .text.os_eventq_remove
                0x000000000000dae0       0x42 /home/joel/Capstone/uwb-apps/bin/targets/rx_stream/app/kernel/os/kernel_os.a(os_eventq.o)
                0x000000000000dae0                os_eventq_remove
 *fill*         0x000000000000db22        0x2 
 .text.os_eventq_dflt_get
                0x000000000000db24        0x8 /home/joel/Capstone/uwb-apps/bin/targets/rx_stream/app/kernel/os/kernel_os.a(os_eventq.o)
                0x000000000000db24                os_eventq_dflt_get
 .text.os_mempool_init_internal
                0x000000000000db2c       0x78 /home/joel/Capstone/uwb-apps/bin/targets/rx_stream/app/kernel/os/kernel_os.a(os_mempool.o)
 .text.os_mempool_init
                0x000000000000dba4       0x14 /home/joel/Capstone/uwb-apps/bin/targets/rx_stream/app/kernel/os/kernel_os.a(os_mempool.o)
                0x000000000000dba4                os_mempool_init
 .text.os_memblock_get
                0x000000000000dbb8       0x32 /home/joel/Capstone/uwb-apps/bin/targets/rx_stream/app/kernel/os/kernel_os.a(os_mempool.o)
                0x000000000000dbb8                os_memblock_get
 .text.os_memblock_put_from_cb
                0x000000000000dbea       0x1e /home/joel/Capstone/uwb-apps/bin/targets/rx_stream/app/kernel/os/kernel_os.a(os_mempool.o)
                0x000000000000dbea                os_memblock_put_from_cb
 .text.os_memblock_put
                0x000000000000dc08       0x2a /home/joel/Capstone/uwb-apps/bin/targets/rx_stream/app/kernel/os/kernel_os.a(os_mempool.o)
                0x000000000000dc08                os_memblock_put
 *fill*         0x000000000000dc32        0x2 
 .text.os_mempool_info_get_next
                0x000000000000dc34       0x34 /home/joel/Capstone/uwb-apps/bin/targets/rx_stream/app/kernel/os/kernel_os.a(os_mempool.o)
                0x000000000000dc34                os_mempool_info_get_next
 .text.os_mempool_module_init
                0x000000000000dc68       0x10 /home/joel/Capstone/uwb-apps/bin/targets/rx_stream/app/kernel/os/kernel_os.a(os_mempool.o)
                0x000000000000dc68                os_mempool_module_init
 .text.os_msys_find_biggest_pool
                0x000000000000dc78       0x10 /home/joel/Capstone/uwb-apps/bin/targets/rx_stream/app/kernel/os/kernel_os.a(os_msys.o)
 .text.os_msys_find_pool
                0x000000000000dc88       0x2c /home/joel/Capstone/uwb-apps/bin/targets/rx_stream/app/kernel/os/kernel_os.a(os_msys.o)
 .text.os_msys_register
                0x000000000000dcb4       0x4c /home/joel/Capstone/uwb-apps/bin/targets/rx_stream/app/kernel/os/kernel_os.a(os_msys.o)
                0x000000000000dcb4                os_msys_register
 .text.os_msys_init_once
                0x000000000000dd00       0x44 /home/joel/Capstone/uwb-apps/bin/targets/rx_stream/app/kernel/os/kernel_os.a(os_msys.o)
 .text.os_msys_reset
                0x000000000000dd44       0x10 /home/joel/Capstone/uwb-apps/bin/targets/rx_stream/app/kernel/os/kernel_os.a(os_msys.o)
                0x000000000000dd44                os_msys_reset
 .text.os_msys_get_pkthdr
                0x000000000000dd54       0x24 /home/joel/Capstone/uwb-apps/bin/targets/rx_stream/app/kernel/os/kernel_os.a(os_msys.o)
                0x000000000000dd54                os_msys_get_pkthdr
 .text.os_msys_init
                0x000000000000dd78       0x34 /home/joel/Capstone/uwb-apps/bin/targets/rx_stream/app/kernel/os/kernel_os.a(os_msys.o)
                0x000000000000dd78                os_msys_init
 .text.os_mutex_init
                0x000000000000ddac       0x14 /home/joel/Capstone/uwb-apps/bin/targets/rx_stream/app/kernel/os/kernel_os.a(os_mutex.o)
                0x000000000000ddac                os_mutex_init
 .text.os_mutex_release
                0x000000000000ddc0       0xb8 /home/joel/Capstone/uwb-apps/bin/targets/rx_stream/app/kernel/os/kernel_os.a(os_mutex.o)
                0x000000000000ddc0                os_mutex_release
 .text.os_mutex_pend
                0x000000000000de78       0xe0 /home/joel/Capstone/uwb-apps/bin/targets/rx_stream/app/kernel/os/kernel_os.a(os_mutex.o)
                0x000000000000de78                os_mutex_pend
 .text.os_sanity_check_list_lock
                0x000000000000df58       0x20 /home/joel/Capstone/uwb-apps/bin/targets/rx_stream/app/kernel/os/kernel_os.a(os_sanity.o)
 .text.os_sanity_check_list_unlock
                0x000000000000df78       0x1c /home/joel/Capstone/uwb-apps/bin/targets/rx_stream/app/kernel/os/kernel_os.a(os_sanity.o)
 .text.os_sanity_check_init
                0x000000000000df94       0x10 /home/joel/Capstone/uwb-apps/bin/targets/rx_stream/app/kernel/os/kernel_os.a(os_sanity.o)
                0x000000000000df94                os_sanity_check_init
 .text.os_sanity_check_register
                0x000000000000dfa4       0x20 /home/joel/Capstone/uwb-apps/bin/targets/rx_stream/app/kernel/os/kernel_os.a(os_sanity.o)
                0x000000000000dfa4                os_sanity_check_register
 .text.os_sanity_run
                0x000000000000dfc4       0x6c /home/joel/Capstone/uwb-apps/bin/targets/rx_stream/app/kernel/os/kernel_os.a(os_sanity.o)
                0x000000000000dfc4                os_sanity_run
 .text.os_sanity_init
                0x000000000000e030       0x10 /home/joel/Capstone/uwb-apps/bin/targets/rx_stream/app/kernel/os/kernel_os.a(os_sanity.o)
                0x000000000000e030                os_sanity_init
 .text.os_sched_insert
                0x000000000000e040       0x54 /home/joel/Capstone/uwb-apps/bin/targets/rx_stream/app/kernel/os/kernel_os.a(os_sched.o)
                0x000000000000e040                os_sched_insert
 .text.os_sched_ctx_sw_hook
                0x000000000000e094       0x30 /home/joel/Capstone/uwb-apps/bin/targets/rx_stream/app/kernel/os/kernel_os.a(os_sched.o)
                0x000000000000e094                os_sched_ctx_sw_hook
 .text.os_sched_get_current_task
                0x000000000000e0c4        0xc /home/joel/Capstone/uwb-apps/bin/targets/rx_stream/app/kernel/os/kernel_os.a(os_sched.o)
                0x000000000000e0c4                os_sched_get_current_task
 .text.os_sched_set_current_task
                0x000000000000e0d0        0xc /home/joel/Capstone/uwb-apps/bin/targets/rx_stream/app/kernel/os/kernel_os.a(os_sched.o)
                0x000000000000e0d0                os_sched_set_current_task
 .text.os_sched_sleep
                0x000000000000e0dc       0x90 /home/joel/Capstone/uwb-apps/bin/targets/rx_stream/app/kernel/os/kernel_os.a(os_sched.o)
                0x000000000000e0dc                os_sched_sleep
 .text.os_sched_remove
                0x000000000000e16c       0x84 /home/joel/Capstone/uwb-apps/bin/targets/rx_stream/app/kernel/os/kernel_os.a(os_sched.o)
                0x000000000000e16c                os_sched_remove
 .text.os_sched_wakeup
                0x000000000000e1f0       0x74 /home/joel/Capstone/uwb-apps/bin/targets/rx_stream/app/kernel/os/kernel_os.a(os_sched.o)
                0x000000000000e1f0                os_sched_wakeup
 .text.os_sched_os_timer_exp
                0x000000000000e264       0x3c /home/joel/Capstone/uwb-apps/bin/targets/rx_stream/app/kernel/os/kernel_os.a(os_sched.o)
                0x000000000000e264                os_sched_os_timer_exp
 .text.os_sched_wakeup_ticks
                0x000000000000e2a0       0x40 /home/joel/Capstone/uwb-apps/bin/targets/rx_stream/app/kernel/os/kernel_os.a(os_sched.o)
                0x000000000000e2a0                os_sched_wakeup_ticks
 .text.os_sched_next_task
                0x000000000000e2e0        0xc /home/joel/Capstone/uwb-apps/bin/targets/rx_stream/app/kernel/os/kernel_os.a(os_sched.o)
                0x000000000000e2e0                os_sched_next_task
 .text.os_sched
                0x000000000000e2ec       0x22 /home/joel/Capstone/uwb-apps/bin/targets/rx_stream/app/kernel/os/kernel_os.a(os_sched.o)
                0x000000000000e2ec                os_sched
 *fill*         0x000000000000e30e        0x2 
 .text.os_sched_resort
                0x000000000000e310       0x2c /home/joel/Capstone/uwb-apps/bin/targets/rx_stream/app/kernel/os/kernel_os.a(os_sched.o)
                0x000000000000e310                os_sched_resort
 .text.os_sem_init
                0x000000000000e33c       0x10 /home/joel/Capstone/uwb-apps/bin/targets/rx_stream/app/kernel/os/kernel_os.a(os_sem.o)
                0x000000000000e33c                os_sem_init
 .text.os_sem_release
                0x000000000000e34c       0x64 /home/joel/Capstone/uwb-apps/bin/targets/rx_stream/app/kernel/os/kernel_os.a(os_sem.o)
                0x000000000000e34c                os_sem_release
 .text.os_sem_pend
                0x000000000000e3b0       0xb4 /home/joel/Capstone/uwb-apps/bin/targets/rx_stream/app/kernel/os/kernel_os.a(os_sem.o)
                0x000000000000e3b0                os_sem_pend
 .text._clear_stack
                0x000000000000e464       0x18 /home/joel/Capstone/uwb-apps/bin/targets/rx_stream/app/kernel/os/kernel_os.a(os_task.o)
 .text.os_task_init
                0x000000000000e47c       0xd8 /home/joel/Capstone/uwb-apps/bin/targets/rx_stream/app/kernel/os/kernel_os.a(os_task.o)
                0x000000000000e47c                os_task_init
 .text.os_task_remove
                0x000000000000e554       0x4a /home/joel/Capstone/uwb-apps/bin/targets/rx_stream/app/kernel/os/kernel_os.a(os_task.o)
                0x000000000000e554                os_task_remove
 *fill*         0x000000000000e59e        0x2 
 .text.os_task_info_get_next
                0x000000000000e5a0       0x80 /home/joel/Capstone/uwb-apps/bin/targets/rx_stream/app/kernel/os/kernel_os.a(os_task.o)
                0x000000000000e5a0                os_task_info_get_next
 .text.os_deltatime
                0x000000000000e620       0x54 /home/joel/Capstone/uwb-apps/bin/targets/rx_stream/app/kernel/os/kernel_os.a(os_time.o)
 .text.os_time_change_notify
                0x000000000000e674       0x20 /home/joel/Capstone/uwb-apps/bin/targets/rx_stream/app/kernel/os/kernel_os.a(os_time.o)
 .text.os_time_tick
                0x000000000000e694       0x5c /home/joel/Capstone/uwb-apps/bin/targets/rx_stream/app/kernel/os/kernel_os.a(os_time.o)
 .text.os_time_get
                0x000000000000e6f0        0xc /home/joel/Capstone/uwb-apps/bin/targets/rx_stream/app/kernel/os/kernel_os.a(os_time.o)
                0x000000000000e6f0                os_time_get
 .text.os_time_advance
                0x000000000000e6fc       0x44 /home/joel/Capstone/uwb-apps/bin/targets/rx_stream/app/kernel/os/kernel_os.a(os_time.o)
                0x000000000000e6fc                os_time_advance
 .text.os_time_delay
                0x000000000000e740       0x26 /home/joel/Capstone/uwb-apps/bin/targets/rx_stream/app/kernel/os/kernel_os.a(os_time.o)
                0x000000000000e740                os_time_delay
 *fill*         0x000000000000e766        0x2 
 .text.os_gettimeofday
                0x000000000000e768       0x38 /home/joel/Capstone/uwb-apps/bin/targets/rx_stream/app/kernel/os/kernel_os.a(os_time.o)
                0x000000000000e768                os_gettimeofday
 .text.os_time_is_set
                0x000000000000e7a0       0x18 /home/joel/Capstone/uwb-apps/bin/targets/rx_stream/app/kernel/os/kernel_os.a(os_time.o)
                0x000000000000e7a0                os_time_is_set
 .text.os_time_populate_info
                0x000000000000e7b8       0x48 /home/joel/Capstone/uwb-apps/bin/targets/rx_stream/app/kernel/os/kernel_os.a(os_time.o)
 .text.os_settimeofday
                0x000000000000e800       0x74 /home/joel/Capstone/uwb-apps/bin/targets/rx_stream/app/kernel/os/kernel_os.a(os_time.o)
                0x000000000000e800                os_settimeofday
 .text.os_get_uptime
                0x000000000000e874       0x3c /home/joel/Capstone/uwb-apps/bin/targets/rx_stream/app/kernel/os/kernel_os.a(os_time.o)
                0x000000000000e874                os_get_uptime
 .text.os_get_uptime_usec
                0x000000000000e8b0       0x52 /home/joel/Capstone/uwb-apps/bin/targets/rx_stream/app/kernel/os/kernel_os.a(os_time.o)
                0x000000000000e8b0                os_get_uptime_usec
 .text.os_time_ms_to_ticks
                0x000000000000e902       0x1a /home/joel/Capstone/uwb-apps/bin/targets/rx_stream/app/kernel/os/kernel_os.a(os_time.o)
                0x000000000000e902                os_time_ms_to_ticks
 .text          0x000000000000e91c       0xe4 /home/joel/Capstone/uwb-apps/bin/targets/rx_stream/app/kernel/os/kernel_os.a(HAL_CM4.o)
                0x000000000000e91c                os_set_env
                0x000000000000e930                os_arch_init_task_stack
                0x000000000000e936                SVC_Handler
                0x000000000000e97c                PendSV_Handler
                0x000000000000e9c2                SysTick_Handler
                0x000000000000e9ce                os_default_irq_asm
 .text.os_mqueue_init
                0x000000000000ea00       0x16 /home/joel/Capstone/uwb-apps/bin/targets/rx_stream/app/kernel/os/kernel_os.a(os_mbuf.o)
                0x000000000000ea00                os_mqueue_init
 .text.os_mqueue_get
                0x000000000000ea16       0x22 /home/joel/Capstone/uwb-apps/bin/targets/rx_stream/app/kernel/os/kernel_os.a(os_mbuf.o)
                0x000000000000ea16                os_mqueue_get
 .text.os_mqueue_put
                0x000000000000ea38       0x3e /home/joel/Capstone/uwb-apps/bin/targets/rx_stream/app/kernel/os/kernel_os.a(os_mbuf.o)
                0x000000000000ea38                os_mqueue_put
 .text.os_mbuf_get
                0x000000000000ea76       0x2e /home/joel/Capstone/uwb-apps/bin/targets/rx_stream/app/kernel/os/kernel_os.a(os_mbuf.o)
                0x000000000000ea76                os_mbuf_get
 .text.os_mbuf_get_pkthdr
                0x000000000000eaa4       0x32 /home/joel/Capstone/uwb-apps/bin/targets/rx_stream/app/kernel/os/kernel_os.a(os_mbuf.o)
                0x000000000000eaa4                os_mbuf_get_pkthdr
 .text.os_mbuf_free
                0x000000000000ead6       0x14 /home/joel/Capstone/uwb-apps/bin/targets/rx_stream/app/kernel/os/kernel_os.a(os_mbuf.o)
                0x000000000000ead6                os_mbuf_free
 .text.os_mbuf_free_chain
                0x000000000000eaea       0x20 /home/joel/Capstone/uwb-apps/bin/targets/rx_stream/app/kernel/os/kernel_os.a(os_mbuf.o)
                0x000000000000eaea                os_mbuf_free_chain
 .text.os_mbuf_append
                0x000000000000eb0a       0xa8 /home/joel/Capstone/uwb-apps/bin/targets/rx_stream/app/kernel/os/kernel_os.a(os_mbuf.o)
                0x000000000000eb0a                os_mbuf_append
 .text.os_mbuf_off
                0x000000000000ebb2       0x24 /home/joel/Capstone/uwb-apps/bin/targets/rx_stream/app/kernel/os/kernel_os.a(os_mbuf.o)
                0x000000000000ebb2                os_mbuf_off
 .text.os_mbuf_copydata
                0x000000000000ebd6       0x5a /home/joel/Capstone/uwb-apps/bin/targets/rx_stream/app/kernel/os/kernel_os.a(os_mbuf.o)
                0x000000000000ebd6                os_mbuf_copydata
 .text.os_mbuf_adj
                0x000000000000ec30       0xae /home/joel/Capstone/uwb-apps/bin/targets/rx_stream/app/kernel/os/kernel_os.a(os_mbuf.o)
                0x000000000000ec30                os_mbuf_adj
 .text.os_mbuf_cmpf
                0x000000000000ecde       0x7a /home/joel/Capstone/uwb-apps/bin/targets/rx_stream/app/kernel/os/kernel_os.a(os_mbuf.o)
                0x000000000000ecde                os_mbuf_cmpf
 .text.os_mbuf_copyinto
                0x000000000000ed58       0x88 /home/joel/Capstone/uwb-apps/bin/targets/rx_stream/app/kernel/os/kernel_os.a(os_mbuf.o)
                0x000000000000ed58                os_mbuf_copyinto
 .text.os_mbuf_extend
                0x000000000000ede0       0x5c /home/joel/Capstone/uwb-apps/bin/targets/rx_stream/app/kernel/os/kernel_os.a(os_mbuf.o)
                0x000000000000ede0                os_mbuf_extend
 *fill*         0x000000000000ee3c        0x4 
 .text.tdma_superframe_slot_cb
                0x000000000000ee40       0xe8 /home/joel/Capstone/uwb-apps/bin/targets/rx_stream/app/lib/tdma/lib_tdma.a(tdma.o)
 .text.slot_timer_cb
                0x000000000000ef28       0x34 /home/joel/Capstone/uwb-apps/bin/targets/rx_stream/app/lib/tdma/lib_tdma.a(tdma.o)
 .text.superframe_cb
                0x000000000000ef5c       0x2c /home/joel/Capstone/uwb-apps/bin/targets/rx_stream/app/lib/tdma/lib_tdma.a(tdma.o)
 .text.tdma_task
                0x000000000000ef88       0x34 /home/joel/Capstone/uwb-apps/bin/targets/rx_stream/app/lib/tdma/lib_tdma.a(tdma.o)
 .text.tdma_tasks_init
                0x000000000000efbc       0x4c /home/joel/Capstone/uwb-apps/bin/targets/rx_stream/app/lib/tdma/lib_tdma.a(tdma.o)
 .text.tdma_init
                0x000000000000f008      0x14c /home/joel/Capstone/uwb-apps/bin/targets/rx_stream/app/lib/tdma/lib_tdma.a(tdma.o)
                0x000000000000f008                tdma_init
 .text.tdma_assign_slot
                0x000000000000f154       0x98 /home/joel/Capstone/uwb-apps/bin/targets/rx_stream/app/lib/tdma/lib_tdma.a(tdma.o)
                0x000000000000f154                tdma_assign_slot
 .text.tdma_release_slot
                0x000000000000f1ec       0x3e /home/joel/Capstone/uwb-apps/bin/targets/rx_stream/app/lib/tdma/lib_tdma.a(tdma.o)
                0x000000000000f1ec                tdma_release_slot
 .text.tdma_stop
                0x000000000000f22a       0x32 /home/joel/Capstone/uwb-apps/bin/targets/rx_stream/app/lib/tdma/lib_tdma.a(tdma.o)
                0x000000000000f22a                tdma_stop
 .text.tdma_free
                0x000000000000f25c       0x3e /home/joel/Capstone/uwb-apps/bin/targets/rx_stream/app/lib/tdma/lib_tdma.a(tdma.o)
                0x000000000000f25c                tdma_free
 .text.tdma_rx_slot_start
                0x000000000000f29a       0x5c /home/joel/Capstone/uwb-apps/bin/targets/rx_stream/app/lib/tdma/lib_tdma.a(tdma.o)
                0x000000000000f29a                tdma_rx_slot_start
 *fill*         0x000000000000f2f6        0x2 
 .text.tdma_tx_slot_start
                0x000000000000f2f8       0x50 /home/joel/Capstone/uwb-apps/bin/targets/rx_stream/app/lib/tdma/lib_tdma.a(tdma.o)
                0x000000000000f2f8                tdma_tx_slot_start
 .text.tdma_pkg_init
                0x000000000000f348       0x30 /home/joel/Capstone/uwb-apps/bin/targets/rx_stream/app/lib/tdma/lib_tdma.a(tdma.o)
                0x000000000000f348                tdma_pkg_init
 .text.tdma_pkg_down
                0x000000000000f378       0x3c /home/joel/Capstone/uwb-apps/bin/targets/rx_stream/app/lib/tdma/lib_tdma.a(tdma.o)
                0x000000000000f378                tdma_pkg_down
 *fill*         0x000000000000f3b4        0x4 
 .text.adjust_for_epoch_to_rm
                0x000000000000f3b8       0x68 /home/joel/Capstone/uwb-apps/bin/targets/rx_stream/app/lib/uwb_ccp/lib_uwb_ccp.a(uwb_ccp.o)
 .text.reset_cb
                0x000000000000f420       0x2e /home/joel/Capstone/uwb-apps/bin/targets/rx_stream/app/lib/uwb_ccp/lib_uwb_ccp.a(uwb_ccp.o)
 .text.error_cb
                0x000000000000f44e       0x54 /home/joel/Capstone/uwb-apps/bin/targets/rx_stream/app/lib/uwb_ccp/lib_uwb_ccp.a(uwb_ccp.o)
 .text.rx_timeout_cb
                0x000000000000f4a2       0x4a /home/joel/Capstone/uwb-apps/bin/targets/rx_stream/app/lib/uwb_ccp/lib_uwb_ccp.a(uwb_ccp.o)
 .text.ccp_timer_irq
                0x000000000000f4ec       0x1e /home/joel/Capstone/uwb-apps/bin/targets/rx_stream/app/lib/uwb_ccp/lib_uwb_ccp.a(uwb_ccp.o)
 *fill*         0x000000000000f50a        0x6 
 .text.tx_complete_cb
                0x000000000000f510      0x1b4 /home/joel/Capstone/uwb-apps/bin/targets/rx_stream/app/lib/uwb_ccp/lib_uwb_ccp.a(uwb_ccp.o)
 .text.ccp_task
                0x000000000000f6c4        0xe /home/joel/Capstone/uwb-apps/bin/targets/rx_stream/app/lib/uwb_ccp/lib_uwb_ccp.a(uwb_ccp.o)
 *fill*         0x000000000000f6d2        0x2 
 .text.ccp_tasks_init
                0x000000000000f6d4       0x4c /home/joel/Capstone/uwb-apps/bin/targets/rx_stream/app/lib/uwb_ccp/lib_uwb_ccp.a(uwb_ccp.o)
 .text.ccp_timer_init
                0x000000000000f720       0x7c /home/joel/Capstone/uwb-apps/bin/targets/rx_stream/app/lib/uwb_ccp/lib_uwb_ccp.a(uwb_ccp.o)
 *fill*         0x000000000000f79c        0x4 
 .text.ccp_listen
                0x000000000000f7a0      0x138 /home/joel/Capstone/uwb-apps/bin/targets/rx_stream/app/lib/uwb_ccp/lib_uwb_ccp.a(uwb_ccp.o)
 .text.ccp_slave_timer_ev_cb
                0x000000000000f8d8      0x1b8 /home/joel/Capstone/uwb-apps/bin/targets/rx_stream/app/lib/uwb_ccp/lib_uwb_ccp.a(uwb_ccp.o)
 .text.ccp_send
                0x000000000000fa90      0x280 /home/joel/Capstone/uwb-apps/bin/targets/rx_stream/app/lib/uwb_ccp/lib_uwb_ccp.a(uwb_ccp.o)
 .text.ccp_master_timer_ev_cb
                0x000000000000fd10       0xb8 /home/joel/Capstone/uwb-apps/bin/targets/rx_stream/app/lib/uwb_ccp/lib_uwb_ccp.a(uwb_ccp.o)
 .text.uwb_ccp_init
                0x000000000000fdc8      0x1e4 /home/joel/Capstone/uwb-apps/bin/targets/rx_stream/app/lib/uwb_ccp/lib_uwb_ccp.a(uwb_ccp.o)
                0x000000000000fdc8                uwb_ccp_init
 .text.uwb_ccp_free
                0x000000000000ffac       0x72 /home/joel/Capstone/uwb-apps/bin/targets/rx_stream/app/lib/uwb_ccp/lib_uwb_ccp.a(uwb_ccp.o)
                0x000000000000ffac                uwb_ccp_free
 .text.uwb_ccp_start
                0x000000000001001e       0xf4 /home/joel/Capstone/uwb-apps/bin/targets/rx_stream/app/lib/uwb_ccp/lib_uwb_ccp.a(uwb_ccp.o)
                0x000000000001001e                uwb_ccp_start
 .text.uwb_ccp_stop
                0x0000000000010112       0x54 /home/joel/Capstone/uwb-apps/bin/targets/rx_stream/app/lib/uwb_ccp/lib_uwb_ccp.a(uwb_ccp.o)
                0x0000000000010112                uwb_ccp_stop
 *fill*         0x0000000000010166        0x2 
 .text.uwb_ccp_skew_compensation_ui64
                0x0000000000010168       0x38 /home/joel/Capstone/uwb-apps/bin/targets/rx_stream/app/lib/uwb_ccp/lib_uwb_ccp.a(uwb_ccp.o)
                0x0000000000010168                uwb_ccp_skew_compensation_ui64
 .text.rx_complete_cb
                0x00000000000101a0      0x498 /home/joel/Capstone/uwb-apps/bin/targets/rx_stream/app/lib/uwb_ccp/lib_uwb_ccp.a(uwb_ccp.o)
 .text.uwb_ccp_pkg_init
                0x0000000000010638       0x30 /home/joel/Capstone/uwb-apps/bin/targets/rx_stream/app/lib/uwb_ccp/lib_uwb_ccp.a(uwb_ccp.o)
                0x0000000000010638                uwb_ccp_pkg_init
 .text.uwb_ccp_pkg_down
                0x0000000000010668       0x3c /home/joel/Capstone/uwb-apps/bin/targets/rx_stream/app/lib/uwb_ccp/lib_uwb_ccp.a(uwb_ccp.o)
                0x0000000000010668                uwb_ccp_pkg_down
 .text.extension_signal_tx
                0x00000000000106a4       0x1e /home/joel/Capstone/uwb-apps/bin/targets/rx_stream/app/lib/uwb_transport/lib_uwb_transport.a(uwb_transport.o)
 .text.reset_cb
                0x00000000000106c2       0x38 /home/joel/Capstone/uwb-apps/bin/targets/rx_stream/app/lib/uwb_transport/lib_uwb_transport.a(uwb_transport.o)
 .text.rx_timeout_cb
                0x00000000000106fa       0x2a /home/joel/Capstone/uwb-apps/bin/targets/rx_stream/app/lib/uwb_transport/lib_uwb_transport.a(uwb_transport.o)
 .text.tx_complete_cb
                0x0000000000010724       0x26 /home/joel/Capstone/uwb-apps/bin/targets/rx_stream/app/lib/uwb_transport/lib_uwb_transport.a(uwb_transport.o)
 .text.tx_begins_cb
                0x000000000001074a       0x16 /home/joel/Capstone/uwb-apps/bin/targets/rx_stream/app/lib/uwb_transport/lib_uwb_transport.a(uwb_transport.o)
 .text.rx_complete_cb
                0x0000000000010760      0x146 /home/joel/Capstone/uwb-apps/bin/targets/rx_stream/app/lib/uwb_transport/lib_uwb_transport.a(uwb_transport.o)
 *fill*         0x00000000000108a6        0x2 
 .text.uwb_transport_create_mbuf_pool
                0x00000000000108a8       0x64 /home/joel/Capstone/uwb-apps/bin/targets/rx_stream/app/lib/uwb_transport/lib_uwb_transport.a(uwb_transport.o)
                0x00000000000108a8                uwb_transport_create_mbuf_pool
 .text.uwb_transport_init
                0x000000000001090c       0xa8 /home/joel/Capstone/uwb-apps/bin/targets/rx_stream/app/lib/uwb_transport/lib_uwb_transport.a(uwb_transport.o)
                0x000000000001090c                uwb_transport_init
 .text.uwb_transport_get_extension
                0x00000000000109b4       0x24 /home/joel/Capstone/uwb-apps/bin/targets/rx_stream/app/lib/uwb_transport/lib_uwb_transport.a(uwb_transport.o)
                0x00000000000109b4                uwb_transport_get_extension
 .text.uwb_transport_process_rx_queue
                0x00000000000109d8       0x3a /home/joel/Capstone/uwb-apps/bin/targets/rx_stream/app/lib/uwb_transport/lib_uwb_transport.a(uwb_transport.o)
 .text.uwb_transport_append_extension
                0x0000000000010a12       0x32 /home/joel/Capstone/uwb-apps/bin/targets/rx_stream/app/lib/uwb_transport/lib_uwb_transport.a(uwb_transport.o)
                0x0000000000010a12                uwb_transport_append_extension
 .text.uwb_transport_listen
                0x0000000000010a44       0xee /home/joel/Capstone/uwb-apps/bin/targets/rx_stream/app/lib/uwb_transport/lib_uwb_transport.a(uwb_transport.o)
                0x0000000000010a44                uwb_transport_listen
 *fill*         0x0000000000010b32        0x2 
 .text.uwb_transport_write_tx
                0x0000000000010b34      0x128 /home/joel/Capstone/uwb-apps/bin/targets/rx_stream/app/lib/uwb_transport/lib_uwb_transport.a(uwb_transport.o)
                0x0000000000010b34                uwb_transport_write_tx
 .text.uwb_transport_start_tx
                0x0000000000010c5c       0x5e /home/joel/Capstone/uwb-apps/bin/targets/rx_stream/app/lib/uwb_transport/lib_uwb_transport.a(uwb_transport.o)