Archive member included to satisfy reference by file (symbol)

/home/joel/Capstone/uwb-apps/bin/targets/nrng_tag/app/hw/bsp/dwm1001/hw_bsp_dwm1001.a(gcc_startup_nrf52.o)
                              (Reset_Handler)
/home/joel/Capstone/uwb-apps/bin/targets/nrng_tag/app/hw/bsp/dwm1001/hw_bsp_dwm1001.a(sbrk.o)
                              /home/joel/Capstone/uwb-apps/bin/targets/nrng_tag/app/hw/bsp/dwm1001/hw_bsp_dwm1001.a(gcc_startup_nrf52.o) (_sbrkInit)
/home/joel/Capstone/uwb-apps/bin/targets/nrng_tag/app/hw/mcu/nordic/nrf52xxx/hw_mcu_nordic_nrf52xxx.a(hal_system.o)
                              /home/joel/Capstone/uwb-apps/bin/targets/nrng_tag/app/hw/bsp/dwm1001/hw_bsp_dwm1001.a(gcc_startup_nrf52.o) (hal_system_init)
/home/joel/Capstone/uwb-apps/bin/targets/nrng_tag/app/hw/mcu/nordic/nrf52xxx/hw_mcu_nordic_nrf52xxx.a(system_nrf52.o)
                              /home/joel/Capstone/uwb-apps/bin/targets/nrng_tag/app/hw/bsp/dwm1001/hw_bsp_dwm1001.a(gcc_startup_nrf52.o) (SystemInit)
/home/joel/Capstone/uwb-apps/bin/targets/nrng_tag/app/libc/baselibc/libc_baselibc.a(start.o)
                              /home/joel/Capstone/uwb-apps/bin/targets/nrng_tag/app/hw/bsp/dwm1001/hw_bsp_dwm1001.a(gcc_startup_nrf52.o) (_start)
/home/joel/Capstone/uwb-apps/bin/targets/nrng_tag/app/apps/twr_nranges_tdma/apps_twr_nranges_tdma.a(main.o)
                              /home/joel/Capstone/uwb-apps/bin/targets/nrng_tag/app/libc/baselibc/libc_baselibc.a(start.o) (main)
/home/joel/Capstone/uwb-apps/bin/targets/nrng_tag/app/hw/cmsis-core/hw_cmsis-core.a(cmsis_nvic.o)
                              /home/joel/Capstone/uwb-apps/bin/targets/nrng_tag/app/hw/mcu/nordic/nrf52xxx/hw_mcu_nordic_nrf52xxx.a(system_nrf52.o) (NVIC_Relocate)
/home/joel/Capstone/uwb-apps/bin/targets/nrng_tag/app/hw/drivers/uwb/hw_drivers_uwb.a(uwb.o)
                              /home/joel/Capstone/uwb-apps/bin/targets/nrng_tag/app/apps/twr_nranges_tdma/apps_twr_nranges_tdma.a(main.o) (uwb_dev_idx_lookup)
/home/joel/Capstone/uwb-apps/bin/targets/nrng_tag/app/hw/mcu/nordic/nrf52xxx/hw_mcu_nordic_nrf52xxx.a(hal_gpio.o)
                              /home/joel/Capstone/uwb-apps/bin/targets/nrng_tag/app/apps/twr_nranges_tdma/apps_twr_nranges_tdma.a(main.o) (hal_gpio_init_out)
/home/joel/Capstone/uwb-apps/bin/targets/nrng_tag/app/kernel/os/kernel_os.a(os_fault.o)
                              /home/joel/Capstone/uwb-apps/bin/targets/nrng_tag/app/apps/twr_nranges_tdma/apps_twr_nranges_tdma.a(main.o) (__assert_func)
/home/joel/Capstone/uwb-apps/bin/targets/nrng_tag/app/kernel/os/kernel_os.a(os.o)
                              /home/joel/Capstone/uwb-apps/bin/targets/nrng_tag/app/libc/baselibc/libc_baselibc.a(start.o) (os_init)
/home/joel/Capstone/uwb-apps/bin/targets/nrng_tag/app/kernel/os/kernel_os.a(os_callout.o)
                              /home/joel/Capstone/uwb-apps/bin/targets/nrng_tag/app/kernel/os/kernel_os.a(os.o) (os_callout_wakeup_ticks)
/home/joel/Capstone/uwb-apps/bin/targets/nrng_tag/app/kernel/os/kernel_os.a(os_cputime.o)
                              /home/joel/Capstone/uwb-apps/bin/targets/nrng_tag/app/apps/twr_nranges_tdma/apps_twr_nranges_tdma.a(main.o) (os_cputime_get32)
/home/joel/Capstone/uwb-apps/bin/targets/nrng_tag/app/kernel/os/kernel_os.a(os_cputime_1mhz.o)
                              /home/joel/Capstone/uwb-apps/bin/targets/nrng_tag/app/kernel/os/kernel_os.a(os_cputime.o) (os_cputime_nsecs_to_ticks)
/home/joel/Capstone/uwb-apps/bin/targets/nrng_tag/app/kernel/os/kernel_os.a(os_dev.o)
                              /home/joel/Capstone/uwb-apps/bin/targets/nrng_tag/app/kernel/os/kernel_os.a(os.o) (os_dev_initialize_all)
/home/joel/Capstone/uwb-apps/bin/targets/nrng_tag/app/kernel/os/kernel_os.a(os_eventq.o)
                              /home/joel/Capstone/uwb-apps/bin/targets/nrng_tag/app/hw/drivers/uwb/hw_drivers_uwb.a(uwb.o) (os_eventq_init)
/home/joel/Capstone/uwb-apps/bin/targets/nrng_tag/app/kernel/os/kernel_os.a(os_mempool.o)
                              /home/joel/Capstone/uwb-apps/bin/targets/nrng_tag/app/kernel/os/kernel_os.a(os.o) (os_mempool_module_init)
/home/joel/Capstone/uwb-apps/bin/targets/nrng_tag/app/kernel/os/kernel_os.a(os_msys.o)
                              /home/joel/Capstone/uwb-apps/bin/targets/nrng_tag/app/kernel/os/kernel_os.a(os.o) (os_msys_init)
/home/joel/Capstone/uwb-apps/bin/targets/nrng_tag/app/kernel/os/kernel_os.a(os_sanity.o)
                              /home/joel/Capstone/uwb-apps/bin/targets/nrng_tag/app/kernel/os/kernel_os.a(os.o) (os_sanity_run)
/home/joel/Capstone/uwb-apps/bin/targets/nrng_tag/app/kernel/os/kernel_os.a(os_sched.o)
                              /home/joel/Capstone/uwb-apps/bin/targets/nrng_tag/app/kernel/os/kernel_os.a(os_eventq.o) (os_sched_get_current_task)
/home/joel/Capstone/uwb-apps/bin/targets/nrng_tag/app/kernel/os/kernel_os.a(os_sem.o)
[...]
Memory Configuration

Name             Origin             Length             Attributes
FLASH            0x0000000000008000 0x000000000003a000 xr
RAM              0x0000000020000000 0x0000000000010000 xrw
*default*        0x0000000000000000 0xffffffffffffffff

Linker script and memory map

START GROUP
LOAD /home/joel/Capstone/uwb-apps/bin/targets/nrng_tag/app/apps/twr_nranges_tdma/apps_twr_nranges_tdma.a
LOAD /home/joel/Capstone/uwb-apps/bin/targets/nrng_tag/app/boot/bootutil/boot_bootutil.a
LOAD /home/joel/Capstone/uwb-apps/bin/targets/nrng_tag/app/boot/split/boot_split.a
LOAD /home/joel/Capstone/uwb-apps/bin/targets/nrng_tag/app/crypto/mbedtls/crypto_mbedtls.a
LOAD /home/joel/Capstone/uwb-apps/bin/targets/nrng_tag/app/encoding/base64/encoding_base64.a
LOAD /home/joel/Capstone/uwb-apps/bin/targets/nrng_tag/app/encoding/cborattr/encoding_cborattr.a
LOAD /home/joel/Capstone/uwb-apps/bin/targets/nrng_tag/app/encoding/tinycbor/encoding_tinycbor.a
LOAD /home/joel/Capstone/uwb-apps/bin/targets/nrng_tag/app/fs/fcb/fs_fcb.a
LOAD /home/joel/Capstone/uwb-apps/bin/targets/nrng_tag/app/hw/bsp/dwm1001/hw_bsp_dwm1001.a
LOAD /home/joel/Capstone/uwb-apps/bin/targets/nrng_tag/app/hw/cmsis-core/hw_cmsis-core.a
LOAD /home/joel/Capstone/uwb-apps/bin/targets/nrng_tag/app/hw/drivers/uart/hw_drivers_uart.a
LOAD /home/joel/Capstone/uwb-apps/bin/targets/nrng_tag/app/hw/drivers/uart/uart_hal/hw_drivers_uart_uart_hal.a
LOAD /home/joel/Capstone/uwb-apps/bin/targets/nrng_tag/app/hw/drivers/uwb/hw_drivers_uwb.a
LOAD /home/joel/Capstone/uwb-apps/bin/targets/nrng_tag/app/hw/drivers/uwb/uwb_dw1000/hw_drivers_uwb_uwb_dw1000.a
LOAD /home/joel/Capstone/uwb-apps/bin/targets/nrng_tag/app/hw/hal/hw_hal.a
LOAD /home/joel/Capstone/uwb-apps/bin/targets/nrng_tag/app/hw/mcu/nordic/hw_mcu_nordic.a
LOAD /home/joel/Capstone/uwb-apps/bin/targets/nrng_tag/app/hw/mcu/nordic/nrf52xxx/hw_mcu_nordic_nrf52xxx.a
LOAD /home/joel/Capstone/uwb-apps/bin/targets/nrng_tag/app/kernel/os/kernel_os.a
LOAD /home/joel/Capstone/uwb-apps/bin/targets/nrng_tag/app/lib/dsp/lib_dsp.a
LOAD /home/joel/Capstone/uwb-apps/bin/targets/nrng_tag/app/lib/euclid/lib_euclid.a
LOAD /home/joel/Capstone/uwb-apps/bin/targets/nrng_tag/app/lib/json/lib_json.a
LOAD /home/joel/Capstone/uwb-apps/bin/targets/nrng_tag/app/lib/nmgr_uwb/lib_nmgr_uwb.a
LOAD /home/joel/Capstone/uwb-apps/bin/targets/nrng_tag/app/lib/nrng/lib_nrng.a
LOAD /home/joel/Capstone/uwb-apps/bin/targets/nrng_tag/app/lib/pan_utils/lib_pan_utils.a
LOAD /home/joel/Capstone/uwb-apps/bin/targets/nrng_tag/app/lib/panmaster/lib_panmaster.a
LOAD /home/joel/Capstone/uwb-apps/bin/targets/nrng_tag/app/lib/rng_math/lib_rng_math.a
LOAD /home/joel/Capstone/uwb-apps/bin/targets/nrng_tag/app/lib/survey/lib_survey.a
LOAD /home/joel/Capstone/uwb-apps/bin/targets/nrng_tag/app/lib/tdma/lib_tdma.a
LOAD /home/joel/Capstone/uwb-apps/bin/targets/nrng_tag/app/lib/timescale/timescale_m4_hardfloat/libtimescale_core.a
LOAD /home/joel/Capstone/uwb-apps/bin/targets/nrng_tag/app/lib/twr_ss_nrng/lib_twr_ss_nrng.a
LOAD /home/joel/Capstone/uwb-apps/bin/targets/nrng_tag/app/lib/uwb_ccp/lib_uwb_ccp.a
LOAD /home/joel/Capstone/uwb-apps/bin/targets/nrng_tag/app/lib/uwb_pan/lib_uwb_pan.a
LOAD /home/joel/Capstone/uwb-apps/bin/targets/nrng_tag/app/lib/uwb_rng/lib_uwb_rng.a
LOAD /home/joel/Capstone/uwb-apps/bin/targets/nrng_tag/app/lib/uwb_wcs/lib_uwb_wcs.a
LOAD /home/joel/Capstone/uwb-apps/bin/targets/nrng_tag/app/libc/baselibc/libc_baselibc.a
LOAD /home/joel/Capstone/uwb-apps/bin/targets/nrng_tag/app/mgmt/bcast_ota/mgmt_bcast_ota.a
LOAD /home/joel/Capstone/uwb-apps/bin/targets/nrng_tag/app/mgmt/imgmgr/mgmt_imgmgr.a
LOAD /home/joel/Capstone/uwb-apps/bin/targets/nrng_tag/app/mgmt/mgmt/mgmt_mgmt.a
LOAD /home/joel/Capstone/uwb-apps/bin/targets/nrng_tag/app/mgmt/newtmgr/mgmt_newtmgr.a
LOAD /home/joel/Capstone/uwb-apps/bin/targets/nrng_tag/app/mgmt/newtmgr/nmgr_os/mgmt_newtmgr_nmgr_os.a
LOAD /home/joel/Capstone/uwb-apps/bin/targets/nrng_tag/app/net/ip/mn_socket/net_ip_mn_socket.a
LOAD /home/joel/Capstone/uwb-apps/bin/targets/nrng_tag/app/porting/dpl_lib/porting_dpl_lib.a
LOAD /home/joel/Capstone/uwb-apps/bin/targets/nrng_tag/app/sys/config/sys_config.a
LOAD /home/joel/Capstone/uwb-apps/bin/targets/nrng_tag/app/sys/console/full/sys_console_full.a
LOAD /home/joel/Capstone/uwb-apps/bin/targets/nrng_tag/app/sys/flash_map/sys_flash_map.a
LOAD /home/joel/Capstone/uwb-apps/bin/targets/nrng_tag/app/sys/log/full/sys_log_full.a
LOAD /home/joel/Capstone/uwb-apps/bin/targets/nrng_tag/app/sys/log/modlog/sys_log_modlog.a
LOAD /home/joel/Capstone/uwb-apps/bin/targets/nrng_tag/app/sys/mfg/sys_mfg.a
LOAD /home/joel/Capstone/uwb-apps/bin/targets/nrng_tag/app/sys/reboot/sys_reboot.a
LOAD /home/joel/Capstone/uwb-apps/bin/targets/nrng_tag/app/sys/shell/sys_shell.a
LOAD /home/joel/Capstone/uwb-apps/bin/targets/nrng_tag/app/sys/stats/full/sys_stats_full.a
LOAD /home/joel/Capstone/uwb-apps/bin/targets/nrng_tag/app/sys/sysdown/sys_sysdown.a
LOAD /home/joel/Capstone/uwb-apps/bin/targets/nrng_tag/app/sys/sysinit/sys_sysinit.a
LOAD /home/joel/Capstone/uwb-apps/bin/targets/nrng_tag/app/sys/uwbcfg/sys_uwbcfg.a
LOAD /home/joel/Capstone/uwb-apps/bin/targets/nrng_tag/app/time/datetime/time_datetime.a
LOAD /home/joel/Capstone/uwb-apps/bin/targets/nrng_tag/app/util/cbmem/util_cbmem.a
LOAD /home/joel/Capstone/uwb-apps/bin/targets/nrng_tag/app/util/crc/util_crc.a
LOAD /home/joel/Capstone/uwb-apps/bin/targets/nrng_tag/app/util/mem/util_mem.a
LOAD /home/joel/Capstone/uwb-apps/bin/targets/nrng_tag/app/util/parse/util_parse.a
LOAD /home/joel/Capstone/uwb-apps/bin/targets/nrng_tag/app/util/rwlock/util_rwlock.a
LOAD /home/joel/Capstone/uwb-apps/bin/targets/nrng_tag/app/util/streamer/util_streamer.a
LOAD /home/joel/Capstone/uwb-apps/bin/targets/nrng_tag/generated/bin/nrng_tag-sysinit-app.a
END GROUP
LOAD /usr/lib/gcc/arm-none-eabi/10.3.1/thumb/v7e-m+fp/hard/libgcc.a
LOAD /usr/lib/gcc/arm-none-eabi/10.3.1/../../../arm-none-eabi/lib/thumb/v7e-m+fp/hard/libm.a
START GROUP
LOAD /usr/lib/gcc/arm-none-eabi/10.3.1/thumb/v7e-m+fp/hard/libgcc.a
LOAD /usr/lib/gcc/arm-none-eabi/10.3.1/../../../arm-none-eabi/lib/thumb/v7e-m+fp/hard/libg.a
LOAD /usr/lib/gcc/arm-none-eabi/10.3.1/../../../arm-none-eabi/lib/thumb/v7e-m+fp/hard/libc.a
END GROUP
START GROUP
LOAD /usr/lib/gcc/arm-none-eabi/10.3.1/thumb/v7e-m+fp/hard/libgcc.a
LOAD /usr/lib/gcc/arm-none-eabi/10.3.1/../../../arm-none-eabi/lib/thumb/v7e-m+fp/hard/libc.a
LOAD /usr/lib/gcc/arm-none-eabi/10.3.1/../../../arm-none-eabi/lib/thumb/v7e-m+fp/hard/libnosys.a
END GROUP
                0x0000000000000020                _imghdr_size = 0x20

.imghdr         0x0000000000008000       0x20
                0x0000000000008020                . = (. + _imghdr_size)
 *fill*         0x0000000000008000       0x20 
                0x0000000000008020                __text = .

.text           0x0000000000008020    0x212b0
                0x0000000000008020                __isr_vector_start = .
 *(.isr_vector)
 .isr_vector    0x0000000000008020       0xd8 /home/joel/Capstone/uwb-apps/bin/targets/nrng_tag/app/hw/bsp/dwm1001/hw_bsp_dwm1001.a(gcc_startup_nrf52.o)
                0x0000000000008020                __isr_vector
                0x00000000000080f8                __isr_vector_end = .
 *(.text*)
 .text          0x00000000000080f8       0x70 /home/joel/Capstone/uwb-apps/bin/targets/nrng_tag/app/hw/bsp/dwm1001/hw_bsp_dwm1001.a(gcc_startup_nrf52.o)
                0x00000000000080f8                Reset_Handler
                0x0000000000008154                NMI_Handler
                0x0000000000008156                HardFault_Handler
                0x0000000000008158                MemoryManagement_Handler
                0x000000000000815a                BusFault_Handler
                0x000000000000815c                UsageFault_Handler
                0x0000000000008164                TIMER2_IRQHandler
                0x0000000000008164                RTC0_IRQHandler
                0x0000000000008164                SWI0_EGU0_IRQHandler
                0x0000000000008164                SWI2_EGU2_IRQHandler
                0x0000000000008164                GPIOTE_IRQHandler
                0x0000000000008164                PWM1_IRQHandler
                0x0000000000008164                POWER_CLOCK_IRQHandler
                0x0000000000008164                RADIO_IRQHandler
                0x0000000000008164                PDM_IRQHandler
                0x0000000000008164                TEMP_IRQHandler
                0x0000000000008164                QDEC_IRQHandler
                0x0000000000008164                TIMER3_IRQHandler
                0x0000000000008164                SPIM0_SPIS0_TWIM0_TWIS0_SPI0_TWI0_IRQHandler
                0x0000000000008164                UARTE0_UART0_IRQHandler
                0x0000000000008164                TIMER4_IRQHandler
                0x0000000000008164                I2S_IRQHandler
                0x0000000000008164                SWI4_EGU4_IRQHandler
                0x0000000000008164                TIMER0_IRQHandler
                0x0000000000008164                TIMER1_IRQHandler
                0x0000000000008164                PWM2_IRQHandler
                0x0000000000008164                ECB_IRQHandler
                0x0000000000008164                SPIM1_SPIS1_TWIM1_TWIS1_SPI1_TWI1_IRQHandler
                0x0000000000008164                Default_Handler
                0x0000000000008164                SAADC_IRQHandler
                0x0000000000008164                CCM_AAR_IRQHandler
                0x0000000000008164                WDT_IRQHandler
                0x0000000000008164                SWI5_EGU5_IRQHandler
                0x0000000000008164                RNG_IRQHandler
                0x0000000000008164                RTC2_IRQHandler
                0x0000000000008164                PWM0_IRQHandler
                0x0000000000008164                SWI3_EGU3_IRQHandler
                0x0000000000008164                RTC1_IRQHandler
                0x0000000000008164                SWI1_EGU1_IRQHandler
                0x0000000000008164                SPIM2_SPIS2_SPI2_IRQHandler
                0x0000000000008164                NFCT_IRQHandler
                0x0000000000008164                MWU_IRQHandler
                0x0000000000008164                COMP_LPCOMP_IRQHandler
 .text._sbrkInit
                0x0000000000008168       0x10 /home/joel/Capstone/uwb-apps/bin/targets/nrng_tag/app/hw/bsp/dwm1001/hw_bsp_dwm1001.a(sbrk.o)
                0x0000000000008168                _sbrkInit
 .text._sbrk    0x0000000000008178       0x3c /home/joel/Capstone/uwb-apps/bin/targets/nrng_tag/app/hw/bsp/dwm1001/hw_bsp_dwm1001.a(sbrk.o)
                0x0000000000008178                _sbrk
 .text.hal_system_init
                0x00000000000081b4        0xc /home/joel/Capstone/uwb-apps/bin/targets/nrng_tag/app/hw/mcu/nordic/nrf52xxx/hw_mcu_nordic_nrf52xxx.a(hal_system.o)
                0x00000000000081b4                hal_system_init
 .text.hal_debugger_connected
                0x00000000000081c0       0x10 /home/joel/Capstone/uwb-apps/bin/targets/nrng_tag/app/hw/mcu/nordic/nrf52xxx/hw_mcu_nordic_nrf52xxx.a(hal_system.o)
                0x00000000000081c0                hal_debugger_connected
 .text.hal_system_reset
                0x00000000000081d0       0x2c /home/joel/Capstone/uwb-apps/bin/targets/nrng_tag/app/hw/mcu/nordic/nrf52xxx/hw_mcu_nordic_nrf52xxx.a(hal_system.o)
                0x00000000000081d0                hal_system_reset
 .text.hal_system_clock_start
                0x00000000000081fc       0x4c /home/joel/Capstone/uwb-apps/bin/targets/nrng_tag/app/hw/mcu/nordic/nrf52xxx/hw_mcu_nordic_nrf52xxx.a(hal_system.o)
                0x00000000000081fc                hal_system_clock_start
 .text.errata_16
                0x0000000000008248       0x3a /home/joel/Capstone/uwb-apps/bin/targets/nrng_tag/app/hw/mcu/nordic/nrf52xxx/hw_mcu_nordic_nrf52xxx.a(system_nrf52.o)
 .text.errata_31
                0x0000000000008282       0x4a /home/joel/Capstone/uwb-apps/bin/targets/nrng_tag/app/hw/mcu/nordic/nrf52xxx/hw_mcu_nordic_nrf52xxx.a(system_nrf52.o)
 .text.errata_32
                0x00000000000082cc       0x3a /home/joel/Capstone/uwb-apps/bin/targets/nrng_tag/app/hw/mcu/nordic/nrf52xxx/hw_mcu_nordic_nrf52xxx.a(system_nrf52.o)
 .text.errata_36
                0x0000000000008306       0x4a /home/joel/Capstone/uwb-apps/bin/targets/nrng_tag/app/hw/mcu/nordic/nrf52xxx/hw_mcu_nordic_nrf52xxx.a(system_nrf52.o)
 .text.errata_37
                0x0000000000008350       0x3a /home/joel/Capstone/uwb-apps/bin/targets/nrng_tag/app/hw/mcu/nordic/nrf52xxx/hw_mcu_nordic_nrf52xxx.a(system_nrf52.o)
 .text.errata_57
                0x000000000000838a       0x3a /home/joel/Capstone/uwb-apps/bin/targets/nrng_tag/app/hw/mcu/nordic/nrf52xxx/hw_mcu_nordic_nrf52xxx.a(system_nrf52.o)
 .text.errata_66
                0x00000000000083c4       0x3a /home/joel/Capstone/uwb-apps/bin/targets/nrng_tag/app/hw/mcu/nordic/nrf52xxx/hw_mcu_nordic_nrf52xxx.a(system_nrf52.o)
 .text.errata_108
                0x00000000000083fe       0x4a /home/joel/Capstone/uwb-apps/bin/targets/nrng_tag/app/hw/mcu/nordic/nrf52xxx/hw_mcu_nordic_nrf52xxx.a(system_nrf52.o)
 .text.SystemCoreClockUpdate
                0x0000000000008448       0x10 /home/joel/Capstone/uwb-apps/bin/targets/nrng_tag/app/hw/mcu/nordic/nrf52xxx/hw_mcu_nordic_nrf52xxx.a(system_nrf52.o)
                0x0000000000008448                SystemCoreClockUpdate
 .text.SystemInit
                0x0000000000008458      0x1d8 /home/joel/Capstone/uwb-apps/bin/targets/nrng_tag/app/hw/mcu/nordic/nrf52xxx/hw_mcu_nordic_nrf52xxx.a(system_nrf52.o)
                0x0000000000008458                SystemInit
 .text._start   0x0000000000008630       0x14 /home/joel/Capstone/uwb-apps/bin/targets/nrng_tag/app/libc/baselibc/libc_baselibc.a(start.o)
                0x0000000000008630                _start
 .text._init    0x0000000000008644        0x2 /home/joel/Capstone/uwb-apps/bin/targets/nrng_tag/app/libc/baselibc/libc_baselibc.a(start.o)
                0x0000000000008644                _init
 *fill*         0x0000000000008646        0x2 
 .text.uwb_config_updated_cb
                0x0000000000008648       0x50 /home/joel/Capstone/uwb-apps/bin/targets/nrng_tag/app/apps/twr_nranges_tdma/apps_twr_nranges_tdma.a(main.o)
                0x0000000000008648                uwb_config_updated_cb
 .text.pan_complete_cb
                0x0000000000008698       0x5c /home/joel/Capstone/uwb-apps/bin/targets/nrng_tag/app/apps/twr_nranges_tdma/apps_twr_nranges_tdma.a(main.o)
 .text.slot_cb  0x00000000000086f4      0x178 /home/joel/Capstone/uwb-apps/bin/targets/nrng_tag/app/apps/twr_nranges_tdma/apps_twr_nranges_tdma.a(main.o)
 *fill*         0x000000000000886c        0x4 
 .text.tof_comp_cb
                0x0000000000008870       0x28 /home/joel/Capstone/uwb-apps/bin/targets/nrng_tag/app/apps/twr_nranges_tdma/apps_twr_nranges_tdma.a(main.o)
 .text.complete_cb
                0x0000000000008898       0x24 /home/joel/Capstone/uwb-apps/bin/targets/nrng_tag/app/apps/twr_nranges_tdma/apps_twr_nranges_tdma.a(main.o)
 .text.nrng_complete_cb
                0x00000000000088bc       0x5c /home/joel/Capstone/uwb-apps/bin/targets/nrng_tag/app/apps/twr_nranges_tdma/apps_twr_nranges_tdma.a(main.o)
 .text.main     0x0000000000008918      0x318 /home/joel/Capstone/uwb-apps/bin/targets/nrng_tag/app/apps/twr_nranges_tdma/apps_twr_nranges_tdma.a(main.o)
                0x0000000000008918                main
 .text.NVIC_Relocate
                0x0000000000008c30       0x34 /home/joel/Capstone/uwb-apps/bin/targets/nrng_tag/app/hw/cmsis-core/hw_cmsis-core.a(cmsis_nvic.o)
                0x0000000000008c30                NVIC_Relocate
 .text.uwb_interrupt_task
                0x0000000000008c64        0xe /home/joel/Capstone/uwb-apps/bin/targets/nrng_tag/app/hw/drivers/uwb/hw_drivers_uwb.a(uwb.o)
 *fill*         0x0000000000008c72        0x2 
 .text.uwb_dev_idx_lookup
                0x0000000000008c74       0x60 /home/joel/Capstone/uwb-apps/bin/targets/nrng_tag/app/hw/drivers/uwb/hw_drivers_uwb.a(uwb.o)
                0x0000000000008c74                uwb_dev_idx_lookup
 .text.uwb_mac_append_interface
                0x0000000000008cd4       0x4a /home/joel/Capstone/uwb-apps/bin/targets/nrng_tag/app/hw/drivers/uwb/hw_drivers_uwb.a(uwb.o)
                0x0000000000008cd4                uwb_mac_append_interface
 .text.uwb_mac_remove_interface
                0x0000000000008d1e       0x3e /home/joel/Capstone/uwb-apps/bin/targets/nrng_tag/app/hw/drivers/uwb/hw_drivers_uwb.a(uwb.o)
                0x0000000000008d1e                uwb_mac_remove_interface
 .text.uwb_mac_get_interface
                0x0000000000008d5c       0x22 /home/joel/Capstone/uwb-apps/bin/targets/nrng_tag/app/hw/drivers/uwb/hw_drivers_uwb.a(uwb.o)
                0x0000000000008d5c                uwb_mac_get_interface
 .text.uwb_mac_find_cb_inst_ptr
                0x0000000000008d7e       0x10 /home/joel/Capstone/uwb-apps/bin/targets/nrng_tag/app/hw/drivers/uwb/hw_drivers_uwb.a(uwb.o)
                0x0000000000008d7e                uwb_mac_find_cb_inst_ptr
 *fill*         0x0000000000008d8e        0x2 
 .text.uwb_task_init
                0x0000000000008d90       0x74 /home/joel/Capstone/uwb-apps/bin/targets/nrng_tag/app/hw/drivers/uwb/hw_drivers_uwb.a(uwb.o)
                0x0000000000008d90                uwb_task_init
 .text.uwb_task_deinit
                0x0000000000008e04       0x18 /home/joel/Capstone/uwb-apps/bin/targets/nrng_tag/app/hw/drivers/uwb/hw_drivers_uwb.a(uwb.o)
                0x0000000000008e04                uwb_task_deinit
 .text.uwb_dev_init
                0x0000000000008e1c       0x4a /home/joel/Capstone/uwb-apps/bin/targets/nrng_tag/app/hw/drivers/uwb/hw_drivers_uwb.a(uwb.o)
                0x0000000000008e1c                uwb_dev_init
 *fill*         0x0000000000008e66        0x2 
 .text.uwb_calc_aoa
                0x0000000000008e68       0xc0 /home/joel/Capstone/uwb-apps/bin/targets/nrng_tag/app/hw/drivers/uwb/hw_drivers_uwb.a(uwb.o)
                0x0000000000008e68                uwb_calc_aoa
 .text.hal_gpio_irq_handler
                0x0000000000008f28       0x50 /home/joel/Capstone/uwb-apps/bin/targets/nrng_tag/app/hw/mcu/nordic/nrf52xxx/hw_mcu_nordic_nrf52xxx.a(hal_gpio.o)
 .text.hal_gpio_irq_setup
                0x0000000000008f78       0x2c /home/joel/Capstone/uwb-apps/bin/targets/nrng_tag/app/hw/mcu/nordic/nrf52xxx/hw_mcu_nordic_nrf52xxx.a(hal_gpio.o)
 .text.hal_gpio_find_empty_slot
                0x0000000000008fa4       0x1c /home/joel/Capstone/uwb-apps/bin/targets/nrng_tag/app/hw/mcu/nordic/nrf52xxx/hw_mcu_nordic_nrf52xxx.a(hal_gpio.o)
 .text.hal_gpio_find_pin
                0x0000000000008fc0       0x38 /home/joel/Capstone/uwb-apps/bin/targets/nrng_tag/app/hw/mcu/nordic/nrf52xxx/hw_mcu_nordic_nrf52xxx.a(hal_gpio.o)
 .text.hal_gpio_init_in
                0x0000000000008ff8       0x2c /home/joel/Capstone/uwb-apps/bin/targets/nrng_tag/app/hw/mcu/nordic/nrf52xxx/hw_mcu_nordic_nrf52xxx.a(hal_gpio.o)
                0x0000000000008ff8                hal_gpio_init_in
 .text.hal_gpio_init_out
                0x0000000000009024       0x38 /home/joel/Capstone/uwb-apps/bin/targets/nrng_tag/app/hw/mcu/nordic/nrf52xxx/hw_mcu_nordic_nrf52xxx.a(hal_gpio.o)
                0x0000000000009024                hal_gpio_init_out
 .text.hal_gpio_write
                0x000000000000905c       0x22 /home/joel/Capstone/uwb-apps/bin/targets/nrng_tag/app/hw/mcu/nordic/nrf52xxx/hw_mcu_nordic_nrf52xxx.a(hal_gpio.o)
                0x000000000000905c                hal_gpio_write
 .text.hal_gpio_read
                0x000000000000907e       0x34 /home/joel/Capstone/uwb-apps/bin/targets/nrng_tag/app/hw/mcu/nordic/nrf52xxx/hw_mcu_nordic_nrf52xxx.a(hal_gpio.o)
                0x000000000000907e                hal_gpio_read
 .text.hal_gpio_toggle
                0x00000000000090b2       0x1a /home/joel/Capstone/uwb-apps/bin/targets/nrng_tag/app/hw/mcu/nordic/nrf52xxx/hw_mcu_nordic_nrf52xxx.a(hal_gpio.o)
                0x00000000000090b2                hal_gpio_toggle
 .text.hal_gpio_irq_init
                0x00000000000090cc       0x78 /home/joel/Capstone/uwb-apps/bin/targets/nrng_tag/app/hw/mcu/nordic/nrf52xxx/hw_mcu_nordic_nrf52xxx.a(hal_gpio.o)
                0x00000000000090cc                hal_gpio_irq_init
 .text.hal_gpio_irq_enable
                0x0000000000009144       0x28 /home/joel/Capstone/uwb-apps/bin/targets/nrng_tag/app/hw/mcu/nordic/nrf52xxx/hw_mcu_nordic_nrf52xxx.a(hal_gpio.o)
                0x0000000000009144                hal_gpio_irq_enable
 .text.hal_gpio_irq_disable
                0x000000000000916c       0x1c /home/joel/Capstone/uwb-apps/bin/targets/nrng_tag/app/hw/mcu/nordic/nrf52xxx/hw_mcu_nordic_nrf52xxx.a(hal_gpio.o)
                0x000000000000916c                hal_gpio_irq_disable
 .text.hal_gpio_irq_release
                0x0000000000009188       0x3c /home/joel/Capstone/uwb-apps/bin/targets/nrng_tag/app/hw/mcu/nordic/nrf52xxx/hw_mcu_nordic_nrf52xxx.a(hal_gpio.o)
                0x0000000000009188                hal_gpio_irq_release
 .text.__assert_func
                0x00000000000091c4       0x4c /home/joel/Capstone/uwb-apps/bin/targets/nrng_tag/app/kernel/os/kernel_os.a(os_fault.o)
                0x00000000000091c4                __assert_func
 .text.os_default_irq
                0x0000000000009210       0x98 /home/joel/Capstone/uwb-apps/bin/targets/nrng_tag/app/kernel/os/kernel_os.a(os_fault.o)
                0x0000000000009210                os_default_irq
 .text.os_idle_task
                0x00000000000092a8       0x78 /home/joel/Capstone/uwb-apps/bin/targets/nrng_tag/app/kernel/os/kernel_os.a(os.o)
                0x00000000000092a8                os_idle_task
 .text.os_main  0x0000000000009320       0x16 /home/joel/Capstone/uwb-apps/bin/targets/nrng_tag/app/kernel/os/kernel_os.a(os.o)
 *fill*         0x0000000000009336        0x2 
 .text.os_started
                0x0000000000009338        0xc /home/joel/Capstone/uwb-apps/bin/targets/nrng_tag/app/kernel/os/kernel_os.a(os.o)
                0x0000000000009338                os_started
 .text.os_init_idle_task
                0x0000000000009344       0x70 /home/joel/Capstone/uwb-apps/bin/targets/nrng_tag/app/kernel/os/kernel_os.a(os.o)
                0x0000000000009344                os_init_idle_task
 .text.os_init  0x00000000000093b4       0xb8 /home/joel/Capstone/uwb-apps/bin/targets/nrng_tag/app/kernel/os/kernel_os.a(os.o)
                0x00000000000093b4                os_init
 .text.os_start
                0x000000000000946c       0x1a /home/joel/Capstone/uwb-apps/bin/targets/nrng_tag/app/kernel/os/kernel_os.a(os.o)
                0x000000000000946c                os_start
 .text.os_reboot
                0x0000000000009486        0x8 /home/joel/Capstone/uwb-apps/bin/targets/nrng_tag/app/kernel/os/kernel_os.a(os.o)
                0x0000000000009486                os_reboot
 .text.os_system_reset
                0x000000000000948e        0xa /home/joel/Capstone/uwb-apps/bin/targets/nrng_tag/app/kernel/os/kernel_os.a(os.o)
                0x000000000000948e                os_system_reset
 .text.os_pkg_init
                0x0000000000009498       0x38 /home/joel/Capstone/uwb-apps/bin/targets/nrng_tag/app/kernel/os/kernel_os.a(os.o)
                0x0000000000009498                os_pkg_init
 .text.os_callout_init
                0x00000000000094d0       0x1a /home/joel/Capstone/uwb-apps/bin/targets/nrng_tag/app/kernel/os/kernel_os.a(os_callout.o)
                0x00000000000094d0                os_callout_init
 *fill*         0x00000000000094ea        0x2 
 .text.os_callout_stop
                0x00000000000094ec       0x3c /home/joel/Capstone/uwb-apps/bin/targets/nrng_tag/app/kernel/os/kernel_os.a(os_callout.o)
                0x00000000000094ec                os_callout_stop
 .text.os_callout_reset
                0x0000000000009528       0x78 /home/joel/Capstone/uwb-apps/bin/targets/nrng_tag/app/kernel/os/kernel_os.a(os_callout.o)
                0x0000000000009528                os_callout_reset
 .text.os_callout_tick
                0x00000000000095a0       0x5c /home/joel/Capstone/uwb-apps/bin/targets/nrng_tag/app/kernel/os/kernel_os.a(os_callout.o)
                0x00000000000095a0                os_callout_tick
 .text.os_callout_wakeup_ticks
                0x00000000000095fc       0x34 /home/joel/Capstone/uwb-apps/bin/targets/nrng_tag/app/kernel/os/kernel_os.a(os_callout.o)
                0x00000000000095fc                os_callout_wakeup_ticks
 .text.os_callout_remaining_ticks
                0x0000000000009630       0x1c /home/joel/Capstone/uwb-apps/bin/targets/nrng_tag/app/kernel/os/kernel_os.a(os_callout.o)
                0x0000000000009630                os_callout_remaining_ticks
 .text.os_cputime_init
                0x000000000000964c        0xc /home/joel/Capstone/uwb-apps/bin/targets/nrng_tag/app/kernel/os/kernel_os.a(os_cputime.o)
                0x000000000000964c                os_cputime_init
 .text.os_cputime_get32
                0x0000000000009658        0xa /home/joel/Capstone/uwb-apps/bin/targets/nrng_tag/app/kernel/os/kernel_os.a(os_cputime.o)
                0x0000000000009658                os_cputime_get32
 *fill*         0x0000000000009662        0x2 
 .text.os_dev_add
                0x0000000000009664       0x5c /home/joel/Capstone/uwb-apps/bin/targets/nrng_tag/app/kernel/os/kernel_os.a(os_dev.o)
 .text.os_dev_initialize
                0x00000000000096c0       0x22 /home/joel/Capstone/uwb-apps/bin/targets/nrng_tag/app/kernel/os/kernel_os.a(os_dev.o)
 .text.os_dev_init
                0x00000000000096e2       0x30 /home/joel/Capstone/uwb-apps/bin/targets/nrng_tag/app/kernel/os/kernel_os.a(os_dev.o)
 *fill*         0x0000000000009712        0x2 
 .text.os_dev_create
                0x0000000000009714       0x38 /home/joel/Capstone/uwb-apps/bin/targets/nrng_tag/app/kernel/os/kernel_os.a(os_dev.o)
                0x0000000000009714                os_dev_create
 .text.os_dev_initialize_all
                0x000000000000974c       0x2c /home/joel/Capstone/uwb-apps/bin/targets/nrng_tag/app/kernel/os/kernel_os.a(os_dev.o)
                0x000000000000974c                os_dev_initialize_all
 .text.os_dev_lookup
                0x0000000000009778       0x24 /home/joel/Capstone/uwb-apps/bin/targets/nrng_tag/app/kernel/os/kernel_os.a(os_dev.o)
                0x0000000000009778                os_dev_lookup
 .text.os_dev_open
                0x000000000000979c       0x44 /home/joel/Capstone/uwb-apps/bin/targets/nrng_tag/app/kernel/os/kernel_os.a(os_dev.o)
                0x000000000000979c                os_dev_open
 .text.os_dev_reset
                0x00000000000097e0       0x10 /home/joel/Capstone/uwb-apps/bin/targets/nrng_tag/app/kernel/os/kernel_os.a(os_dev.o)
                0x00000000000097e0                os_dev_reset
 .text.os_dev_walk
                0x00000000000097f0       0x20 /home/joel/Capstone/uwb-apps/bin/targets/nrng_tag/app/kernel/os/kernel_os.a(os_dev.o)
                0x00000000000097f0                os_dev_walk
 .text.os_eventq_init
                0x0000000000009810       0x12 /home/joel/Capstone/uwb-apps/bin/targets/nrng_tag/app/kernel/os/kernel_os.a(os_eventq.o)
                0x0000000000009810                os_eventq_init
 .text.os_eventq_inited
                0x0000000000009822        0xa /home/joel/Capstone/uwb-apps/bin/targets/nrng_tag/app/kernel/os/kernel_os.a(os_eventq.o)
                0x0000000000009822                os_eventq_inited
 .text.os_eventq_put
                0x000000000000982c       0x68 /home/joel/Capstone/uwb-apps/bin/targets/nrng_tag/app/kernel/os/kernel_os.a(os_eventq.o)
                0x000000000000982c                os_eventq_put
 .text.os_eventq_get_no_wait
                0x0000000000009894       0x1a /home/joel/Capstone/uwb-apps/bin/targets/nrng_tag/app/kernel/os/kernel_os.a(os_eventq.o)
                0x0000000000009894                os_eventq_get_no_wait
 .text.os_eventq_get
                0x00000000000098ae       0x7e /home/joel/Capstone/uwb-apps/bin/targets/nrng_tag/app/kernel/os/kernel_os.a(os_eventq.o)
                0x00000000000098ae                os_eventq_get
 .text.os_eventq_run
                0x000000000000992c       0x18 /home/joel/Capstone/uwb-apps/bin/targets/nrng_tag/app/kernel/os/kernel_os.a(os_eventq.o)
                0x000000000000992c                os_eventq_run
 .text.os_eventq_remove
                0x0000000000009944       0x42 /home/joel/Capstone/uwb-apps/bin/targets/nrng_tag/app/kernel/os/kernel_os.a(os_eventq.o)
                0x0000000000009944                os_eventq_remove
 *fill*         0x0000000000009986        0x2 
 .text.os_eventq_dflt_get
                0x0000000000009988        0x8 /home/joel/Capstone/uwb-apps/bin/targets/nrng_tag/app/kernel/os/kernel_os.a(os_eventq.o)
                0x0000000000009988                os_eventq_dflt_get
 .text.os_mempool_init_internal
                0x0000000000009990       0x78 /home/joel/Capstone/uwb-apps/bin/targets/nrng_tag/app/kernel/os/kernel_os.a(os_mempool.o)
 .text.os_mempool_init
                0x0000000000009a08       0x14 /home/joel/Capstone/uwb-apps/bin/targets/nrng_tag/app/kernel/os/kernel_os.a(os_mempool.o)
                0x0000000000009a08                os_mempool_init
 .text.os_memblock_get
                0x0000000000009a1c       0x32 /home/joel/Capstone/uwb-apps/bin/targets/nrng_tag/app/kernel/os/kernel_os.a(os_mempool.o)
                0x0000000000009a1c                os_memblock_get
 .text.os_memblock_put_from_cb
                0x0000000000009a4e       0x1e /home/joel/Capstone/uwb-apps/bin/targets/nrng_tag/app/kernel/os/kernel_os.a(os_mempool.o)
                0x0000000000009a4e                os_memblock_put_from_cb
 .text.os_memblock_put
                0x0000000000009a6c       0x2a /home/joel/Capstone/uwb-apps/bin/targets/nrng_tag/app/kernel/os/kernel_os.a(os_mempool.o)
                0x0000000000009a6c                os_memblock_put
 *fill*         0x0000000000009a96        0x2 
 .text.os_mempool_info_get_next
                0x0000000000009a98       0x34 /home/joel/Capstone/uwb-apps/bin/targets/nrng_tag/app/kernel/os/kernel_os.a(os_mempool.o)
                0x0000000000009a98                os_mempool_info_get_next
 .text.os_mempool_module_init
                0x0000000000009acc       0x10 /home/joel/Capstone/uwb-apps/bin/targets/nrng_tag/app/kernel/os/kernel_os.a(os_mempool.o)
                0x0000000000009acc                os_mempool_module_init
 .text.os_msys_find_biggest_pool
                0x0000000000009adc       0x10 /home/joel/Capstone/uwb-apps/bin/targets/nrng_tag/app/kernel/os/kernel_os.a(os_msys.o)
 .text.os_msys_find_pool
                0x0000000000009aec       0x2c /home/joel/Capstone/uwb-apps/bin/targets/nrng_tag/app/kernel/os/kernel_os.a(os_msys.o)
 .text.os_msys_register
                0x0000000000009b18       0x4c /home/joel/Capstone/uwb-apps/bin/targets/nrng_tag/app/kernel/os/kernel_os.a(os_msys.o)
                0x0000000000009b18                os_msys_register
 .text.os_msys_init_once
                0x0000000000009b64       0x44 /home/joel/Capstone/uwb-apps/bin/targets/nrng_tag/app/kernel/os/kernel_os.a(os_msys.o)
 .text.os_msys_reset
                0x0000000000009ba8       0x10 /home/joel/Capstone/uwb-apps/bin/targets/nrng_tag/app/kernel/os/kernel_os.a(os_msys.o)
                0x0000000000009ba8                os_msys_reset
 .text.os_msys_get_pkthdr
                0x0000000000009bb8       0x24 /home/joel/Capstone/uwb-apps/bin/targets/nrng_tag/app/kernel/os/kernel_os.a(os_msys.o)
                0x0000000000009bb8                os_msys_get_pkthdr
 .text.os_msys_count
                0x0000000000009bdc       0x1c /home/joel/Capstone/uwb-apps/bin/targets/nrng_tag/app/kernel/os/kernel_os.a(os_msys.o)
                0x0000000000009bdc                os_msys_count
 .text.os_msys_num_free
                0x0000000000009bf8       0x1c /home/joel/Capstone/uwb-apps/bin/targets/nrng_tag/app/kernel/os/kernel_os.a(os_msys.o)
                0x0000000000009bf8                os_msys_num_free
 .text.os_msys_init
                0x0000000000009c14       0x34 /home/joel/Capstone/uwb-apps/bin/targets/nrng_tag/app/kernel/os/kernel_os.a(os_msys.o)
                0x0000000000009c14                os_msys_init
 .text.os_sanity_check_list_lock
                0x0000000000009c48       0x20 /home/joel/Capstone/uwb-apps/bin/targets/nrng_tag/app/kernel/os/kernel_os.a(os_sanity.o)
 .text.os_sanity_check_list_unlock
                0x0000000000009c68       0x1c /home/joel/Capstone/uwb-apps/bin/targets/nrng_tag/app/kernel/os/kernel_os.a(os_sanity.o)
 .text.os_sanity_check_init
                0x0000000000009c84       0x10 /home/joel/Capstone/uwb-apps/bin/targets/nrng_tag/app/kernel/os/kernel_os.a(os_sanity.o)
                0x0000000000009c84                os_sanity_check_init
 .text.os_sanity_check_register
                0x0000000000009c94       0x20 /home/joel/Capstone/uwb-apps/bin/targets/nrng_tag/app/kernel/os/kernel_os.a(os_sanity.o)
                0x0000000000009c94                os_sanity_check_register
 .text.os_sanity_check_reset
                0x0000000000009cb4       0x18 /home/joel/Capstone/uwb-apps/bin/targets/nrng_tag/app/kernel/os/kernel_os.a(os_sanity.o)
                0x0000000000009cb4                os_sanity_check_reset
 .text.os_sanity_task_checkin
                0x0000000000009ccc       0x18 /home/joel/Capstone/uwb-apps/bin/targets/nrng_tag/app/kernel/os/kernel_os.a(os_sanity.o)
                0x0000000000009ccc                os_sanity_task_checkin
 .text.os_sanity_run
                0x0000000000009ce4       0x6c /home/joel/Capstone/uwb-apps/bin/targets/nrng_tag/app/kernel/os/kernel_os.a(os_sanity.o)
                0x0000000000009ce4                os_sanity_run
 .text.os_sanity_init
                0x0000000000009d50       0x10 /home/joel/Capstone/uwb-apps/bin/targets/nrng_tag/app/kernel/os/kernel_os.a(os_sanity.o)
                0x0000000000009d50                os_sanity_init
 .text.os_sched_insert
                0x0000000000009d60       0x54 /home/joel/Capstone/uwb-apps/bin/targets/nrng_tag/app/kernel/os/kernel_os.a(os_sched.o)
                0x0000000000009d60                os_sched_insert
 .text.os_sched_ctx_sw_hook
                0x0000000000009db4       0x30 /home/joel/Capstone/uwb-apps/bin/targets/nrng_tag/app/kernel/os/kernel_os.a(os_sched.o)
                0x0000000000009db4                os_sched_ctx_sw_hook
 .text.os_sched_get_current_task
                0x0000000000009de4        0xc /home/joel/Capstone/uwb-apps/bin/targets/nrng_tag/app/kernel/os/kernel_os.a(os_sched.o)
                0x0000000000009de4                os_sched_get_current_task
 .text.os_sched_set_current_task
                0x0000000000009df0        0xc /home/joel/Capstone/uwb-apps/bin/targets/nrng_tag/app/kernel/os/kernel_os.a(os_sched.o)
                0x0000000000009df0                os_sched_set_current_task
 .text.os_sched_sleep
                0x0000000000009dfc       0x90 /home/joel/Capstone/uwb-apps/bin/targets/nrng_tag/app/kernel/os/kernel_os.a(os_sched.o)
                0x0000000000009dfc                os_sched_sleep
 .text.os_sched_remove
                0x0000000000009e8c       0x84 /home/joel/Capstone/uwb-apps/bin/targets/nrng_tag/app/kernel/os/kernel_os.a(os_sched.o)
                0x0000000000009e8c                os_sched_remove
 .text.os_sched_wakeup
                0x0000000000009f10       0x74 /home/joel/Capstone/uwb-apps/bin/targets/nrng_tag/app/kernel/os/kernel_os.a(os_sched.o)
                0x0000000000009f10                os_sched_wakeup
 .text.os_sched_os_timer_exp
                0x0000000000009f84       0x3c /home/joel/Capstone/uwb-apps/bin/targets/nrng_tag/app/kernel/os/kernel_os.a(os_sched.o)
                0x0000000000009f84                os_sched_os_timer_exp
 .text.os_sched_wakeup_ticks
                0x0000000000009fc0       0x40 /home/joel/Capstone/uwb-apps/bin/targets/nrng_tag/app/kernel/os/kernel_os.a(os_sched.o)
                0x0000000000009fc0                os_sched_wakeup_ticks
 .text.os_sched_next_task
                0x000000000000a000        0xc /home/joel/Capstone/uwb-apps/bin/targets/nrng_tag/app/kernel/os/kernel_os.a(os_sched.o)
                0x000000000000a000                os_sched_next_task
 .text.os_sched
                0x000000000000a00c       0x22 /home/joel/Capstone/uwb-apps/bin/targets/nrng_tag/app/kernel/os/kernel_os.a(os_sched.o)
                0x000000000000a00c                os_sched
 *fill*         0x000000000000a02e        0x2 
 .text.os_sched_resort
                0x000000000000a030       0x2c /home/joel/Capstone/uwb-apps/bin/targets/nrng_tag/app/kernel/os/kernel_os.a(os_sched.o)
                0x000000000000a030                os_sched_resort
 .text.os_sem_init
                0x000000000000a05c       0x10 /home/joel/Capstone/uwb-apps/bin/targets/nrng_tag/app/kernel/os/kernel_os.a(os_sem.o)
                0x000000000000a05c                os_sem_init
 .text.os_sem_release
                0x000000000000a06c       0x64 /home/joel/Capstone/uwb-apps/bin/targets/nrng_tag/app/kernel/os/kernel_os.a(os_sem.o)
                0x000000000000a06c                os_sem_release
 .text.os_sem_pend
                0x000000000000a0d0       0xb4 /home/joel/Capstone/uwb-apps/bin/targets/nrng_tag/app/kernel/os/kernel_os.a(os_sem.o)
                0x000000000000a0d0                os_sem_pend
 .text._clear_stack
                0x000000000000a184       0x18 /home/joel/Capstone/uwb-apps/bin/targets/nrng_tag/app/kernel/os/kernel_os.a(os_task.o)
 .text.os_task_init
                0x000000000000a19c       0xd8 /home/joel/Capstone/uwb-apps/bin/targets/nrng_tag/app/kernel/os/kernel_os.a(os_task.o)
                0x000000000000a19c                os_task_init
 .text.os_task_remove
                0x000000000000a274       0x4a /home/joel/Capstone/uwb-apps/bin/targets/nrng_tag/app/kernel/os/kernel_os.a(os_task.o)
                0x000000000000a274                os_task_remove
 *fill*         0x000000000000a2be        0x2 
 .text.os_task_info_get_next
                0x000000000000a2c0       0x80 /home/joel/Capstone/uwb-apps/bin/targets/nrng_tag/app/kernel/os/kernel_os.a(os_task.o)
                0x000000000000a2c0                os_task_info_get_next
 .text.os_deltatime
                0x000000000000a340       0x54 /home/joel/Capstone/uwb-apps/bin/targets/nrng_tag/app/kernel/os/kernel_os.a(os_time.o)
 .text.os_time_change_notify
                0x000000000000a394       0x20 /home/joel/Capstone/uwb-apps/bin/targets/nrng_tag/app/kernel/os/kernel_os.a(os_time.o)
 .text.os_time_tick
                0x000000000000a3b4       0x5c /home/joel/Capstone/uwb-apps/bin/targets/nrng_tag/app/kernel/os/kernel_os.a(os_time.o)
 .text.os_time_get
                0x000000000000a410        0xc /home/joel/Capstone/uwb-apps/bin/targets/nrng_tag/app/kernel/os/kernel_os.a(os_time.o)
                0x000000000000a410                os_time_get
 .text.os_time_advance
                0x000000000000a41c       0x44 /home/joel/Capstone/uwb-apps/bin/targets/nrng_tag/app/kernel/os/kernel_os.a(os_time.o)
                0x000000000000a41c                os_time_advance
 .text.os_time_delay
                0x000000000000a460       0x26 /home/joel/Capstone/uwb-apps/bin/targets/nrng_tag/app/kernel/os/kernel_os.a(os_time.o)
                0x000000000000a460                os_time_delay
 *fill*         0x000000000000a486        0x2 
 .text.os_gettimeofday
                0x000000000000a488       0x38 /home/joel/Capstone/uwb-apps/bin/targets/nrng_tag/app/kernel/os/kernel_os.a(os_time.o)
                0x000000000000a488                os_gettimeofday
 .text.os_time_is_set
                0x000000000000a4c0       0x18 /home/joel/Capstone/uwb-apps/bin/targets/nrng_tag/app/kernel/os/kernel_os.a(os_time.o)
                0x000000000000a4c0                os_time_is_set
 .text.os_time_populate_info
                0x000000000000a4d8       0x48 /home/joel/Capstone/uwb-apps/bin/targets/nrng_tag/app/kernel/os/kernel_os.a(os_time.o)
 .text.os_settimeofday
                0x000000000000a520       0x74 /home/joel/Capstone/uwb-apps/bin/targets/nrng_tag/app/kernel/os/kernel_os.a(os_time.o)
                0x000000000000a520                os_settimeofday
 .text.os_get_uptime
                0x000000000000a594       0x3c /home/joel/Capstone/uwb-apps/bin/targets/nrng_tag/app/kernel/os/kernel_os.a(os_time.o)
                0x000000000000a594                os_get_uptime
 .text.os_get_uptime_usec
                0x000000000000a5d0       0x52 /home/joel/Capstone/uwb-apps/bin/targets/nrng_tag/app/kernel/os/kernel_os.a(os_time.o)
                0x000000000000a5d0                os_get_uptime_usec
 .text.os_time_ms_to_ticks
                0x000000000000a622       0x1a /home/joel/Capstone/uwb-apps/bin/targets/nrng_tag/app/kernel/os/kernel_os.a(os_time.o)
                0x000000000000a622                os_time_ms_to_ticks
 .text.timer_handler
                0x000000000000a63c        0xa /home/joel/Capstone/uwb-apps/bin/targets/nrng_tag/app/kernel/os/kernel_os.a(os_arch_arm.o)
                0x000000000000a63c                timer_handler
 *fill*         0x000000000000a646        0x2 
 .text.os_arch_ctx_sw
                0x000000000000a648       0x14 /home/joel/Capstone/uwb-apps/bin/targets/nrng_tag/app/kernel/os/kernel_os.a(os_arch_arm.o)
                0x000000000000a648                os_arch_ctx_sw
 .text.os_arch_save_sr
                0x000000000000a65c        0xc /home/joel/Capstone/uwb-apps/bin/targets/nrng_tag/app/kernel/os/kernel_os.a(os_arch_arm.o)
                0x000000000000a65c                os_arch_save_sr
 .text.os_arch_restore_sr
                0x000000000000a668        0x6 /home/joel/Capstone/uwb-apps/bin/targets/nrng_tag/app/kernel/os/kernel_os.a(os_arch_arm.o)
                0x000000000000a668                os_arch_restore_sr
 .text.os_arch_in_critical
                0x000000000000a66e        0xa /home/joel/Capstone/uwb-apps/bin/targets/nrng_tag/app/kernel/os/kernel_os.a(os_arch_arm.o)
                0x000000000000a66e                os_arch_in_critical
 .text.os_arch_task_stack_init
                0x000000000000a678       0x40 /home/joel/Capstone/uwb-apps/bin/targets/nrng_tag/app/kernel/os/kernel_os.a(os_arch_arm.o)
                0x000000000000a678                os_arch_task_stack_init
 .text.os_arch_init
                0x000000000000a6b8       0x18 /home/joel/Capstone/uwb-apps/bin/targets/nrng_tag/app/kernel/os/kernel_os.a(os_arch_arm.o)
                0x000000000000a6b8                os_arch_init
 .text.os_arch_os_init
                0x000000000000a6d0       0xa0 /home/joel/Capstone/uwb-apps/bin/targets/nrng_tag/app/kernel/os/kernel_os.a(os_arch_arm.o)
                0x000000000000a6d0                os_arch_os_init
 .text.os_arch_start
                0x000000000000a770       0x30 /home/joel/Capstone/uwb-apps/bin/targets/nrng_tag/app/kernel/os/kernel_os.a(os_arch_arm.o)
                0x000000000000a770                os_arch_start
 .text.os_arch_os_start
                0x000000000000a7a0       0x68 /home/joel/Capstone/uwb-apps/bin/targets/nrng_tag/app/kernel/os/kernel_os.a(os_arch_arm.o)
                0x000000000000a7a0                os_arch_os_start
 .text.os_mqueue_init
                0x000000000000a808       0x16 /home/joel/Capstone/uwb-apps/bin/targets/nrng_tag/app/kernel/os/kernel_os.a(os_mbuf.o)
                0x000000000000a808                os_mqueue_init
 .text.os_mqueue_get
                0x000000000000a81e       0x22 /home/joel/Capstone/uwb-apps/bin/targets/nrng_tag/app/kernel/os/kernel_os.a(os_mbuf.o)
                0x000000000000a81e                os_mqueue_get
 .text.os_mqueue_put
                0x000000000000a840       0x3e /home/joel/Capstone/uwb-apps/bin/targets/nrng_tag/app/kernel/os/kernel_os.a(os_mbuf.o)
                0x000000000000a840                os_mqueue_put
 .text.os_mbuf_get
                0x000000000000a87e       0x2e /home/joel/Capstone/uwb-apps/bin/targets/nrng_tag/app/kernel/os/kernel_os.a(os_mbuf.o)
                0x000000000000a87e                os_mbuf_get
 .text.os_mbuf_get_pkthdr
                0x000000000000a8ac       0x32 /home/joel/Capstone/uwb-apps/bin/targets/nrng_tag/app/kernel/os/kernel_os.a(os_mbuf.o)
                0x000000000000a8ac                os_mbuf_get_pkthdr
 .text.os_mbuf_free
                0x000000000000a8de       0x14 /home/joel/Capstone/uwb-apps/bin/targets/nrng_tag/app/kernel/os/kernel_os.a(os_mbuf.o)
                0x000000000000a8de                os_mbuf_free
 .text.os_mbuf_free_chain
                0x000000000000a8f2       0x20 /home/joel/Capstone/uwb-apps/bin/targets/nrng_tag/app/kernel/os/kernel_os.a(os_mbuf.o)
                0x000000000000a8f2                os_mbuf_free_chain
 .text.os_mbuf_append
                0x000000000000a912       0xa8 /home/joel/Capstone/uwb-apps/bin/targets/nrng_tag/app/kernel/os/kernel_os.a(os_mbuf.o)
                0x000000000000a912                os_mbuf_append
 .text.os_mbuf_off
                0x000000000000a9ba       0x24 /home/joel/Capstone/uwb-apps/bin/targets/nrng_tag/app/kernel/os/kernel_os.a(os_mbuf.o)
                0x000000000000a9ba                os_mbuf_off
 .text.os_mbuf_copydata
                0x000000000000a9de       0x5a /home/joel/Capstone/uwb-apps/bin/targets/nrng_tag/app/kernel/os/kernel_os.a(os_mbuf.o)
                0x000000000000a9de                os_mbuf_copydata
 .text.os_mbuf_adj
                0x000000000000aa38       0xae /home/joel/Capstone/uwb-apps/bin/targets/nrng_tag/app/kernel/os/kernel_os.a(os_mbuf.o)
                0x000000000000aa38                os_mbuf_adj
 .text.os_mbuf_cmpf
                0x000000000000aae6       0x7a /home/joel/Capstone/uwb-apps/bin/targets/nrng_tag/app/kernel/os/kernel_os.a(os_mbuf.o)
                0x000000000000aae6                os_mbuf_cmpf
 .text.os_mbuf_copyinto
                0x000000000000ab60       0x88 /home/joel/Capstone/uwb-apps/bin/targets/nrng_tag/app/kernel/os/kernel_os.a(os_mbuf.o)
                0x000000000000ab60                os_mbuf_copyinto
 .text.os_mbuf_extend
                0x000000000000abe8       0x5c /home/joel/Capstone/uwb-apps/bin/targets/nrng_tag/app/kernel/os/kernel_os.a(os_mbuf.o)
                0x000000000000abe8                os_mbuf_extend
 .text.os_mutex_init
                0x000000000000ac44       0x14 /home/joel/Capstone/uwb-apps/bin/targets/nrng_tag/app/kernel/os/kernel_os.a(os_mutex.o)
                0x000000000000ac44                os_mutex_init
 .text.os_mutex_release
                0x000000000000ac58       0xb8 /home/joel/Capstone/uwb-apps/bin/targets/nrng_tag/app/kernel/os/kernel_os.a(os_mutex.o)
                0x000000000000ac58                os_mutex_release
 .text.os_mutex_pend
                0x000000000000ad10       0xe0 /home/joel/Capstone/uwb-apps/bin/targets/nrng_tag/app/kernel/os/kernel_os.a(os_mutex.o)
                0x000000000000ad10                os_mutex_pend
 .text          0x000000000000adf0       0xe4 /home/joel/Capstone/uwb-apps/bin/targets/nrng_tag/app/kernel/os/kernel_os.a(HAL_CM4.o)
                0x000000000000adf0                os_set_env
                0x000000000000ae04                os_arch_init_task_stack
                0x000000000000ae0a                SVC_Handler
                0x000000000000ae50                PendSV_Handler
                0x000000000000ae96                SysTick_Handler
                0x000000000000aea2                os_default_irq_asm
 .text.uwb_transport
                0x000000000000aed4       0x10 /home/joel/Capstone/uwb-apps/bin/targets/nrng_tag/app/lib/nmgr_uwb/lib_nmgr_uwb.a(nmgr_uwb.o)
 .text.rx_timeout_cb
                0x000000000000aee4       0x16 /home/joel/Capstone/uwb-apps/bin/targets/nrng_tag/app/lib/nmgr_uwb/lib_nmgr_uwb.a(nmgr_uwb.o)
 .text.tx_complete_cb
                0x000000000000aefa       0x16 /home/joel/Capstone/uwb-apps/bin/targets/nrng_tag/app/lib/nmgr_uwb/lib_nmgr_uwb.a(nmgr_uwb.o)
 .text.rx_complete_cb
                0x000000000000af10      0x164 /home/joel/Capstone/uwb-apps/bin/targets/nrng_tag/app/lib/nmgr_uwb/lib_nmgr_uwb.a(nmgr_uwb.o)
 .text.nmgr_uwb_mtu
                0x000000000000b074       0x18 /home/joel/Capstone/uwb-apps/bin/targets/nrng_tag/app/lib/nmgr_uwb/lib_nmgr_uwb.a(nmgr_uwb.o)
                0x000000000000b074                nmgr_uwb_mtu
 .text.nmgr_uwb_mtu_0
                0x000000000000b08c        0xa /home/joel/Capstone/uwb-apps/bin/targets/nrng_tag/app/lib/nmgr_uwb/lib_nmgr_uwb.a(nmgr_uwb.o)
 .text.nmgr_uwb_init
                0x000000000000b096       0x58 /home/joel/Capstone/uwb-apps/bin/targets/nrng_tag/app/lib/nmgr_uwb/lib_nmgr_uwb.a(nmgr_uwb.o)
                0x000000000000b096                nmgr_uwb_init
 *fill*         0x000000000000b0ee        0x2 
 .text.nmgr_uwb_pkg_init
                0x000000000000b0f0       0x5c /home/joel/Capstone/uwb-apps/bin/targets/nrng_tag/app/lib/nmgr_uwb/lib_nmgr_uwb.a(nmgr_uwb.o)
                0x000000000000b0f0                nmgr_uwb_pkg_init
 .text.nmgr_uwb_tx
                0x000000000000b14c      0x118 /home/joel/Capstone/uwb-apps/bin/targets/nrng_tag/app/lib/nmgr_uwb/lib_nmgr_uwb.a(nmgr_uwb.o)
                0x000000000000b14c                nmgr_uwb_tx
 .text.uwb_nmgr_process_tx_queue
                0x000000000000b264       0x7e /home/joel/Capstone/uwb-apps/bin/targets/nrng_tag/app/lib/nmgr_uwb/lib_nmgr_uwb.a(nmgr_uwb.o)
                0x000000000000b264                uwb_nmgr_process_tx_queue
 *fill*         0x000000000000b2e2        0x2 
 .text.uwb_nmgr_queue_tx
                0x000000000000b2e4       0x58 /home/joel/Capstone/uwb-apps/bin/targets/nrng_tag/app/lib/nmgr_uwb/lib_nmgr_uwb.a(nmgr_uwb.o)
                0x000000000000b2e4                uwb_nmgr_queue_tx
 .text.nmgr_resp_cb
                0x000000000000b33c       0x8e /home/joel/Capstone/uwb-apps/bin/targets/nrng_tag/app/lib/nmgr_uwb/lib_nmgr_uwb.a(nmgr_uwb.o)
 .text.complete_ev_cb
                0x000000000000b3ca       0x36 /home/joel/Capstone/uwb-apps/bin/targets/nrng_tag/app/lib/nrng/lib_nrng.a(nrng.o)
 .text.complete_cb
                0x000000000000b400       0x40 /home/joel/Capstone/uwb-apps/bin/targets/nrng_tag/app/lib/nrng/lib_nrng.a(nrng.o)
 .text.nrng_get_config
                0x000000000000b440       0x24 /home/joel/Capstone/uwb-apps/bin/targets/nrng_tag/app/lib/nrng/lib_nrng.a(nrng.o)
                0x000000000000b440                nrng_get_config
 .text.nrng_append_config
                0x000000000000b464       0x32 /home/joel/Capstone/uwb-apps/bin/targets/nrng_tag/app/lib/nrng/lib_nrng.a(nrng.o)
                0x000000000000b464                nrng_append_config
 .text.nrng_config
                0x000000000000b496       0x34 /home/joel/Capstone/uwb-apps/bin/targets/nrng_tag/app/lib/nrng/lib_nrng.a(nrng.o)
                0x000000000000b496                nrng_config
 *fill*         0x000000000000b4ca        0x2 
 .text.nrng_init
                0x000000000000b4cc      0x10c /home/joel/Capstone/uwb-apps/bin/targets/nrng_tag/app/lib/nrng/lib_nrng.a(nrng.o)
                0x000000000000b4cc                nrng_init
 .text.nrng_pkg_init
                0x000000000000b5d8       0xd0 /home/joel/Capstone/uwb-apps/bin/targets/nrng_tag/app/lib/nrng/lib_nrng.a(nrng.o)
                0x000000000000b5d8                nrng_pkg_init
 .text.usecs_to_response
                0x000000000000b6a8       0x30 /home/joel/Capstone/uwb-apps/bin/targets/nrng_tag/app/lib/nrng/lib_nrng.a(nrng.o)
                0x000000000000b6a8                usecs_to_response
 .text.nrng_request
                0x000000000000b6d8      0x1d6 /home/joel/Capstone/uwb-apps/bin/targets/nrng_tag/app/lib/nrng/lib_nrng.a(nrng.o)
                0x000000000000b6d8                nrng_request
 .text.nrng_request_delay_start
                0x000000000000b8ae       0x42 /home/joel/Capstone/uwb-apps/bin/targets/nrng_tag/app/lib/nrng/lib_nrng.a(nrng.o)
                0x000000000000b8ae                nrng_request_delay_start
 .text.nrng_listen
                0x000000000000b8f0       0x8a /home/joel/Capstone/uwb-apps/bin/targets/nrng_tag/app/lib/nrng/lib_nrng.a(nrng.o)
                0x000000000000b8f0                nrng_listen
 *fill*         0x000000000000b97a        0x2 
 .text.nrng_twr_to_tof_frames
                0x000000000000b97c       0xe8 /home/joel/Capstone/uwb-apps/bin/targets/nrng_tag/app/lib/nrng/lib_nrng.a(nrng.o)
                0x000000000000b97c                nrng_twr_to_tof_frames
 .text.nrng_get_ranges
                0x000000000000ba64       0xda /home/joel/Capstone/uwb-apps/bin/targets/nrng_tag/app/lib/nrng/lib_nrng.a(nrng.o)
                0x000000000000ba64                nrng_get_ranges
 .text.nrng_get_uids
                0x000000000000bb3e       0xd6 /home/joel/Capstone/uwb-apps/bin/targets/nrng_tag/app/lib/nrng/lib_nrng.a(nrng.o)
                0x000000000000bb3e                nrng_get_uids
 .text.nrng_encode
                0x000000000000bc14      0x154 /home/joel/Capstone/uwb-apps/bin/targets/nrng_tag/app/lib/nrng/lib_nrng.a(nrng_encode.o)
                0x000000000000bc14                nrng_encode
 .text.nrng_write_line
                0x000000000000bd68       0x4c /home/joel/Capstone/uwb-apps/bin/targets/nrng_tag/app/lib/nrng/lib_nrng.a(nrng_json.o)
 .text.nrng_json_write
                0x000000000000bdb4      0x18c /home/joel/Capstone/uwb-apps/bin/targets/nrng_tag/app/lib/nrng/lib_nrng.a(nrng_json.o)
                0x000000000000bdb4                nrng_json_write
 .text.lease_expiry_cb
                0x000000000000bf40       0x64 /home/joel/Capstone/uwb-apps/bin/targets/nrng_tag/app/lib/pan_utils/lib_pan_utils.a(pan_utils.o)
                0x000000000000bf40                lease_expiry_cb
 .text.uwb_pan_set_request_cb
                0x000000000000bfa4       0x10 /home/joel/Capstone/uwb-apps/bin/targets/nrng_tag/app/lib/pan_utils/lib_pan_utils.a(pan_utils.o)
                0x000000000000bfa4                uwb_pan_set_request_cb
 .text.uwb_pan_set_postprocess
                0x000000000000bfb4       0x38 /home/joel/Capstone/uwb-apps/bin/targets/nrng_tag/app/lib/pan_utils/lib_pan_utils.a(pan_utils.o)
                0x000000000000bfb4                uwb_pan_set_postprocess
 .text.pm_conf_export
                0x000000000000bfec       0x18 /home/joel/Capstone/uwb-apps/bin/targets/nrng_tag/app/lib/panmaster/lib_panmaster.a(panmaster.o)
 .text.first_free_short_addr
                0x000000000000c004       0x50 /home/joel/Capstone/uwb-apps/bin/targets/nrng_tag/app/lib/panmaster/lib_panmaster.a(panmaster.o)
 .text.short_addr_is_free
                0x000000000000c054       0x24 /home/joel/Capstone/uwb-apps/bin/targets/nrng_tag/app/lib/panmaster/lib_panmaster.a(panmaster.o)
 .text.slot_lease_expired
                0x000000000000c078       0x4c /home/joel/Capstone/uwb-apps/bin/targets/nrng_tag/app/lib/panmaster/lib_panmaster.a(panmaster.o)
 .text.first_free_slot_id
                0x000000000000c0c4       0x74 /home/joel/Capstone/uwb-apps/bin/targets/nrng_tag/app/lib/panmaster/lib_panmaster.a(panmaster.o)
 .text.find_first_empty_nodes_to_save
                0x000000000000c138       0x58 /home/joel/Capstone/uwb-apps/bin/targets/nrng_tag/app/lib/panmaster/lib_panmaster.a(panmaster.o)
 .text.pm_conf_commit
                0x000000000000c190       0x1c /home/joel/Capstone/uwb-apps/bin/targets/nrng_tag/app/lib/panmaster/lib_panmaster.a(panmaster.o)
 .text.pm_conf_set
                0x000000000000c1ac       0x34 /home/joel/Capstone/uwb-apps/bin/targets/nrng_tag/app/lib/panmaster/lib_panmaster.a(panmaster.o)
 .text.pm_conf_get
                0x000000000000c1e0       0x28 /home/joel/Capstone/uwb-apps/bin/targets/nrng_tag/app/lib/panmaster/lib_panmaster.a(panmaster.o)
 .text.panm_init_fcb
                0x000000000000c208       0xa4 /home/joel/Capstone/uwb-apps/bin/targets/nrng_tag/app/lib/panmaster/lib_panmaster.a(panmaster.o)
 .text.panmaster_node_idx
                0x000000000000c2ac       0x10 /home/joel/Capstone/uwb-apps/bin/targets/nrng_tag/app/lib/panmaster/lib_panmaster.a(panmaster.o)
                0x000000000000c2ac                panmaster_node_idx
 .text.panmaster_find_node_general
                0x000000000000c2bc       0x10 /home/joel/Capstone/uwb-apps/bin/targets/nrng_tag/app/lib/panmaster/lib_panmaster.a(panmaster.o)
                0x000000000000c2bc                panmaster_find_node_general
 .text.panmaster_clear_list
                0x000000000000c2cc       0x34 /home/joel/Capstone/uwb-apps/bin/targets/nrng_tag/app/lib/panmaster/lib_panmaster.a(panmaster.o)
                0x000000000000c2cc                panmaster_clear_list
 .text.panmaster_idx_find_node
                0x000000000000c300      0x1d8 /home/joel/Capstone/uwb-apps/bin/targets/nrng_tag/app/lib/panmaster/lib_panmaster.a(panmaster.o)
                0x000000000000c300                panmaster_idx_find_node
 .text.panrequest_cb
                0x000000000000c4d8       0x98 /home/joel/Capstone/uwb-apps/bin/targets/nrng_tag/app/lib/panmaster/lib_panmaster.a(panmaster.o)
                0x000000000000c4d8                panrequest_cb
 .text.panmaster_load
                0x000000000000c570       0x14 /home/joel/Capstone/uwb-apps/bin/targets/nrng_tag/app/lib/panmaster/lib_panmaster.a(panmaster.o)
                0x000000000000c570                panmaster_load
 .text.panmaster_save_node
                0x000000000000c584       0x40 /home/joel/Capstone/uwb-apps/bin/targets/nrng_tag/app/lib/panmaster/lib_panmaster.a(panmaster.o)
                0x000000000000c584                panmaster_save_node
 .text.panmaster_update_node
                0x000000000000c5c4       0x84 /home/joel/Capstone/uwb-apps/bin/targets/nrng_tag/app/lib/panmaster/lib_panmaster.a(panmaster.o)
                0x000000000000c5c4                panmaster_update_node
 .text.panmaster_postprocess
                0x000000000000c648       0x94 /home/joel/Capstone/uwb-apps/bin/targets/nrng_tag/app/lib/panmaster/lib_panmaster.a(panmaster.o)
                0x000000000000c648                panmaster_postprocess
 .text.postprocess_cb
                0x000000000000c6dc       0x34 /home/joel/Capstone/uwb-apps/bin/targets/nrng_tag/app/lib/panmaster/lib_panmaster.a(panmaster.o)
                0x000000000000c6dc                postprocess_cb
 .text.panmaster_add_node
                0x000000000000c710      0x160 /home/joel/Capstone/uwb-apps/bin/targets/nrng_tag/app/lib/panmaster/lib_panmaster.a(panmaster.o)
                0x000000000000c710                panmaster_add_node
 .text.panmaster_delete_node
                0x000000000000c870       0xa4 /home/joel/Capstone/uwb-apps/bin/targets/nrng_tag/app/lib/panmaster/lib_panmaster.a(panmaster.o)
                0x000000000000c870                panmaster_delete_node
 .text.panmaster_compress
                0x000000000000c914       0x10 /home/joel/Capstone/uwb-apps/bin/targets/nrng_tag/app/lib/panmaster/lib_panmaster.a(panmaster.o)
                0x000000000000c914                panmaster_compress
 .text.panmaster_sort
                0x000000000000c924       0x1c /home/joel/Capstone/uwb-apps/bin/targets/nrng_tag/app/lib/panmaster/lib_panmaster.a(panmaster.o)
                0x000000000000c924                panmaster_sort
 .text.panmaster_pkg_init
                0x000000000000c940      0x100 /home/joel/Capstone/uwb-apps/bin/targets/nrng_tag/app/lib/panmaster/lib_panmaster.a(panmaster.o)
                0x000000000000c940                panmaster_pkg_init
 .text.dump     0x000000000000ca40       0x1c /home/joel/Capstone/uwb-apps/bin/targets/nrng_tag/app/lib/panmaster/lib_panmaster.a(panmaster_cli.o)
 .text.dump_cb  0x000000000000ca5c       0x6c /home/joel/Capstone/uwb-apps/bin/targets/nrng_tag/app/lib/panmaster/lib_panmaster.a(panmaster_cli.o)
 .text.list_nodes_blk
                0x000000000000cac8      0x258 /home/joel/Capstone/uwb-apps/bin/targets/nrng_tag/app/lib/panmaster/lib_panmaster.a(panmaster_cli.o)
 .text.panmaster_cli_cmd
                0x000000000000cd20      0x284 /home/joel/Capstone/uwb-apps/bin/targets/nrng_tag/app/lib/panmaster/lib_panmaster.a(panmaster_cli.o)
 .text.list_nodes_load_cb
                0x000000000000cfa4       0x52 /home/joel/Capstone/uwb-apps/bin/targets/nrng_tag/app/lib/panmaster/lib_panmaster.a(panmaster_cli.o)
 *fill*         0x000000000000cff6        0x2 
 .text.panmaster_cli_register
                0x000000000000cff8       0x10 /home/joel/Capstone/uwb-apps/bin/targets/nrng_tag/app/lib/panmaster/lib_panmaster.a(panmaster_cli.o)
                0x000000000000cff8                panmaster_cli_register
 .text.node_idx_load_cb
                0x000000000000d008       0x80 /home/joel/Capstone/uwb-apps/bin/targets/nrng_tag/app/lib/panmaster/lib_panmaster.a(panmaster_fcb.o)
 .text.fcb_load_cb
                0x000000000000d088       0x40 /home/joel/Capstone/uwb-apps/bin/targets/nrng_tag/app/lib/panmaster/lib_panmaster.a(panmaster_fcb.o)
 .text.find_node_load_cb
                0x000000000000d0c8       0x74 /home/joel/Capstone/uwb-apps/bin/targets/nrng_tag/app/lib/panmaster/lib_panmaster.a(panmaster_fcb.o)
 .text.sort_nodes_load_cb
                0x000000000000d13c       0x46 /home/joel/Capstone/uwb-apps/bin/targets/nrng_tag/app/lib/panmaster/lib_panmaster.a(panmaster_fcb.o)
 .text.panm_fcb_src
                0x000000000000d182       0x34 /home/joel/Capstone/uwb-apps/bin/targets/nrng_tag/app/lib/panmaster/lib_panmaster.a(panmaster_fcb.o)
                0x000000000000d182                panm_fcb_src
 *fill*         0x000000000000d1b6        0x2 
 .text.panm_fcb_load
                0x000000000000d1b8       0x24 /home/joel/Capstone/uwb-apps/bin/targets/nrng_tag/app/lib/panmaster/lib_panmaster.a(panmaster_fcb.o)
                0x000000000000d1b8                panm_fcb_load
 .text.panm_fcb_load_idx
                0x000000000000d1dc       0x10 /home/joel/Capstone/uwb-apps/bin/targets/nrng_tag/app/lib/panmaster/lib_panmaster.a(panmaster_fcb.o)
                0x000000000000d1dc                panm_fcb_load_idx
 .text.panm_fcb_find_node
                0x000000000000d1ec       0x14 /home/joel/Capstone/uwb-apps/bin/targets/nrng_tag/app/lib/panmaster/lib_panmaster.a(panmaster_fcb.o)
                0x000000000000d1ec                panm_fcb_find_node
 .text.panm_fcb_compress
                0x000000000000d200       0xc2 /home/joel/Capstone/uwb-apps/bin/targets/nrng_tag/app/lib/panmaster/lib_panmaster.a(panmaster_fcb.o)
                0x000000000000d200                panm_fcb_compress
 .text.panm_fcb_append
                0x000000000000d2c2       0x58 /home/joel/Capstone/uwb-apps/bin/targets/nrng_tag/app/lib/panmaster/lib_panmaster.a(panmaster_fcb.o)
 .text.panm_fcb_save
                0x000000000000d31a       0x10 /home/joel/Capstone/uwb-apps/bin/targets/nrng_tag/app/lib/panmaster/lib_panmaster.a(panmaster_fcb.o)
                0x000000000000d31a                panm_fcb_save
 .text.panm_fcb_clear
                0x000000000000d32a        0x8 /home/joel/Capstone/uwb-apps/bin/targets/nrng_tag/app/lib/panmaster/lib_panmaster.a(panmaster_fcb.o)
                0x000000000000d32a                panm_fcb_clear
 *fill*         0x000000000000d332        0x2 
 .text.panm_fcb_sort
                0x000000000000d334       0x90 /home/joel/Capstone/uwb-apps/bin/targets/nrng_tag/app/lib/panmaster/lib_panmaster.a(panmaster_fcb.o)
                0x000000000000d334                panm_fcb_sort
 *fill*         0x000000000000d3c4        0x4 
 .text.uwb_rng_tof_to_meters
                0x000000000000d3c8       0x48 /home/joel/Capstone/uwb-apps/bin/targets/nrng_tag/app/lib/rng_math/lib_rng_math.a(rng_math.o)
                0x000000000000d3c8                uwb_rng_tof_to_meters
 .text.calc_tof_ss
                0x000000000000d410       0x5c /home/joel/Capstone/uwb-apps/bin/targets/nrng_tag/app/lib/rng_math/lib_rng_math.a(rng_math.o)
                0x000000000000d410                calc_tof_ss
 *fill*         0x000000000000d46c        0x4 
 .text.calc_tof_ds
                0x000000000000d470       0x70 /home/joel/Capstone/uwb-apps/bin/targets/nrng_tag/app/lib/rng_math/lib_rng_math.a(rng_math.o)
                0x000000000000d470                calc_tof_ds
 .text.survey_complete_cb
                0x000000000000d4e0       0x2e /home/joel/Capstone/uwb-apps/bin/targets/nrng_tag/app/lib/survey/lib_survey.a(survey.o)
 .text.reset_cb
                0x000000000000d50e       0x30 /home/joel/Capstone/uwb-apps/bin/targets/nrng_tag/app/lib/survey/lib_survey.a(survey.o)
 .text.rx_timeout_cb
                0x000000000000d53e       0x30 /home/joel/Capstone/uwb-apps/bin/targets/nrng_tag/app/lib/survey/lib_survey.a(survey.o)
 .text.tx_complete_cb
                0x000000000000d56e       0x24 /home/joel/Capstone/uwb-apps/bin/targets/nrng_tag/app/lib/survey/lib_survey.a(survey.o)
 .text.rx_complete_cb
                0x000000000000d592      0x104 /home/joel/Capstone/uwb-apps/bin/targets/nrng_tag/app/lib/survey/lib_survey.a(survey.o)
 *fill*         0x000000000000d696        0x2 
 .text.survey_init
                0x000000000000d698      0x1b0 /home/joel/Capstone/uwb-apps/bin/targets/nrng_tag/app/lib/survey/lib_survey.a(survey.o)
                0x000000000000d698                survey_init
 .text.survey_request
                0x000000000000d848       0xf4 /home/joel/Capstone/uwb-apps/bin/targets/nrng_tag/app/lib/survey/lib_survey.a(survey.o)
                0x000000000000d848                survey_request
 .text.survey_listen
                0x000000000000d93c       0x4e /home/joel/Capstone/uwb-apps/bin/targets/nrng_tag/app/lib/survey/lib_survey.a(survey.o)
                0x000000000000d93c                survey_listen
 .text.survey_slot_range_cb
                0x000000000000d98a       0x8a /home/joel/Capstone/uwb-apps/bin/targets/nrng_tag/app/lib/survey/lib_survey.a(survey.o)
                0x000000000000d98a                survey_slot_range_cb
 .text.survey_broadcaster
                0x000000000000da14      0x17c /home/joel/Capstone/uwb-apps/bin/targets/nrng_tag/app/lib/survey/lib_survey.a(survey.o)
                0x000000000000da14                survey_broadcaster
 .text.survey_receiver
                0x000000000000db90       0xc0 /home/joel/Capstone/uwb-apps/bin/targets/nrng_tag/app/lib/survey/lib_survey.a(survey.o)
                0x000000000000db90                survey_receiver
 .text.survey_slot_broadcast_cb
                0x000000000000dc50       0xc8 /home/joel/Capstone/uwb-apps/bin/targets/nrng_tag/app/lib/survey/lib_survey.a(survey.o)
                0x000000000000dc50                survey_slot_broadcast_cb
 .text.survey_pkg_init
                0x000000000000dd18       0x24 /home/joel/Capstone/uwb-apps/bin/targets/nrng_tag/app/lib/survey/lib_survey.a(survey.o)
                0x000000000000dd18                survey_pkg_init
 .text.survey_encode
                0x000000000000dd3c      0x12a /home/joel/Capstone/uwb-apps/bin/targets/nrng_tag/app/lib/survey/lib_survey.a(survey_encode.o)
                0x000000000000dd3c                survey_encode
 *fill*         0x000000000000de66        0x2 
 .text.tdma_superframe_slot_cb
                0x000000000000de68       0xe8 /home/joel/Capstone/uwb-apps/bin/targets/nrng_tag/app/lib/tdma/lib_tdma.a(tdma.o)
 .text.slot_timer_cb
                0x000000000000df50       0x34 /home/joel/Capstone/uwb-apps/bin/targets/nrng_tag/app/lib/tdma/lib_tdma.a(tdma.o)
 .text.superframe_cb
                0x000000000000df84       0x2c /home/joel/Capstone/uwb-apps/bin/targets/nrng_tag/app/lib/tdma/lib_tdma.a(tdma.o)
 .text.tdma_task
                0x000000000000dfb0       0x40 /home/joel/Capstone/uwb-apps/bin/targets/nrng_tag/app/lib/tdma/lib_tdma.a(tdma.o)
 .text.tdma_tasks_init
                0x000000000000dff0       0x6c /home/joel/Capstone/uwb-apps/bin/targets/nrng_tag/app/lib/tdma/lib_tdma.a(tdma.o)
 .text.sanity_feeding_cb
                0x000000000000e05c       0x32 /home/joel/Capstone/uwb-apps/bin/targets/nrng_tag/app/lib/tdma/lib_tdma.a(tdma.o)
 *fill*         0x000000000000e08e        0x2 
 .text.tdma_init
                0x000000000000e090      0x14c /home/joel/Capstone/uwb-apps/bin/targets/nrng_tag/app/lib/tdma/lib_tdma.a(tdma.o)
                0x000000000000e090                tdma_init
 .text.tdma_assign_slot
                0x000000000000e1dc       0x98 /home/joel/Capstone/uwb-apps/bin/targets/nrng_tag/app/lib/tdma/lib_tdma.a(tdma.o)
                0x000000000000e1dc                tdma_assign_slot
 .text.tdma_release_slot
                0x000000000000e274       0x3e /home/joel/Capstone/uwb-apps/bin/targets/nrng_tag/app/lib/tdma/lib_tdma.a(tdma.o)
                0x000000000000e274                tdma_release_slot
 .text.tdma_stop
                0x000000000000e2b2       0x32 /home/joel/Capstone/uwb-apps/bin/targets/nrng_tag/app/lib/tdma/lib_tdma.a(tdma.o)
                0x000000000000e2b2                tdma_stop
 .text.tdma_free
                0x000000000000e2e4       0x3e /home/joel/Capstone/uwb-apps/bin/targets/nrng_tag/app/lib/tdma/lib_tdma.a(tdma.o)
                0x000000000000e2e4                tdma_free
 .text.tdma_rx_slot_start
                0x000000000000e322       0x5c /home/joel/Capstone/uwb-apps/bin/targets/nrng_tag/app/lib/tdma/lib_tdma.a(tdma.o)
                0x000000000000e322                tdma_rx_slot_start
 *fill*         0x000000000000e37e        0x2 
 .text.tdma_tx_slot_start
                0x000000000000e380       0x50 /home/joel/Capstone/uwb-apps/bin/targets/nrng_tag/app/lib/tdma/lib_tdma.a(tdma.o)
                0x000000000000e380                tdma_tx_slot_start
 .text.tdma_pkg_init
                0x000000000000e3d0       0x30 /home/joel/Capstone/uwb-apps/bin/targets/nrng_tag/app/lib/tdma/lib_tdma.a(tdma.o)
                0x000000000000e3d0                tdma_pkg_init
 .text.tdma_pkg_down
                0x000000000000e400       0x3c /home/joel/Capstone/uwb-apps/bin/targets/nrng_tag/app/lib/tdma/lib_tdma.a(tdma.o)
                0x000000000000e400                tdma_pkg_down
 *fill*         0x000000000000e43c        0x4 
 .text.adjust_for_epoch_to_rm
                0x000000000000e440       0x68 /home/joel/Capstone/uwb-apps/bin/targets/nrng_tag/app/lib/uwb_ccp/lib_uwb_ccp.a(uwb_ccp.o)
 .text.reset_cb
                0x000000000000e4a8       0x2e /home/joel/Capstone/uwb-apps/bin/targets/nrng_tag/app/lib/uwb_ccp/lib_uwb_ccp.a(uwb_ccp.o)
 .text.error_cb
                0x000000000000e4d6       0x54 /home/joel/Capstone/uwb-apps/bin/targets/nrng_tag/app/lib/uwb_ccp/lib_uwb_ccp.a(uwb_ccp.o)
 .text.rx_timeout_cb
                0x000000000000e52a       0x4a /home/joel/Capstone/uwb-apps/bin/targets/nrng_tag/app/lib/uwb_ccp/lib_uwb_ccp.a(uwb_ccp.o)
 .text.ccp_timer_irq
                0x000000000000e574       0x1e /home/joel/Capstone/uwb-apps/bin/targets/nrng_tag/app/lib/uwb_ccp/lib_uwb_ccp.a(uwb_ccp.o)
 *fill*         0x000000000000e592        0x6 
 .text.tx_complete_cb
                0x000000000000e598      0x1b4 /home/joel/Capstone/uwb-apps/bin/targets/nrng_tag/app/lib/uwb_ccp/lib_uwb_ccp.a(uwb_ccp.o)
 .text.ccp_task
                0x000000000000e74c        0xe /home/joel/Capstone/uwb-apps/bin/targets/nrng_tag/app/lib/uwb_ccp/lib_uwb_ccp.a(uwb_ccp.o)
 *fill*         0x000000000000e75a        0x2 
 .text.ccp_tasks_init
                0x000000000000e75c       0x4c /home/joel/Capstone/uwb-apps/bin/targets/nrng_tag/app/lib/uwb_ccp/lib_uwb_ccp.a(uwb_ccp.o)
 .text.ccp_timer_init
                0x000000000000e7a8       0x7c /home/joel/Capstone/uwb-apps/bin/targets/nrng_tag/app/lib/uwb_ccp/lib_uwb_ccp.a(uwb_ccp.o)
 *fill*         0x000000000000e824        0x4 
 .text.ccp_listen
                0x000000000000e828      0x138 /home/joel/Capstone/uwb-apps/bin/targets/nrng_tag/app/lib/uwb_ccp/lib_uwb_ccp.a(uwb_ccp.o)
 .text.ccp_slave_timer_ev_cb
                0x000000000000e960      0x1b8 /home/joel/Capstone/uwb-apps/bin/targets/nrng_tag/app/lib/uwb_ccp/lib_uwb_ccp.a(uwb_ccp.o)
 .text.ccp_send
                0x000000000000eb18      0x280 /home/joel/Capstone/uwb-apps/bin/targets/nrng_tag/app/lib/uwb_ccp/lib_uwb_ccp.a(uwb_ccp.o)
 .text.ccp_master_timer_ev_cb
                0x000000000000ed98       0xb8 /home/joel/Capstone/uwb-apps/bin/targets/nrng_tag/app/lib/uwb_ccp/lib_uwb_ccp.a(uwb_ccp.o)
 .text.uwb_ccp_set_tof_comp_cb
                0x000000000000ee50        0x6 /home/joel/Capstone/uwb-apps/bin/targets/nrng_tag/app/lib/uwb_ccp/lib_uwb_ccp.a(uwb_ccp.o)
                0x000000000000ee50                uwb_ccp_set_tof_comp_cb
 *fill*         0x000000000000ee56        0x2 
 .text.uwb_ccp_init
                0x000000000000ee58      0x1e4 /home/joel/Capstone/uwb-apps/bin/targets/nrng_tag/app/lib/uwb_ccp/lib_uwb_ccp.a(uwb_ccp.o)
                0x000000000000ee58                uwb_ccp_init
 .text.uwb_ccp_free
                0x000000000000f03c       0x72 /home/joel/Capstone/uwb-apps/bin/targets/nrng_tag/app/lib/uwb_ccp/lib_uwb_ccp.a(uwb_ccp.o)
                0x000000000000f03c                uwb_ccp_free
 .text.uwb_ccp_start
                0x000000000000f0ae       0xf4 /home/joel/Capstone/uwb-apps/bin/targets/nrng_tag/app/lib/uwb_ccp/lib_uwb_ccp.a(uwb_ccp.o)
                0x000000000000f0ae                uwb_ccp_start
 .text.uwb_ccp_stop
                0x000000000000f1a2       0x54 /home/joel/Capstone/uwb-apps/bin/targets/nrng_tag/app/lib/uwb_ccp/lib_uwb_ccp.a(uwb_ccp.o)
                0x000000000000f1a2                uwb_ccp_stop
 *fill*         0x000000000000f1f6        0x2 
 .text.uwb_ccp_skew_compensation_ui64
                0x000000000000f1f8       0x38 /home/joel/Capstone/uwb-apps/bin/targets/nrng_tag/app/lib/uwb_ccp/lib_uwb_ccp.a(uwb_ccp.o)
                0x000000000000f1f8                uwb_ccp_skew_compensation_ui64
 .text.rx_complete_cb
                0x000000000000f230      0x498 /home/joel/Capstone/uwb-apps/bin/targets/nrng_tag/app/lib/uwb_ccp/lib_uwb_ccp.a(uwb_ccp.o)
 .text.uwb_ccp_pkg_init
                0x000000000000f6c8       0x30 /home/joel/Capstone/uwb-apps/bin/targets/nrng_tag/app/lib/uwb_ccp/lib_uwb_ccp.a(uwb_ccp.o)
                0x000000000000f6c8                uwb_ccp_pkg_init
 .text.uwb_ccp_pkg_down
                0x000000000000f6f8       0x3c /home/joel/Capstone/uwb-apps/bin/targets/nrng_tag/app/lib/uwb_ccp/lib_uwb_ccp.a(uwb_ccp.o)
                0x000000000000f6f8                uwb_ccp_pkg_down
 .text.handle_pan_request
                0x000000000000f734       0x82 /home/joel/Capstone/uwb-apps/bin/targets/nrng_tag/app/lib/uwb_pan/lib_uwb_pan.a(uwb_pan.o)
 *fill*         0x000000000000f7b6        0x2 
 .text.tx_complete_cb
                0x000000000000f7b8       0x28 /home/joel/Capstone/uwb-apps/bin/targets/nrng_tag/app/lib/uwb_pan/lib_uwb_pan.a(uwb_pan.o)
 .text.pan_postprocess
                0x000000000000f7e0       0x20 /home/joel/Capstone/uwb-apps/bin/targets/nrng_tag/app/lib/uwb_pan/lib_uwb_pan.a(uwb_pan.o)
 .text.lease_expiry_cb
                0x000000000000f800       0x64 /home/joel/Capstone/uwb-apps/bin/targets/nrng_tag/app/lib/uwb_pan/lib_uwb_pan.a(uwb_pan.o)
 .text.reset_cb
                0x000000000000f864       0x34 /home/joel/Capstone/uwb-apps/bin/targets/nrng_tag/app/lib/uwb_pan/lib_uwb_pan.a(uwb_pan.o)
 .text.rx_timeout_cb
                0x000000000000f898       0x34 /home/joel/Capstone/uwb-apps/bin/targets/nrng_tag/app/lib/uwb_pan/lib_uwb_pan.a(uwb_pan.o)
 .text.rx_complete_cb
                0x000000000000f8cc      0x270 /home/joel/Capstone/uwb-apps/bin/targets/nrng_tag/app/lib/uwb_pan/lib_uwb_pan.a(uwb_pan.o)
 .text.uwb_pan_init
                0x000000000000fb3c       0xa4 /home/joel/Capstone/uwb-apps/bin/targets/nrng_tag/app/lib/uwb_pan/lib_uwb_pan.a(uwb_pan.o)
                0x000000000000fb3c                uwb_pan_init
 .text.uwb_pan_set_frames
                0x000000000000fbe0       0x38 /home/joel/Capstone/uwb-apps/bin/targets/nrng_tag/app/lib/uwb_pan/lib_uwb_pan.a(uwb_pan.o)
                0x000000000000fbe0                uwb_pan_set_frames
 .text.uwb_pan_pkg_init
                0x000000000000fc18       0x98 /home/joel/Capstone/uwb-apps/bin/targets/nrng_tag/app/lib/uwb_pan/lib_uwb_pan.a(uwb_pan.o)
                0x000000000000fc18                uwb_pan_pkg_init
 .text.uwb_pan_listen
                0x000000000000fcb0       0x94 /home/joel/Capstone/uwb-apps/bin/targets/nrng_tag/app/lib/uwb_pan/lib_uwb_pan.a(uwb_pan.o)
                0x000000000000fcb0                uwb_pan_listen
 .text.uwb_pan_blink
                0x000000000000fd44      0x154 /home/joel/Capstone/uwb-apps/bin/targets/nrng_tag/app/lib/uwb_pan/lib_uwb_pan.a(uwb_pan.o)
                0x000000000000fd44                uwb_pan_blink
 .text.uwb_pan_reset
                0x000000000000fe98       0xa0 /home/joel/Capstone/uwb-apps/bin/targets/nrng_tag/app/lib/uwb_pan/lib_uwb_pan.a(uwb_pan.o)
                0x000000000000fe98                uwb_pan_reset
 .text.uwb_pan_start
                0x000000000000ff38       0x3e /home/joel/Capstone/uwb-apps/bin/targets/nrng_tag/app/lib/uwb_pan/lib_uwb_pan.a(uwb_pan.o)
                0x000000000000ff38                uwb_pan_start
 .text.uwb_pan_lease_remaining
                0x000000000000ff76       0x3a /home/joel/Capstone/uwb-apps/bin/targets/nrng_tag/app/lib/uwb_pan/lib_uwb_pan.a(uwb_pan.o)
                0x000000000000ff76                uwb_pan_lease_remaining
 .text.uwb_pan_slot_timer_cb
                0x000000000000ffb0      0x180 /home/joel/Capstone/uwb-apps/bin/targets/nrng_tag/app/lib/uwb_pan/lib_uwb_pan.a(uwb_pan.o)
                0x000000000000ffb0                uwb_pan_slot_timer_cb
 .text.NumberOfBits
                0x0000000000010130       0x12 /home/joel/Capstone/uwb-apps/bin/targets/nrng_tag/app/lib/uwb_rng/lib_uwb_rng.a(slots.o)
                0x0000000000010130                NumberOfBits
 .text.BitPosition
                0x0000000000010142       0x22 /home/joel/Capstone/uwb-apps/bin/targets/nrng_tag/app/lib/uwb_rng/lib_uwb_rng.a(slots.o)
                0x0000000000010142                BitPosition
 .text.BitIndex
                0x0000000000010164       0x5a /home/joel/Capstone/uwb-apps/bin/targets/nrng_tag/app/lib/uwb_rng/lib_uwb_rng.a(slots.o)
                0x0000000000010164                BitIndex
 *fill*         0x00000000000101be        0x2 
 .text.uwb_wcs_init
                0x00000000000101c0       0x44 /home/joel/Capstone/uwb-apps/bin/targets/nrng_tag/app/lib/uwb_wcs/lib_uwb_wcs.a(uwb_wcs.o)
                0x00000000000101c0                uwb_wcs_init
 .text.uwb_wcs_free
                0x0000000000010204       0x34 /home/joel/Capstone/uwb-apps/bin/targets/nrng_tag/app/lib/uwb_wcs/lib_uwb_wcs.a(uwb_wcs.o)
                0x0000000000010204                uwb_wcs_free
 .text.uwb_wcs_set_postprocess
                0x0000000000010238       0x1c /home/joel/Capstone/uwb-apps/bin/targets/nrng_tag/app/lib/uwb_wcs/lib_uwb_wcs.a(uwb_wcs.o)
                0x0000000000010238                uwb_wcs_set_postprocess
 .text.uwb_wcs_dtu_time_adjust
                0x0000000000010254       0x38 /home/joel/Capstone/uwb-apps/bin/targets/nrng_tag/app/lib/uwb_wcs/lib_uwb_wcs.a(uwb_wcs.o)
                0x0000000000010254                uwb_wcs_dtu_time_adjust
 .text.uwb_wcs_prediction
                0x000000000001028c       0x74 /home/joel/Capstone/uwb-apps/bin/targets/nrng_tag/app/lib/uwb_wcs/lib_uwb_wcs.a(uwb_wcs.o)
                0x000000000001028c                uwb_wcs_prediction
 .text.uwb_wcs_local_to_master64
                0x0000000000010300       0x68 /home/joel/Capstone/uwb-apps/bin/targets/nrng_tag/app/lib/uwb_wcs/lib_uwb_wcs.a(uwb_wcs.o)
                0x0000000000010300                uwb_wcs_local_to_master64
 .text.uwb_wcs_local_to_master
                0x0000000000010368       0x18 /home/joel/Capstone/uwb-apps/bin/targets/nrng_tag/app/lib/uwb_wcs/lib_uwb_wcs.a(uwb_wcs.o)
                0x0000000000010368                uwb_wcs_local_to_master
 .text.uwb_wcs_pkg_init
                0x0000000000010380       0x40 /home/joel/Capstone/uwb-apps/bin/targets/nrng_tag/app/lib/uwb_wcs/lib_uwb_wcs.a(uwb_wcs.o)
                0x0000000000010380                uwb_wcs_pkg_init
 .text.uwb_wcs_pkg_down
                0x00000000000103c0       0x36 /home/joel/Capstone/uwb-apps/bin/targets/nrng_tag/app/lib/uwb_wcs/lib_uwb_wcs.a(uwb_wcs.o)
                0x00000000000103c0                uwb_wcs_pkg_down
 .text.calloc   0x00000000000103f6       0x30 /home/joel/Capstone/uwb-apps/bin/targets/nrng_tag/app/libc/baselibc/libc_baselibc.a(calloc.o)
                0x00000000000103f6                calloc
 .text.fwrite   0x0000000000010426       0x20 /home/joel/Capstone/uwb-apps/bin/targets/nrng_tag/app/libc/baselibc/libc_baselibc.a(inline.o)
                0x0000000000010426                fwrite
 *fill*         0x0000000000010446        0x2 
 .text.puts     0x0000000000010448       0x34 /home/joel/Capstone/uwb-apps/bin/targets/nrng_tag/app/libc/baselibc/libc_baselibc.a(inline.o)
                0x0000000000010448                puts
 .text.malloc_lock_nop
                0x000000000001047c        0x4 /home/joel/Capstone/uwb-apps/bin/targets/nrng_tag/app/libc/baselibc/libc_baselibc.a(malloc.o)
 .text.malloc_unlock_nop
                0x0000000000010480        0x2 /home/joel/Capstone/uwb-apps/bin/targets/nrng_tag/app/libc/baselibc/libc_baselibc.a(malloc.o)
 .text.__malloc_from_block
                0x0000000000010482       0x48 /home/joel/Capstone/uwb-apps/bin/targets/nrng_tag/app/libc/baselibc/libc_baselibc.a(malloc.o)
 *fill*         0x00000000000104ca        0x2 
 .text.__free_block
                0x00000000000104cc       0x64 /home/joel/Capstone/uwb-apps/bin/targets/nrng_tag/app/libc/baselibc/libc_baselibc.a(malloc.o)
 .text.add_malloc_block
                0x0000000000010530       0x50 /home/joel/Capstone/uwb-apps/bin/targets/nrng_tag/app/libc/baselibc/libc_baselibc.a(malloc.o)
                0x0000000000010530                add_malloc_block
 .text.malloc   0x0000000000010580       0x6c /home/joel/Capstone/uwb-apps/bin/targets/nrng_tag/app/libc/baselibc/libc_baselibc.a(malloc.o)
                0x0000000000010580                malloc
 .text.free     0x00000000000105ec       0x2c /home/joel/Capstone/uwb-apps/bin/targets/nrng_tag/app/libc/baselibc/libc_baselibc.a(malloc.o)
                0x00000000000105ec                free
 .text.memcmp   0x0000000000010618       0x48 /home/joel/Capstone/uwb-apps/bin/targets/nrng_tag/app/libc/baselibc/libc_baselibc.a(memcmp.o)
                0x0000000000010618                memcmp
 .text.memcpy   0x0000000000010660       0x1a /home/joel/Capstone/uwb-apps/bin/targets/nrng_tag/app/libc/baselibc/libc_baselibc.a(memcpy.o)
                0x0000000000010660                memcpy
 .text.memset   0x000000000001067a       0x42 /home/joel/Capstone/uwb-apps/bin/targets/nrng_tag/app/libc/baselibc/libc_baselibc.a(memset.o)
                0x000000000001067a                memset
 .text.stdin_read
                0x00000000000106bc        0x4 /home/joel/Capstone/uwb-apps/bin/targets/nrng_tag/app/libc/baselibc/libc_baselibc.a(mynewt.o)
 .text.stdout_write
                0x00000000000106c0       0x10 /home/joel/Capstone/uwb-apps/bin/targets/nrng_tag/app/libc/baselibc/libc_baselibc.a(mynewt.o)
 .text.strcmp   0x00000000000106d0       0x18 /home/joel/Capstone/uwb-apps/bin/targets/nrng_tag/app/libc/baselibc/libc_baselibc.a(strcmp.o)
                0x00000000000106d0                strcmp
 .text.strlen   0x00000000000106e8       0x10 /home/joel/Capstone/uwb-apps/bin/targets/nrng_tag/app/libc/baselibc/libc_baselibc.a(strlen.o)
                0x00000000000106e8                strlen
 .text.strncpy  0x00000000000106f8       0x1e /home/joel/Capstone/uwb-apps/bin/targets/nrng_tag/app/libc/baselibc/libc_baselibc.a(strncpy.o)
                0x00000000000106f8                strncpy
 .text.strtoll  0x0000000000010716        0xc /home/joel/Capstone/uwb-apps/bin/targets/nrng_tag/app/libc/baselibc/libc_baselibc.a(strtoll.o)
                0x0000000000010716                strtoll
 .text.ui2a     0x0000000000010722       0xce /home/joel/Capstone/uwb-apps/bin/targets/nrng_tag/app/libc/baselibc/libc_baselibc.a(tinyprintf.o)
 .text.i2a      0x00000000000107f0       0x1c /home/joel/Capstone/uwb-apps/bin/targets/nrng_tag/app/libc/baselibc/libc_baselibc.a(tinyprintf.o)
 .text.a2d      0x000000000001080c       0x30 /home/joel/Capstone/uwb-apps/bin/targets/nrng_tag/app/libc/baselibc/libc_baselibc.a(tinyprintf.o)
 .text.a2i      0x000000000001083c       0x3c /home/joel/Capstone/uwb-apps/bin/targets/nrng_tag/app/libc/baselibc/libc_baselibc.a(tinyprintf.o)
 .text.putf     0x0000000000010878       0x24 /home/joel/Capstone/uwb-apps/bin/targets/nrng_tag/app/libc/baselibc/libc_baselibc.a(tinyprintf.o)
 .text.putchw   0x000000000001089c      0x124 /home/joel/Capstone/uwb-apps/bin/targets/nrng_tag/app/libc/baselibc/libc_baselibc.a(tinyprintf.o)
 .text.intarg   0x00000000000109c0       0x68 /home/joel/Capstone/uwb-apps/bin/targets/nrng_tag/app/libc/baselibc/libc_baselibc.a(tinyprintf.o)
 .text.tfp_format
                0x0000000000010a28      0x47c /home/joel/Capstone/uwb-apps/bin/targets/nrng_tag/app/libc/baselibc/libc_baselibc.a(tinyprintf.o)
                0x0000000000010a28                tfp_format
 .text.vfprintf
                0x0000000000010ea4        0x8 /home/joel/Capstone/uwb-apps/bin/targets/nrng_tag/app/libc/baselibc/libc_baselibc.a(tinyprintf.o)
                0x0000000000010ea4                vfprintf
 .text.printf   0x0000000000010eac       0x24 /home/joel/Capstone/uwb-apps/bin/targets/nrng_tag/app/libc/baselibc/libc_baselibc.a(tinyprintf.o)
                0x0000000000010eac                printf
 .text.vsnprintf
                0x0000000000010ed0       0x3a /home/joel/Capstone/uwb-apps/bin/targets/nrng_tag/app/libc/baselibc/libc_baselibc.a(tinyprintf.o)
                0x0000000000010ed0                vsnprintf
 .text.snprintf
                0x0000000000010f0a       0x1c /home/joel/Capstone/uwb-apps/bin/targets/nrng_tag/app/libc/baselibc/libc_baselibc.a(tinyprintf.o)
                0x0000000000010f0a                snprintf
 .text.memfile_write
                0x0000000000010f26       0x3a /home/joel/Capstone/uwb-apps/bin/targets/nrng_tag/app/libc/baselibc/libc_baselibc.a(memfile.o)
                0x0000000000010f26                memfile_write
 .text.fmemopen_w
                0x0000000000010f60       0x18 /home/joel/Capstone/uwb-apps/bin/targets/nrng_tag/app/libc/baselibc/libc_baselibc.a(memfile.o)
                0x0000000000010f60                fmemopen_w
 .text.strntoumax
                0x0000000000010f78      0x100 /home/joel/Capstone/uwb-apps/bin/targets/nrng_tag/app/libc/baselibc/libc_baselibc.a(strntoumax.o)
                0x0000000000010f78                strntoumax
 .text.imgr_vercmp
                0x0000000000011078       0x40 /home/joel/Capstone/uwb-apps/bin/targets/nrng_tag/app/mgmt/imgmgr/mgmt_imgmgr.a(imgmgr.o)
 .text.imgr_img_tlvs
                0x00000000000110b8       0x3e /home/joel/Capstone/uwb-apps/bin/targets/nrng_tag/app/mgmt/imgmgr/mgmt_imgmgr.a(imgmgr.o)
 *fill*         0x00000000000110f6        0x2 
 .text.imgr_upload_good_rsp
                0x00000000000110f8       0x50 /home/joel/Capstone/uwb-apps/bin/targets/nrng_tag/app/mgmt/imgmgr/mgmt_imgmgr.a(imgmgr.o)
 .text.imgr_read_info
                0x0000000000011148       0xfc /home/joel/Capstone/uwb-apps/bin/targets/nrng_tag/app/mgmt/imgmgr/mgmt_imgmgr.a(imgmgr.o)
                0x0000000000011148                imgr_read_info
 .text.imgr_upload_log
                0x0000000000011244       0x36 /home/joel/Capstone/uwb-apps/bin/targets/nrng_tag/app/mgmt/imgmgr/mgmt_imgmgr.a(imgmgr.o)
 *fill*         0x000000000001127a        0x2 
 .text.imgr_my_version
                0x000000000001127c       0x18 /home/joel/Capstone/uwb-apps/bin/targets/nrng_tag/app/mgmt/imgmgr/mgmt_imgmgr.a(imgmgr.o)
                0x000000000001127c                imgr_my_version
 .text.imgr_find_by_hash
                0x0000000000011294       0x3c /home/joel/Capstone/uwb-apps/bin/targets/nrng_tag/app/mgmt/imgmgr/mgmt_imgmgr.a(imgmgr.o)
                0x0000000000011294                imgr_find_by_hash
 .text.imgmgr_find_best_area_id
                0x00000000000112d0       0x48 /home/joel/Capstone/uwb-apps/bin/targets/nrng_tag/app/mgmt/imgmgr/mgmt_imgmgr.a(imgmgr.o)
                0x00000000000112d0                imgmgr_find_best_area_id
 .text.imgr_erase_state
                0x0000000000011318       0x6c /home/joel/Capstone/uwb-apps/bin/targets/nrng_tag/app/mgmt/imgmgr/mgmt_imgmgr.a(imgmgr.o)
 .text.imgr_erase
                0x0000000000011384       0x6c /home/joel/Capstone/uwb-apps/bin/targets/nrng_tag/app/mgmt/imgmgr/mgmt_imgmgr.a(imgmgr.o)
 .text.imgr_upload_inspect
                0x00000000000113f0      0x190 /home/joel/Capstone/uwb-apps/bin/targets/nrng_tag/app/mgmt/imgmgr/mgmt_imgmgr.a(imgmgr.o)
 .text.imgmgr_dfu_stopped
                0x0000000000011580       0x14 /home/joel/Capstone/uwb-apps/bin/targets/nrng_tag/app/mgmt/imgmgr/mgmt_imgmgr.a(imgmgr.o)
                0x0000000000011580                imgmgr_dfu_stopped
 .text.imgmgr_dfu_started
                0x0000000000011594       0x14 /home/joel/Capstone/uwb-apps/bin/targets/nrng_tag/app/mgmt/imgmgr/mgmt_imgmgr.a(imgmgr.o)
                0x0000000000011594                imgmgr_dfu_started
 .text.imgmgr_dfu_pending
                0x00000000000115a8       0x14 /home/joel/Capstone/uwb-apps/bin/targets/nrng_tag/app/mgmt/imgmgr/mgmt_imgmgr.a(imgmgr.o)
                0x00000000000115a8                imgmgr_dfu_pending
 .text.imgr_upload
                0x00000000000115bc      0x1fc /home/joel/Capstone/uwb-apps/bin/targets/nrng_tag/app/mgmt/imgmgr/mgmt_imgmgr.a(imgmgr.o)
 .text.imgmgr_dfu_confirmed
                0x00000000000117b8       0x14 /home/joel/Capstone/uwb-apps/bin/targets/nrng_tag/app/mgmt/imgmgr/mgmt_imgmgr.a(imgmgr.o)
                0x00000000000117b8                imgmgr_dfu_confirmed
 .text.imgmgr_module_init
                0x00000000000117cc       0x54 /home/joel/Capstone/uwb-apps/bin/targets/nrng_tag/app/mgmt/imgmgr/mgmt_imgmgr.a(imgmgr.o)
                0x00000000000117cc                imgmgr_module_init
 .text.imgr_cli_too_few_args
                0x0000000000011820       0x10 /home/joel/Capstone/uwb-apps/bin/targets/nrng_tag/app/mgmt/imgmgr/mgmt_imgmgr.a(imgmgr_cli.o)
 .text.imgr_cli_flags_str
                0x0000000000011830       0x44 /home/joel/Capstone/uwb-apps/bin/targets/nrng_tag/app/mgmt/imgmgr/mgmt_imgmgr.a(imgmgr_cli.o)
 .text.imgr_cli_show_slot
                0x0000000000011874       0x50 /home/joel/Capstone/uwb-apps/bin/targets/nrng_tag/app/mgmt/imgmgr/mgmt_imgmgr.a(imgmgr_cli.o)
 .text.imgr_cli_confirm
                0x00000000000118c4       0x18 /home/joel/Capstone/uwb-apps/bin/targets/nrng_tag/app/mgmt/imgmgr/mgmt_imgmgr.a(imgmgr_cli.o)
 .text.imgr_cli_hash_parse
                0x00000000000118dc       0x3e /home/joel/Capstone/uwb-apps/bin/targets/nrng_tag/app/mgmt/imgmgr/mgmt_imgmgr.a(imgmgr_cli.o)
 *fill*         0x000000000001191a        0x2 
 .text.imgr_cli_slot_or_hash_parse
                0x000000000001191c       0x5c /home/joel/Capstone/uwb-apps/bin/targets/nrng_tag/app/mgmt/imgmgr/mgmt_imgmgr.a(imgmgr_cli.o)
 .text.imgr_cli_set_pending
                0x0000000000011978       0x30 /home/joel/Capstone/uwb-apps/bin/targets/nrng_tag/app/mgmt/imgmgr/mgmt_imgmgr.a(imgmgr_cli.o)
 .text.imgr_cli_erase
                0x00000000000119a8       0x4c /home/joel/Capstone/uwb-apps/bin/targets/nrng_tag/app/mgmt/imgmgr/mgmt_imgmgr.a(imgmgr_cli.o)
 .text.imgr_cli_cmd
                0x00000000000119f4       0x98 /home/joel/Capstone/uwb-apps/bin/targets/nrng_tag/app/mgmt/imgmgr/mgmt_imgmgr.a(imgmgr_cli.o)
 .text.imgr_cli_register
                0x0000000000011a8c       0x10 /home/joel/Capstone/uwb-apps/bin/targets/nrng_tag/app/mgmt/imgmgr/mgmt_imgmgr.a(imgmgr_cli.o)
                0x0000000000011a8c                imgr_cli_register
 .text.imgmgr_log_gen
                0x0000000000011a9c        0x4 /home/joel/Capstone/uwb-apps/bin/targets/nrng_tag/app/mgmt/imgmgr/mgmt_imgmgr.a(imgmgr_log.o)
 .text.imgmgr_log_upload_start
                0x0000000000011aa0       0x14 /home/joel/Capstone/uwb-apps/bin/targets/nrng_tag/app/mgmt/imgmgr/mgmt_imgmgr.a(imgmgr_log.o)
                0x0000000000011aa0                imgmgr_log_upload_start
 .text.imgmgr_log_upload_done
                0x0000000000011ab4       0x14 /home/joel/Capstone/uwb-apps/bin/targets/nrng_tag/app/mgmt/imgmgr/mgmt_imgmgr.a(imgmgr_log.o)
                0x0000000000011ab4                imgmgr_log_upload_done
 .text.imgmgr_log_pending
                0x0000000000011ac8       0x14 /home/joel/Capstone/uwb-apps/bin/targets/nrng_tag/app/mgmt/imgmgr/mgmt_imgmgr.a(imgmgr_log.o)
                0x0000000000011ac8                imgmgr_log_pending
 .text.imgmgr_log_confirm
                0x0000000000011adc       0x14 /home/joel/Capstone/uwb-apps/bin/targets/nrng_tag/app/mgmt/imgmgr/mgmt_imgmgr.a(imgmgr_log.o)
                0x0000000000011adc                imgmgr_log_confirm
 .text.imgmgr_state_flags
                0x0000000000011af0       0xb6 /home/joel/Capstone/uwb-apps/bin/targets/nrng_tag/app/mgmt/imgmgr/mgmt_imgmgr.a(imgmgr_state.o)
                0x0000000000011af0                imgmgr_state_flags
 .text.imgmgr_state_any_pending
                0x0000000000011ba6       0x26 /home/joel/Capstone/uwb-apps/bin/targets/nrng_tag/app/mgmt/imgmgr/mgmt_imgmgr.a(imgmgr_state.o)
 .text.imgmgr_state_slot_in_use
                0x0000000000011bcc       0x1e /home/joel/Capstone/uwb-apps/bin/targets/nrng_tag/app/mgmt/imgmgr/mgmt_imgmgr.a(imgmgr_state.o)
                0x0000000000011bcc                imgmgr_state_slot_in_use
 .text.imgmgr_state_set_pending
                0x0000000000011bea       0xb0 /home/joel/Capstone/uwb-apps/bin/targets/nrng_tag/app/mgmt/imgmgr/mgmt_imgmgr.a(imgmgr_state.o)
                0x0000000000011bea                imgmgr_state_set_pending
 .text.imgmgr_state_confirm
                0x0000000000011c9a       0x4a /home/joel/Capstone/uwb-apps/bin/targets/nrng_tag/app/mgmt/imgmgr/mgmt_imgmgr.a(imgmgr_state.o)
                0x0000000000011c9a                imgmgr_state_confirm
 .text.imgmgr_state_read
                0x0000000000011ce4      0x1bc /home/joel/Capstone/uwb-apps/bin/targets/nrng_tag/app/mgmt/imgmgr/mgmt_imgmgr.a(imgmgr_state.o)
                0x0000000000011ce4                imgmgr_state_read
 .text.imgmgr_state_write