Archive member included to satisfy reference by file (symbol)

/home/joel/Capstone/uwb-apps/bin/targets/twr_tag/app/hw/bsp/dwm1001/hw_bsp_dwm1001.a(gcc_startup_nrf52.o)
                              (Reset_Handler)
/home/joel/Capstone/uwb-apps/bin/targets/twr_tag/app/hw/bsp/dwm1001/hw_bsp_dwm1001.a(sbrk.o)
                              /home/joel/Capstone/uwb-apps/bin/targets/twr_tag/app/hw/bsp/dwm1001/hw_bsp_dwm1001.a(gcc_startup_nrf52.o) (_sbrkInit)
/home/joel/Capstone/uwb-apps/bin/targets/twr_tag/app/hw/mcu/nordic/nrf52xxx/hw_mcu_nordic_nrf52xxx.a(hal_system.o)
                              /home/joel/Capstone/uwb-apps/bin/targets/twr_tag/app/hw/bsp/dwm1001/hw_bsp_dwm1001.a(gcc_startup_nrf52.o) (hal_system_init)
/home/joel/Capstone/uwb-apps/bin/targets/twr_tag/app/hw/mcu/nordic/nrf52xxx/hw_mcu_nordic_nrf52xxx.a(system_nrf52.o)
                              /home/joel/Capstone/uwb-apps/bin/targets/twr_tag/app/hw/bsp/dwm1001/hw_bsp_dwm1001.a(gcc_startup_nrf52.o) (SystemInit)
/home/joel/Capstone/uwb-apps/bin/targets/twr_tag/app/libc/baselibc/libc_baselibc.a(start.o)
                              /home/joel/Capstone/uwb-apps/bin/targets/twr_tag/app/hw/bsp/dwm1001/hw_bsp_dwm1001.a(gcc_startup_nrf52.o) (_start)
/home/joel/Capstone/uwb-apps/bin/targets/twr_tag/app/apps/twr_aloha/apps_twr_aloha.a(main.o)
                              /home/joel/Capstone/uwb-apps/bin/targets/twr_tag/app/libc/baselibc/libc_baselibc.a(start.o) (main)
/home/joel/Capstone/uwb-apps/bin/targets/twr_tag/app/hw/cmsis-core/hw_cmsis-core.a(cmsis_nvic.o)
                              /home/joel/Capstone/uwb-apps/bin/targets/twr_tag/app/hw/mcu/nordic/nrf52xxx/hw_mcu_nordic_nrf52xxx.a(system_nrf52.o) (NVIC_Relocate)
/home/joel/Capstone/uwb-apps/bin/targets/twr_tag/app/hw/drivers/uwb/hw_drivers_uwb.a(uwb.o)
                              /home/joel/Capstone/uwb-apps/bin/targets/twr_tag/app/apps/twr_aloha/apps_twr_aloha.a(main.o) (uwb_dev_idx_lookup)
/home/joel/Capstone/uwb-apps/bin/targets/twr_tag/app/hw/mcu/nordic/nrf52xxx/hw_mcu_nordic_nrf52xxx.a(hal_gpio.o)
                              /home/joel/Capstone/uwb-apps/bin/targets/twr_tag/app/apps/twr_aloha/apps_twr_aloha.a(main.o) (hal_gpio_init_out)
/home/joel/Capstone/uwb-apps/bin/targets/twr_tag/app/kernel/os/kernel_os.a(os_fault.o)
                              /home/joel/Capstone/uwb-apps/bin/targets/twr_tag/app/apps/twr_aloha/apps_twr_aloha.a(main.o) (__assert_func)
/home/joel/Capstone/uwb-apps/bin/targets/twr_tag/app/kernel/os/kernel_os.a(os.o)
                              /home/joel/Capstone/uwb-apps/bin/targets/twr_tag/app/libc/baselibc/libc_baselibc.a(start.o) (os_init)
/home/joel/Capstone/uwb-apps/bin/targets/twr_tag/app/kernel/os/kernel_os.a(os_callout.o)
                              /home/joel/Capstone/uwb-apps/bin/targets/twr_tag/app/apps/twr_aloha/apps_twr_aloha.a(main.o) (os_callout_init)
/home/joel/Capstone/uwb-apps/bin/targets/twr_tag/app/kernel/os/kernel_os.a(os_cputime.o)
                              /home/joel/Capstone/uwb-apps/bin/targets/twr_tag/app/apps/twr_aloha/apps_twr_aloha.a(main.o) (os_cputime_get32)
/home/joel/Capstone/uwb-apps/bin/targets/twr_tag/app/kernel/os/kernel_os.a(os_cputime_1mhz.o)
                              /home/joel/Capstone/uwb-apps/bin/targets/twr_tag/app/kernel/os/kernel_os.a(os_cputime.o) (os_cputime_nsecs_to_ticks)
/home/joel/Capstone/uwb-apps/bin/targets/twr_tag/app/kernel/os/kernel_os.a(os_dev.o)
                              /home/joel/Capstone/uwb-apps/bin/targets/twr_tag/app/kernel/os/kernel_os.a(os.o) (os_dev_initialize_all)
/home/joel/Capstone/uwb-apps/bin/targets/twr_tag/app/kernel/os/kernel_os.a(os_eventq.o)
                              /home/joel/Capstone/uwb-apps/bin/targets/twr_tag/app/hw/drivers/uwb/hw_drivers_uwb.a(uwb.o) (os_eventq_init)
/home/joel/Capstone/uwb-apps/bin/targets/twr_tag/app/kernel/os/kernel_os.a(os_mempool.o)
                              /home/joel/Capstone/uwb-apps/bin/targets/twr_tag/app/kernel/os/kernel_os.a(os.o) (os_mempool_module_init)
/home/joel/Capstone/uwb-apps/bin/targets/twr_tag/app/kernel/os/kernel_os.a(os_msys.o)
                              /home/joel/Capstone/uwb-apps/bin/targets/twr_tag/app/kernel/os/kernel_os.a(os.o) (os_msys_init)
/home/joel/Capstone/uwb-apps/bin/targets/twr_tag/app/kernel/os/kernel_os.a(os_sanity.o)
                              /home/joel/Capstone/uwb-apps/bin/targets/twr_tag/app/kernel/os/kernel_os.a(os.o) (os_sanity_run)
/home/joel/Capstone/uwb-apps/bin/targets/twr_tag/app/kernel/os/kernel_os.a(os_sched.o)
                              /home/joel/Capstone/uwb-apps/bin/targets/twr_tag/app/kernel/os/kernel_os.a(os_eventq.o) (os_sched_get_current_task)
/home/joel/Capstone/uwb-apps/bin/targets/twr_tag/app/kernel/os/kernel_os.a(os_sem.o)
                              /home/joel/Capstone/uwb-apps/bin/targets/twr_tag/app/hw/drivers/uwb/hw_drivers_uwb.a(uwb.o) (os_sem_init)
/home/joel/Capstone/uwb-apps/bin/targets/twr_tag/app/kernel/os/kernel_os.a(os_task.o)
[...]
Memory Configuration

Name             Origin             Length             Attributes
FLASH            0x0000000000008000 0x000000000003a000 xr
RAM              0x0000000020000000 0x0000000000010000 xrw
*default*        0x0000000000000000 0xffffffffffffffff

Linker script and memory map

START GROUP
LOAD /home/joel/Capstone/uwb-apps/bin/targets/twr_tag/app/apps/twr_aloha/apps_twr_aloha.a
LOAD /home/joel/Capstone/uwb-apps/bin/targets/twr_tag/app/boot/bootutil/boot_bootutil.a
LOAD /home/joel/Capstone/uwb-apps/bin/targets/twr_tag/app/boot/split/boot_split.a
LOAD /home/joel/Capstone/uwb-apps/bin/targets/twr_tag/app/crypto/mbedtls/crypto_mbedtls.a
LOAD /home/joel/Capstone/uwb-apps/bin/targets/twr_tag/app/encoding/base64/encoding_base64.a
LOAD /home/joel/Capstone/uwb-apps/bin/targets/twr_tag/app/encoding/cborattr/encoding_cborattr.a
LOAD /home/joel/Capstone/uwb-apps/bin/targets/twr_tag/app/encoding/tinycbor/encoding_tinycbor.a
LOAD /home/joel/Capstone/uwb-apps/bin/targets/twr_tag/app/fs/fcb/fs_fcb.a
LOAD /home/joel/Capstone/uwb-apps/bin/targets/twr_tag/app/hw/bsp/dwm1001/hw_bsp_dwm1001.a
LOAD /home/joel/Capstone/uwb-apps/bin/targets/twr_tag/app/hw/cmsis-core/hw_cmsis-core.a
LOAD /home/joel/Capstone/uwb-apps/bin/targets/twr_tag/app/hw/drivers/uart/hw_drivers_uart.a
LOAD /home/joel/Capstone/uwb-apps/bin/targets/twr_tag/app/hw/drivers/uart/uart_hal/hw_drivers_uart_uart_hal.a
LOAD /home/joel/Capstone/uwb-apps/bin/targets/twr_tag/app/hw/drivers/uwb/hw_drivers_uwb.a
LOAD /home/joel/Capstone/uwb-apps/bin/targets/twr_tag/app/hw/drivers/uwb/uwb_dw1000/hw_drivers_uwb_uwb_dw1000.a
LOAD /home/joel/Capstone/uwb-apps/bin/targets/twr_tag/app/hw/hal/hw_hal.a
LOAD /home/joel/Capstone/uwb-apps/bin/targets/twr_tag/app/hw/mcu/nordic/hw_mcu_nordic.a
LOAD /home/joel/Capstone/uwb-apps/bin/targets/twr_tag/app/hw/mcu/nordic/nrf52xxx/hw_mcu_nordic_nrf52xxx.a
LOAD /home/joel/Capstone/uwb-apps/bin/targets/twr_tag/app/kernel/os/kernel_os.a
LOAD /home/joel/Capstone/uwb-apps/bin/targets/twr_tag/app/lib/cir/cir_dw1000/lib_cir_cir_dw1000.a
LOAD /home/joel/Capstone/uwb-apps/bin/targets/twr_tag/app/lib/cir/lib_cir.a
LOAD /home/joel/Capstone/uwb-apps/bin/targets/twr_tag/app/lib/dsp/lib_dsp.a
LOAD /home/joel/Capstone/uwb-apps/bin/targets/twr_tag/app/lib/euclid/lib_euclid.a
LOAD /home/joel/Capstone/uwb-apps/bin/targets/twr_tag/app/lib/json/lib_json.a
LOAD /home/joel/Capstone/uwb-apps/bin/targets/twr_tag/app/lib/rng_math/lib_rng_math.a
LOAD /home/joel/Capstone/uwb-apps/bin/targets/twr_tag/app/lib/twr_ds/lib_twr_ds.a
LOAD /home/joel/Capstone/uwb-apps/bin/targets/twr_tag/app/lib/twr_ds_ext/lib_twr_ds_ext.a
LOAD /home/joel/Capstone/uwb-apps/bin/targets/twr_tag/app/lib/twr_ss/lib_twr_ss.a
LOAD /home/joel/Capstone/uwb-apps/bin/targets/twr_tag/app/lib/twr_ss_ack/lib_twr_ss_ack.a
LOAD /home/joel/Capstone/uwb-apps/bin/targets/twr_tag/app/lib/twr_ss_ext/lib_twr_ss_ext.a
LOAD /home/joel/Capstone/uwb-apps/bin/targets/twr_tag/app/lib/uwb_rng/lib_uwb_rng.a
LOAD /home/joel/Capstone/uwb-apps/bin/targets/twr_tag/app/libc/baselibc/libc_baselibc.a
LOAD /home/joel/Capstone/uwb-apps/bin/targets/twr_tag/app/mgmt/imgmgr/mgmt_imgmgr.a
LOAD /home/joel/Capstone/uwb-apps/bin/targets/twr_tag/app/mgmt/mgmt/mgmt_mgmt.a
LOAD /home/joel/Capstone/uwb-apps/bin/targets/twr_tag/app/mgmt/newtmgr/mgmt_newtmgr.a
LOAD /home/joel/Capstone/uwb-apps/bin/targets/twr_tag/app/mgmt/newtmgr/nmgr_os/mgmt_newtmgr_nmgr_os.a
LOAD /home/joel/Capstone/uwb-apps/bin/targets/twr_tag/app/mgmt/newtmgr/transport/nmgr_shell/mgmt_newtmgr_transport_nmgr_shell.a
LOAD /home/joel/Capstone/uwb-apps/bin/targets/twr_tag/app/porting/dpl_lib/porting_dpl_lib.a
LOAD /home/joel/Capstone/uwb-apps/bin/targets/twr_tag/app/sys/config/sys_config.a
LOAD /home/joel/Capstone/uwb-apps/bin/targets/twr_tag/app/sys/console/full/sys_console_full.a
LOAD /home/joel/Capstone/uwb-apps/bin/targets/twr_tag/app/sys/flash_map/sys_flash_map.a
LOAD /home/joel/Capstone/uwb-apps/bin/targets/twr_tag/app/sys/log/full/sys_log_full.a
LOAD /home/joel/Capstone/uwb-apps/bin/targets/twr_tag/app/sys/log/modlog/sys_log_modlog.a
LOAD /home/joel/Capstone/uwb-apps/bin/targets/twr_tag/app/sys/mfg/sys_mfg.a
LOAD /home/joel/Capstone/uwb-apps/bin/targets/twr_tag/app/sys/reboot/sys_reboot.a
LOAD /home/joel/Capstone/uwb-apps/bin/targets/twr_tag/app/sys/shell/sys_shell.a
LOAD /home/joel/Capstone/uwb-apps/bin/targets/twr_tag/app/sys/stats/full/sys_stats_full.a
LOAD /home/joel/Capstone/uwb-apps/bin/targets/twr_tag/app/sys/sysdown/sys_sysdown.a
LOAD /home/joel/Capstone/uwb-apps/bin/targets/twr_tag/app/sys/sysinit/sys_sysinit.a
LOAD /home/joel/Capstone/uwb-apps/bin/targets/twr_tag/app/sys/uwbcfg/sys_uwbcfg.a
LOAD /home/joel/Capstone/uwb-apps/bin/targets/twr_tag/app/time/datetime/time_datetime.a
LOAD /home/joel/Capstone/uwb-apps/bin/targets/twr_tag/app/util/cbmem/util_cbmem.a
LOAD /home/joel/Capstone/uwb-apps/bin/targets/twr_tag/app/util/crc/util_crc.a
LOAD /home/joel/Capstone/uwb-apps/bin/targets/twr_tag/app/util/mem/util_mem.a
LOAD /home/joel/Capstone/uwb-apps/bin/targets/twr_tag/app/util/rwlock/util_rwlock.a
LOAD /home/joel/Capstone/uwb-apps/bin/targets/twr_tag/app/util/streamer/util_streamer.a
LOAD /home/joel/Capstone/uwb-apps/bin/targets/twr_tag/generated/bin/twr_tag-sysinit-app.a
END GROUP
LOAD /usr/lib/gcc/arm-none-eabi/10.3.1/thumb/v7e-m+fp/hard/libgcc.a
LOAD /usr/lib/gcc/arm-none-eabi/10.3.1/../../../arm-none-eabi/lib/thumb/v7e-m+fp/hard/libm.a
START GROUP
LOAD /usr/lib/gcc/arm-none-eabi/10.3.1/thumb/v7e-m+fp/hard/libgcc.a
LOAD /usr/lib/gcc/arm-none-eabi/10.3.1/../../../arm-none-eabi/lib/thumb/v7e-m+fp/hard/libg.a
LOAD /usr/lib/gcc/arm-none-eabi/10.3.1/../../../arm-none-eabi/lib/thumb/v7e-m+fp/hard/libc.a
END GROUP
START GROUP
LOAD /usr/lib/gcc/arm-none-eabi/10.3.1/thumb/v7e-m+fp/hard/libgcc.a
LOAD /usr/lib/gcc/arm-none-eabi/10.3.1/../../../arm-none-eabi/lib/thumb/v7e-m+fp/hard/libc.a
LOAD /usr/lib/gcc/arm-none-eabi/10.3.1/../../../arm-none-eabi/lib/thumb/v7e-m+fp/hard/libnosys.a
END GROUP
                0x0000000000000020                _imghdr_size = 0x20

.imghdr         0x0000000000008000       0x20
                0x0000000000008020                . = (. + _imghdr_size)
 *fill*         0x0000000000008000       0x20 
                0x0000000000008020                __text = .

.text           0x0000000000008020    0x1bdc0
                0x0000000000008020                __isr_vector_start = .
 *(.isr_vector)
 .isr_vector    0x0000000000008020       0xd8 /home/joel/Capstone/uwb-apps/bin/targets/twr_tag/app/hw/bsp/dwm1001/hw_bsp_dwm1001.a(gcc_startup_nrf52.o)
                0x0000000000008020                __isr_vector
                0x00000000000080f8                __isr_vector_end = .
 *(.text*)
 .text          0x00000000000080f8       0x70 /home/joel/Capstone/uwb-apps/bin/targets/twr_tag/app/hw/bsp/dwm1001/hw_bsp_dwm1001.a(gcc_startup_nrf52.o)
                0x00000000000080f8                Reset_Handler
                0x0000000000008154                NMI_Handler
                0x0000000000008156                HardFault_Handler
                0x0000000000008158                MemoryManagement_Handler
                0x000000000000815a                BusFault_Handler
                0x000000000000815c                UsageFault_Handler
                0x0000000000008164                TIMER2_IRQHandler
                0x0000000000008164                RTC0_IRQHandler
                0x0000000000008164                SWI0_EGU0_IRQHandler
                0x0000000000008164                SWI2_EGU2_IRQHandler
                0x0000000000008164                GPIOTE_IRQHandler
                0x0000000000008164                PWM1_IRQHandler
                0x0000000000008164                POWER_CLOCK_IRQHandler
                0x0000000000008164                RADIO_IRQHandler
                0x0000000000008164                PDM_IRQHandler
                0x0000000000008164                TEMP_IRQHandler
                0x0000000000008164                QDEC_IRQHandler
                0x0000000000008164                TIMER3_IRQHandler
                0x0000000000008164                SPIM0_SPIS0_TWIM0_TWIS0_SPI0_TWI0_IRQHandler
                0x0000000000008164                UARTE0_UART0_IRQHandler
                0x0000000000008164                TIMER4_IRQHandler
                0x0000000000008164                I2S_IRQHandler
                0x0000000000008164                SWI4_EGU4_IRQHandler
                0x0000000000008164                TIMER0_IRQHandler
                0x0000000000008164                TIMER1_IRQHandler
                0x0000000000008164                PWM2_IRQHandler
                0x0000000000008164                ECB_IRQHandler
                0x0000000000008164                SPIM1_SPIS1_TWIM1_TWIS1_SPI1_TWI1_IRQHandler
                0x0000000000008164                Default_Handler
                0x0000000000008164                SAADC_IRQHandler
                0x0000000000008164                CCM_AAR_IRQHandler
                0x0000000000008164                WDT_IRQHandler
                0x0000000000008164                SWI5_EGU5_IRQHandler
                0x0000000000008164                RNG_IRQHandler
                0x0000000000008164                RTC2_IRQHandler
                0x0000000000008164                PWM0_IRQHandler
                0x0000000000008164                SWI3_EGU3_IRQHandler
                0x0000000000008164                RTC1_IRQHandler
                0x0000000000008164                SWI1_EGU1_IRQHandler
                0x0000000000008164                SPIM2_SPIS2_SPI2_IRQHandler
                0x0000000000008164                NFCT_IRQHandler
                0x0000000000008164                MWU_IRQHandler
                0x0000000000008164                COMP_LPCOMP_IRQHandler
 .text._sbrkInit
                0x0000000000008168       0x10 /home/joel/Capstone/uwb-apps/bin/targets/twr_tag/app/hw/bsp/dwm1001/hw_bsp_dwm1001.a(sbrk.o)
                0x0000000000008168                _sbrkInit
 .text._sbrk    0x0000000000008178       0x3c /home/joel/Capstone/uwb-apps/bin/targets/twr_tag/app/hw/bsp/dwm1001/hw_bsp_dwm1001.a(sbrk.o)
                0x0000000000008178                _sbrk
 .text.hal_system_init
                0x00000000000081b4        0xc /home/joel/Capstone/uwb-apps/bin/targets/twr_tag/app/hw/mcu/nordic/nrf52xxx/hw_mcu_nordic_nrf52xxx.a(hal_system.o)
                0x00000000000081b4                hal_system_init
 .text.hal_debugger_connected
                0x00000000000081c0       0x10 /home/joel/Capstone/uwb-apps/bin/targets/twr_tag/app/hw/mcu/nordic/nrf52xxx/hw_mcu_nordic_nrf52xxx.a(hal_system.o)
                0x00000000000081c0                hal_debugger_connected
 .text.hal_system_reset
                0x00000000000081d0       0x2c /home/joel/Capstone/uwb-apps/bin/targets/twr_tag/app/hw/mcu/nordic/nrf52xxx/hw_mcu_nordic_nrf52xxx.a(hal_system.o)
                0x00000000000081d0                hal_system_reset
 .text.hal_system_clock_start
                0x00000000000081fc       0x4c /home/joel/Capstone/uwb-apps/bin/targets/twr_tag/app/hw/mcu/nordic/nrf52xxx/hw_mcu_nordic_nrf52xxx.a(hal_system.o)
                0x00000000000081fc                hal_system_clock_start
 .text.errata_16
                0x0000000000008248       0x3a /home/joel/Capstone/uwb-apps/bin/targets/twr_tag/app/hw/mcu/nordic/nrf52xxx/hw_mcu_nordic_nrf52xxx.a(system_nrf52.o)
 .text.errata_31
                0x0000000000008282       0x4a /home/joel/Capstone/uwb-apps/bin/targets/twr_tag/app/hw/mcu/nordic/nrf52xxx/hw_mcu_nordic_nrf52xxx.a(system_nrf52.o)
 .text.errata_32
                0x00000000000082cc       0x3a /home/joel/Capstone/uwb-apps/bin/targets/twr_tag/app/hw/mcu/nordic/nrf52xxx/hw_mcu_nordic_nrf52xxx.a(system_nrf52.o)
 .text.errata_36
                0x0000000000008306       0x4a /home/joel/Capstone/uwb-apps/bin/targets/twr_tag/app/hw/mcu/nordic/nrf52xxx/hw_mcu_nordic_nrf52xxx.a(system_nrf52.o)
 .text.errata_37
                0x0000000000008350       0x3a /home/joel/Capstone/uwb-apps/bin/targets/twr_tag/app/hw/mcu/nordic/nrf52xxx/hw_mcu_nordic_nrf52xxx.a(system_nrf52.o)
 .text.errata_57
                0x000000000000838a       0x3a /home/joel/Capstone/uwb-apps/bin/targets/twr_tag/app/hw/mcu/nordic/nrf52xxx/hw_mcu_nordic_nrf52xxx.a(system_nrf52.o)
 .text.errata_66
                0x00000000000083c4       0x3a /home/joel/Capstone/uwb-apps/bin/targets/twr_tag/app/hw/mcu/nordic/nrf52xxx/hw_mcu_nordic_nrf52xxx.a(system_nrf52.o)
 .text.errata_108
                0x00000000000083fe       0x4a /home/joel/Capstone/uwb-apps/bin/targets/twr_tag/app/hw/mcu/nordic/nrf52xxx/hw_mcu_nordic_nrf52xxx.a(system_nrf52.o)
 .text.SystemCoreClockUpdate
                0x0000000000008448       0x10 /home/joel/Capstone/uwb-apps/bin/targets/twr_tag/app/hw/mcu/nordic/nrf52xxx/hw_mcu_nordic_nrf52xxx.a(system_nrf52.o)
                0x0000000000008448                SystemCoreClockUpdate
 .text.SystemInit
                0x0000000000008458      0x1d8 /home/joel/Capstone/uwb-apps/bin/targets/twr_tag/app/hw/mcu/nordic/nrf52xxx/hw_mcu_nordic_nrf52xxx.a(system_nrf52.o)
                0x0000000000008458                SystemInit
 .text._start   0x0000000000008630       0x14 /home/joel/Capstone/uwb-apps/bin/targets/twr_tag/app/libc/baselibc/libc_baselibc.a(start.o)
                0x0000000000008630                _start
 .text._init    0x0000000000008644        0x2 /home/joel/Capstone/uwb-apps/bin/targets/twr_tag/app/libc/baselibc/libc_baselibc.a(start.o)
                0x0000000000008644                _init
 *fill*         0x0000000000008646        0x2 
 .text.uwb_config_updated
                0x0000000000008648       0x5c /home/joel/Capstone/uwb-apps/bin/targets/twr_tag/app/apps/twr_aloha/apps_twr_aloha.a(main.o)
                0x0000000000008648                uwb_config_updated
 .text.rx_timeout_cb
                0x00000000000086a4       0x28 /home/joel/Capstone/uwb-apps/bin/targets/twr_tag/app/apps/twr_aloha/apps_twr_aloha.a(main.o)
 .text.slot_complete_cb
                0x00000000000086cc       0x38 /home/joel/Capstone/uwb-apps/bin/targets/twr_tag/app/apps/twr_aloha/apps_twr_aloha.a(main.o)
 .text.uwb_ev_cb
                0x0000000000008704       0x98 /home/joel/Capstone/uwb-apps/bin/targets/twr_tag/app/apps/twr_aloha/apps_twr_aloha.a(main.o)
 .text.complete_cb
                0x000000000000879c       0x40 /home/joel/Capstone/uwb-apps/bin/targets/twr_tag/app/apps/twr_aloha/apps_twr_aloha.a(main.o)
 *fill*         0x00000000000087dc        0x4 
 .text.main     0x00000000000087e0      0x1dc /home/joel/Capstone/uwb-apps/bin/targets/twr_tag/app/apps/twr_aloha/apps_twr_aloha.a(main.o)
                0x00000000000087e0                main
 .text.NVIC_Relocate
                0x00000000000089bc       0x34 /home/joel/Capstone/uwb-apps/bin/targets/twr_tag/app/hw/cmsis-core/hw_cmsis-core.a(cmsis_nvic.o)
                0x00000000000089bc                NVIC_Relocate
 .text.uwb_interrupt_task
                0x00000000000089f0        0xe /home/joel/Capstone/uwb-apps/bin/targets/twr_tag/app/hw/drivers/uwb/hw_drivers_uwb.a(uwb.o)
 *fill*         0x00000000000089fe        0x2 
 .text.uwb_dev_idx_lookup
                0x0000000000008a00       0x60 /home/joel/Capstone/uwb-apps/bin/targets/twr_tag/app/hw/drivers/uwb/hw_drivers_uwb.a(uwb.o)
                0x0000000000008a00                uwb_dev_idx_lookup
 .text.uwb_mac_append_interface
                0x0000000000008a60       0x4a /home/joel/Capstone/uwb-apps/bin/targets/twr_tag/app/hw/drivers/uwb/hw_drivers_uwb.a(uwb.o)
                0x0000000000008a60                uwb_mac_append_interface
 .text.uwb_mac_remove_interface
                0x0000000000008aaa       0x3e /home/joel/Capstone/uwb-apps/bin/targets/twr_tag/app/hw/drivers/uwb/hw_drivers_uwb.a(uwb.o)
                0x0000000000008aaa                uwb_mac_remove_interface
 .text.uwb_mac_get_interface
                0x0000000000008ae8       0x22 /home/joel/Capstone/uwb-apps/bin/targets/twr_tag/app/hw/drivers/uwb/hw_drivers_uwb.a(uwb.o)
                0x0000000000008ae8                uwb_mac_get_interface
 .text.uwb_mac_find_cb_inst_ptr
                0x0000000000008b0a       0x10 /home/joel/Capstone/uwb-apps/bin/targets/twr_tag/app/hw/drivers/uwb/hw_drivers_uwb.a(uwb.o)
                0x0000000000008b0a                uwb_mac_find_cb_inst_ptr
 *fill*         0x0000000000008b1a        0x2 
 .text.uwb_task_init
                0x0000000000008b1c       0x74 /home/joel/Capstone/uwb-apps/bin/targets/twr_tag/app/hw/drivers/uwb/hw_drivers_uwb.a(uwb.o)
                0x0000000000008b1c                uwb_task_init
 .text.uwb_task_deinit
                0x0000000000008b90       0x18 /home/joel/Capstone/uwb-apps/bin/targets/twr_tag/app/hw/drivers/uwb/hw_drivers_uwb.a(uwb.o)
                0x0000000000008b90                uwb_task_deinit
 .text.uwb_dev_init
                0x0000000000008ba8       0x4a /home/joel/Capstone/uwb-apps/bin/targets/twr_tag/app/hw/drivers/uwb/hw_drivers_uwb.a(uwb.o)
                0x0000000000008ba8                uwb_dev_init
 *fill*         0x0000000000008bf2        0x6 
 .text.uwb_calc_aoa
                0x0000000000008bf8       0xc0 /home/joel/Capstone/uwb-apps/bin/targets/twr_tag/app/hw/drivers/uwb/hw_drivers_uwb.a(uwb.o)
                0x0000000000008bf8                uwb_calc_aoa
 .text.hal_gpio_irq_handler
                0x0000000000008cb8       0x50 /home/joel/Capstone/uwb-apps/bin/targets/twr_tag/app/hw/mcu/nordic/nrf52xxx/hw_mcu_nordic_nrf52xxx.a(hal_gpio.o)
 .text.hal_gpio_irq_setup
                0x0000000000008d08       0x2c /home/joel/Capstone/uwb-apps/bin/targets/twr_tag/app/hw/mcu/nordic/nrf52xxx/hw_mcu_nordic_nrf52xxx.a(hal_gpio.o)
 .text.hal_gpio_find_empty_slot
                0x0000000000008d34       0x1c /home/joel/Capstone/uwb-apps/bin/targets/twr_tag/app/hw/mcu/nordic/nrf52xxx/hw_mcu_nordic_nrf52xxx.a(hal_gpio.o)
 .text.hal_gpio_find_pin
                0x0000000000008d50       0x38 /home/joel/Capstone/uwb-apps/bin/targets/twr_tag/app/hw/mcu/nordic/nrf52xxx/hw_mcu_nordic_nrf52xxx.a(hal_gpio.o)
 .text.hal_gpio_init_in
                0x0000000000008d88       0x2c /home/joel/Capstone/uwb-apps/bin/targets/twr_tag/app/hw/mcu/nordic/nrf52xxx/hw_mcu_nordic_nrf52xxx.a(hal_gpio.o)
                0x0000000000008d88                hal_gpio_init_in
 .text.hal_gpio_init_out
                0x0000000000008db4       0x38 /home/joel/Capstone/uwb-apps/bin/targets/twr_tag/app/hw/mcu/nordic/nrf52xxx/hw_mcu_nordic_nrf52xxx.a(hal_gpio.o)
                0x0000000000008db4                hal_gpio_init_out
 .text.hal_gpio_write
                0x0000000000008dec       0x22 /home/joel/Capstone/uwb-apps/bin/targets/twr_tag/app/hw/mcu/nordic/nrf52xxx/hw_mcu_nordic_nrf52xxx.a(hal_gpio.o)
                0x0000000000008dec                hal_gpio_write
 .text.hal_gpio_read
                0x0000000000008e0e       0x34 /home/joel/Capstone/uwb-apps/bin/targets/twr_tag/app/hw/mcu/nordic/nrf52xxx/hw_mcu_nordic_nrf52xxx.a(hal_gpio.o)
                0x0000000000008e0e                hal_gpio_read
 .text.hal_gpio_toggle
                0x0000000000008e42       0x1a /home/joel/Capstone/uwb-apps/bin/targets/twr_tag/app/hw/mcu/nordic/nrf52xxx/hw_mcu_nordic_nrf52xxx.a(hal_gpio.o)
                0x0000000000008e42                hal_gpio_toggle
 .text.hal_gpio_irq_init
                0x0000000000008e5c       0x78 /home/joel/Capstone/uwb-apps/bin/targets/twr_tag/app/hw/mcu/nordic/nrf52xxx/hw_mcu_nordic_nrf52xxx.a(hal_gpio.o)
                0x0000000000008e5c                hal_gpio_irq_init
 .text.hal_gpio_irq_enable
                0x0000000000008ed4       0x28 /home/joel/Capstone/uwb-apps/bin/targets/twr_tag/app/hw/mcu/nordic/nrf52xxx/hw_mcu_nordic_nrf52xxx.a(hal_gpio.o)
                0x0000000000008ed4                hal_gpio_irq_enable
 .text.hal_gpio_irq_disable
                0x0000000000008efc       0x1c /home/joel/Capstone/uwb-apps/bin/targets/twr_tag/app/hw/mcu/nordic/nrf52xxx/hw_mcu_nordic_nrf52xxx.a(hal_gpio.o)
                0x0000000000008efc                hal_gpio_irq_disable
 .text.hal_gpio_irq_release
                0x0000000000008f18       0x3c /home/joel/Capstone/uwb-apps/bin/targets/twr_tag/app/hw/mcu/nordic/nrf52xxx/hw_mcu_nordic_nrf52xxx.a(hal_gpio.o)
                0x0000000000008f18                hal_gpio_irq_release
 .text.__assert_func
                0x0000000000008f54       0x4c /home/joel/Capstone/uwb-apps/bin/targets/twr_tag/app/kernel/os/kernel_os.a(os_fault.o)
                0x0000000000008f54                __assert_func
 .text.os_default_irq
                0x0000000000008fa0       0x98 /home/joel/Capstone/uwb-apps/bin/targets/twr_tag/app/kernel/os/kernel_os.a(os_fault.o)
                0x0000000000008fa0                os_default_irq
 .text.os_idle_task
                0x0000000000009038       0x78 /home/joel/Capstone/uwb-apps/bin/targets/twr_tag/app/kernel/os/kernel_os.a(os.o)
                0x0000000000009038                os_idle_task
 .text.os_main  0x00000000000090b0       0x16 /home/joel/Capstone/uwb-apps/bin/targets/twr_tag/app/kernel/os/kernel_os.a(os.o)
 *fill*         0x00000000000090c6        0x2 
 .text.os_started
                0x00000000000090c8        0xc /home/joel/Capstone/uwb-apps/bin/targets/twr_tag/app/kernel/os/kernel_os.a(os.o)
                0x00000000000090c8                os_started
 .text.os_init_idle_task
                0x00000000000090d4       0x70 /home/joel/Capstone/uwb-apps/bin/targets/twr_tag/app/kernel/os/kernel_os.a(os.o)
                0x00000000000090d4                os_init_idle_task
 .text.os_init  0x0000000000009144       0xb8 /home/joel/Capstone/uwb-apps/bin/targets/twr_tag/app/kernel/os/kernel_os.a(os.o)
                0x0000000000009144                os_init
 .text.os_start
                0x00000000000091fc       0x1a /home/joel/Capstone/uwb-apps/bin/targets/twr_tag/app/kernel/os/kernel_os.a(os.o)
                0x00000000000091fc                os_start
 .text.os_reboot
                0x0000000000009216        0x8 /home/joel/Capstone/uwb-apps/bin/targets/twr_tag/app/kernel/os/kernel_os.a(os.o)
                0x0000000000009216                os_reboot
 .text.os_system_reset
                0x000000000000921e        0xa /home/joel/Capstone/uwb-apps/bin/targets/twr_tag/app/kernel/os/kernel_os.a(os.o)
                0x000000000000921e                os_system_reset
 .text.os_pkg_init
                0x0000000000009228       0x38 /home/joel/Capstone/uwb-apps/bin/targets/twr_tag/app/kernel/os/kernel_os.a(os.o)
                0x0000000000009228                os_pkg_init
 .text.os_callout_init
                0x0000000000009260       0x1a /home/joel/Capstone/uwb-apps/bin/targets/twr_tag/app/kernel/os/kernel_os.a(os_callout.o)
                0x0000000000009260                os_callout_init
 *fill*         0x000000000000927a        0x2 
 .text.os_callout_stop
                0x000000000000927c       0x3c /home/joel/Capstone/uwb-apps/bin/targets/twr_tag/app/kernel/os/kernel_os.a(os_callout.o)
                0x000000000000927c                os_callout_stop
 .text.os_callout_reset
                0x00000000000092b8       0x78 /home/joel/Capstone/uwb-apps/bin/targets/twr_tag/app/kernel/os/kernel_os.a(os_callout.o)
                0x00000000000092b8                os_callout_reset
 .text.os_callout_tick
                0x0000000000009330       0x5c /home/joel/Capstone/uwb-apps/bin/targets/twr_tag/app/kernel/os/kernel_os.a(os_callout.o)
                0x0000000000009330                os_callout_tick
 .text.os_callout_wakeup_ticks
                0x000000000000938c       0x34 /home/joel/Capstone/uwb-apps/bin/targets/twr_tag/app/kernel/os/kernel_os.a(os_callout.o)
                0x000000000000938c                os_callout_wakeup_ticks
 .text.os_cputime_init
                0x00000000000093c0        0xc /home/joel/Capstone/uwb-apps/bin/targets/twr_tag/app/kernel/os/kernel_os.a(os_cputime.o)
                0x00000000000093c0                os_cputime_init
 .text.os_cputime_get32
                0x00000000000093cc        0xa /home/joel/Capstone/uwb-apps/bin/targets/twr_tag/app/kernel/os/kernel_os.a(os_cputime.o)
                0x00000000000093cc                os_cputime_get32
 *fill*         0x00000000000093d6        0x2 
 .text.os_dev_add
                0x00000000000093d8       0x5c /home/joel/Capstone/uwb-apps/bin/targets/twr_tag/app/kernel/os/kernel_os.a(os_dev.o)
 .text.os_dev_initialize
                0x0000000000009434       0x22 /home/joel/Capstone/uwb-apps/bin/targets/twr_tag/app/kernel/os/kernel_os.a(os_dev.o)
 .text.os_dev_init
                0x0000000000009456       0x30 /home/joel/Capstone/uwb-apps/bin/targets/twr_tag/app/kernel/os/kernel_os.a(os_dev.o)
 *fill*         0x0000000000009486        0x2 
 .text.os_dev_create
                0x0000000000009488       0x38 /home/joel/Capstone/uwb-apps/bin/targets/twr_tag/app/kernel/os/kernel_os.a(os_dev.o)
                0x0000000000009488                os_dev_create
 .text.os_dev_initialize_all
                0x00000000000094c0       0x2c /home/joel/Capstone/uwb-apps/bin/targets/twr_tag/app/kernel/os/kernel_os.a(os_dev.o)
                0x00000000000094c0                os_dev_initialize_all
 .text.os_dev_lookup
                0x00000000000094ec       0x24 /home/joel/Capstone/uwb-apps/bin/targets/twr_tag/app/kernel/os/kernel_os.a(os_dev.o)
                0x00000000000094ec                os_dev_lookup
 .text.os_dev_open
                0x0000000000009510       0x44 /home/joel/Capstone/uwb-apps/bin/targets/twr_tag/app/kernel/os/kernel_os.a(os_dev.o)
                0x0000000000009510                os_dev_open
 .text.os_dev_reset
                0x0000000000009554       0x10 /home/joel/Capstone/uwb-apps/bin/targets/twr_tag/app/kernel/os/kernel_os.a(os_dev.o)
                0x0000000000009554                os_dev_reset
 .text.os_dev_walk
                0x0000000000009564       0x20 /home/joel/Capstone/uwb-apps/bin/targets/twr_tag/app/kernel/os/kernel_os.a(os_dev.o)
                0x0000000000009564                os_dev_walk
 .text.os_eventq_init
                0x0000000000009584       0x12 /home/joel/Capstone/uwb-apps/bin/targets/twr_tag/app/kernel/os/kernel_os.a(os_eventq.o)
                0x0000000000009584                os_eventq_init
 .text.os_eventq_inited
                0x0000000000009596        0xa /home/joel/Capstone/uwb-apps/bin/targets/twr_tag/app/kernel/os/kernel_os.a(os_eventq.o)
                0x0000000000009596                os_eventq_inited
 .text.os_eventq_put
                0x00000000000095a0       0x68 /home/joel/Capstone/uwb-apps/bin/targets/twr_tag/app/kernel/os/kernel_os.a(os_eventq.o)
                0x00000000000095a0                os_eventq_put
 .text.os_eventq_get_no_wait
                0x0000000000009608       0x1a /home/joel/Capstone/uwb-apps/bin/targets/twr_tag/app/kernel/os/kernel_os.a(os_eventq.o)
                0x0000000000009608                os_eventq_get_no_wait
 .text.os_eventq_get
                0x0000000000009622       0x7e /home/joel/Capstone/uwb-apps/bin/targets/twr_tag/app/kernel/os/kernel_os.a(os_eventq.o)
                0x0000000000009622                os_eventq_get
 .text.os_eventq_run
                0x00000000000096a0       0x18 /home/joel/Capstone/uwb-apps/bin/targets/twr_tag/app/kernel/os/kernel_os.a(os_eventq.o)
                0x00000000000096a0                os_eventq_run
 .text.os_eventq_remove
                0x00000000000096b8       0x42 /home/joel/Capstone/uwb-apps/bin/targets/twr_tag/app/kernel/os/kernel_os.a(os_eventq.o)
                0x00000000000096b8                os_eventq_remove
 *fill*         0x00000000000096fa        0x2 
 .text.os_eventq_dflt_get
                0x00000000000096fc        0x8 /home/joel/Capstone/uwb-apps/bin/targets/twr_tag/app/kernel/os/kernel_os.a(os_eventq.o)
                0x00000000000096fc                os_eventq_dflt_get
 .text.os_mempool_init_internal
                0x0000000000009704       0x78 /home/joel/Capstone/uwb-apps/bin/targets/twr_tag/app/kernel/os/kernel_os.a(os_mempool.o)
 .text.os_mempool_init
                0x000000000000977c       0x14 /home/joel/Capstone/uwb-apps/bin/targets/twr_tag/app/kernel/os/kernel_os.a(os_mempool.o)
                0x000000000000977c                os_mempool_init
 .text.os_memblock_get
                0x0000000000009790       0x32 /home/joel/Capstone/uwb-apps/bin/targets/twr_tag/app/kernel/os/kernel_os.a(os_mempool.o)
                0x0000000000009790                os_memblock_get
 .text.os_memblock_put_from_cb
                0x00000000000097c2       0x1e /home/joel/Capstone/uwb-apps/bin/targets/twr_tag/app/kernel/os/kernel_os.a(os_mempool.o)
                0x00000000000097c2                os_memblock_put_from_cb
 .text.os_memblock_put
                0x00000000000097e0       0x2a /home/joel/Capstone/uwb-apps/bin/targets/twr_tag/app/kernel/os/kernel_os.a(os_mempool.o)
                0x00000000000097e0                os_memblock_put
 *fill*         0x000000000000980a        0x2 
 .text.os_mempool_info_get_next
                0x000000000000980c       0x34 /home/joel/Capstone/uwb-apps/bin/targets/twr_tag/app/kernel/os/kernel_os.a(os_mempool.o)
                0x000000000000980c                os_mempool_info_get_next
 .text.os_mempool_module_init
                0x0000000000009840       0x10 /home/joel/Capstone/uwb-apps/bin/targets/twr_tag/app/kernel/os/kernel_os.a(os_mempool.o)
                0x0000000000009840                os_mempool_module_init
 .text.os_msys_find_biggest_pool
                0x0000000000009850       0x10 /home/joel/Capstone/uwb-apps/bin/targets/twr_tag/app/kernel/os/kernel_os.a(os_msys.o)
 .text.os_msys_find_pool
                0x0000000000009860       0x2c /home/joel/Capstone/uwb-apps/bin/targets/twr_tag/app/kernel/os/kernel_os.a(os_msys.o)
 .text.os_msys_register
                0x000000000000988c       0x4c /home/joel/Capstone/uwb-apps/bin/targets/twr_tag/app/kernel/os/kernel_os.a(os_msys.o)
                0x000000000000988c                os_msys_register
 .text.os_msys_init_once
                0x00000000000098d8       0x44 /home/joel/Capstone/uwb-apps/bin/targets/twr_tag/app/kernel/os/kernel_os.a(os_msys.o)
 .text.os_msys_reset
                0x000000000000991c       0x10 /home/joel/Capstone/uwb-apps/bin/targets/twr_tag/app/kernel/os/kernel_os.a(os_msys.o)
                0x000000000000991c                os_msys_reset
 .text.os_msys_get_pkthdr
                0x000000000000992c       0x24 /home/joel/Capstone/uwb-apps/bin/targets/twr_tag/app/kernel/os/kernel_os.a(os_msys.o)
                0x000000000000992c                os_msys_get_pkthdr
 .text.os_msys_init
                0x0000000000009950       0x34 /home/joel/Capstone/uwb-apps/bin/targets/twr_tag/app/kernel/os/kernel_os.a(os_msys.o)
                0x0000000000009950                os_msys_init
 .text.os_sanity_check_list_lock
                0x0000000000009984       0x20 /home/joel/Capstone/uwb-apps/bin/targets/twr_tag/app/kernel/os/kernel_os.a(os_sanity.o)
 .text.os_sanity_check_list_unlock
                0x00000000000099a4       0x1c /home/joel/Capstone/uwb-apps/bin/targets/twr_tag/app/kernel/os/kernel_os.a(os_sanity.o)
 .text.os_sanity_check_init
                0x00000000000099c0       0x10 /home/joel/Capstone/uwb-apps/bin/targets/twr_tag/app/kernel/os/kernel_os.a(os_sanity.o)
                0x00000000000099c0                os_sanity_check_init
 .text.os_sanity_check_register
                0x00000000000099d0       0x20 /home/joel/Capstone/uwb-apps/bin/targets/twr_tag/app/kernel/os/kernel_os.a(os_sanity.o)
                0x00000000000099d0                os_sanity_check_register
 .text.os_sanity_run
                0x00000000000099f0       0x6c /home/joel/Capstone/uwb-apps/bin/targets/twr_tag/app/kernel/os/kernel_os.a(os_sanity.o)
                0x00000000000099f0                os_sanity_run
 .text.os_sanity_init
                0x0000000000009a5c       0x10 /home/joel/Capstone/uwb-apps/bin/targets/twr_tag/app/kernel/os/kernel_os.a(os_sanity.o)
                0x0000000000009a5c                os_sanity_init
 .text.os_sched_insert
                0x0000000000009a6c       0x54 /home/joel/Capstone/uwb-apps/bin/targets/twr_tag/app/kernel/os/kernel_os.a(os_sched.o)
                0x0000000000009a6c                os_sched_insert
 .text.os_sched_ctx_sw_hook
                0x0000000000009ac0       0x30 /home/joel/Capstone/uwb-apps/bin/targets/twr_tag/app/kernel/os/kernel_os.a(os_sched.o)
                0x0000000000009ac0                os_sched_ctx_sw_hook
 .text.os_sched_get_current_task
                0x0000000000009af0        0xc /home/joel/Capstone/uwb-apps/bin/targets/twr_tag/app/kernel/os/kernel_os.a(os_sched.o)
                0x0000000000009af0                os_sched_get_current_task
 .text.os_sched_set_current_task
                0x0000000000009afc        0xc /home/joel/Capstone/uwb-apps/bin/targets/twr_tag/app/kernel/os/kernel_os.a(os_sched.o)
                0x0000000000009afc                os_sched_set_current_task
 .text.os_sched_sleep
                0x0000000000009b08       0x90 /home/joel/Capstone/uwb-apps/bin/targets/twr_tag/app/kernel/os/kernel_os.a(os_sched.o)
                0x0000000000009b08                os_sched_sleep
 .text.os_sched_remove
                0x0000000000009b98       0x84 /home/joel/Capstone/uwb-apps/bin/targets/twr_tag/app/kernel/os/kernel_os.a(os_sched.o)
                0x0000000000009b98                os_sched_remove
 .text.os_sched_wakeup
                0x0000000000009c1c       0x74 /home/joel/Capstone/uwb-apps/bin/targets/twr_tag/app/kernel/os/kernel_os.a(os_sched.o)
                0x0000000000009c1c                os_sched_wakeup
 .text.os_sched_os_timer_exp
                0x0000000000009c90       0x3c /home/joel/Capstone/uwb-apps/bin/targets/twr_tag/app/kernel/os/kernel_os.a(os_sched.o)
                0x0000000000009c90                os_sched_os_timer_exp
 .text.os_sched_wakeup_ticks
                0x0000000000009ccc       0x40 /home/joel/Capstone/uwb-apps/bin/targets/twr_tag/app/kernel/os/kernel_os.a(os_sched.o)
                0x0000000000009ccc                os_sched_wakeup_ticks
 .text.os_sched_next_task
                0x0000000000009d0c        0xc /home/joel/Capstone/uwb-apps/bin/targets/twr_tag/app/kernel/os/kernel_os.a(os_sched.o)
                0x0000000000009d0c                os_sched_next_task
 .text.os_sched
                0x0000000000009d18       0x22 /home/joel/Capstone/uwb-apps/bin/targets/twr_tag/app/kernel/os/kernel_os.a(os_sched.o)
                0x0000000000009d18                os_sched
 *fill*         0x0000000000009d3a        0x2 
 .text.os_sched_resort
                0x0000000000009d3c       0x2c /home/joel/Capstone/uwb-apps/bin/targets/twr_tag/app/kernel/os/kernel_os.a(os_sched.o)
                0x0000000000009d3c                os_sched_resort
 .text.os_sem_init
                0x0000000000009d68       0x10 /home/joel/Capstone/uwb-apps/bin/targets/twr_tag/app/kernel/os/kernel_os.a(os_sem.o)
                0x0000000000009d68                os_sem_init
 .text.os_sem_release
                0x0000000000009d78       0x64 /home/joel/Capstone/uwb-apps/bin/targets/twr_tag/app/kernel/os/kernel_os.a(os_sem.o)
                0x0000000000009d78                os_sem_release
 .text.os_sem_pend
                0x0000000000009ddc       0xb4 /home/joel/Capstone/uwb-apps/bin/targets/twr_tag/app/kernel/os/kernel_os.a(os_sem.o)
                0x0000000000009ddc                os_sem_pend
 .text._clear_stack
                0x0000000000009e90       0x18 /home/joel/Capstone/uwb-apps/bin/targets/twr_tag/app/kernel/os/kernel_os.a(os_task.o)
 .text.os_task_init
                0x0000000000009ea8       0xd8 /home/joel/Capstone/uwb-apps/bin/targets/twr_tag/app/kernel/os/kernel_os.a(os_task.o)
                0x0000000000009ea8                os_task_init
 .text.os_task_remove
                0x0000000000009f80       0x4a /home/joel/Capstone/uwb-apps/bin/targets/twr_tag/app/kernel/os/kernel_os.a(os_task.o)
                0x0000000000009f80                os_task_remove
 *fill*         0x0000000000009fca        0x2 
 .text.os_task_info_get_next
                0x0000000000009fcc       0x80 /home/joel/Capstone/uwb-apps/bin/targets/twr_tag/app/kernel/os/kernel_os.a(os_task.o)
                0x0000000000009fcc                os_task_info_get_next
 .text.os_deltatime
                0x000000000000a04c       0x54 /home/joel/Capstone/uwb-apps/bin/targets/twr_tag/app/kernel/os/kernel_os.a(os_time.o)
 .text.os_time_change_notify
                0x000000000000a0a0       0x20 /home/joel/Capstone/uwb-apps/bin/targets/twr_tag/app/kernel/os/kernel_os.a(os_time.o)
 .text.os_time_tick
                0x000000000000a0c0       0x5c /home/joel/Capstone/uwb-apps/bin/targets/twr_tag/app/kernel/os/kernel_os.a(os_time.o)
 .text.os_time_get
                0x000000000000a11c        0xc /home/joel/Capstone/uwb-apps/bin/targets/twr_tag/app/kernel/os/kernel_os.a(os_time.o)
                0x000000000000a11c                os_time_get
 .text.os_time_advance
                0x000000000000a128       0x44 /home/joel/Capstone/uwb-apps/bin/targets/twr_tag/app/kernel/os/kernel_os.a(os_time.o)
                0x000000000000a128                os_time_advance
 .text.os_time_delay
                0x000000000000a16c       0x26 /home/joel/Capstone/uwb-apps/bin/targets/twr_tag/app/kernel/os/kernel_os.a(os_time.o)
                0x000000000000a16c                os_time_delay
 *fill*         0x000000000000a192        0x2 
 .text.os_gettimeofday
                0x000000000000a194       0x38 /home/joel/Capstone/uwb-apps/bin/targets/twr_tag/app/kernel/os/kernel_os.a(os_time.o)
                0x000000000000a194                os_gettimeofday
 .text.os_time_is_set
                0x000000000000a1cc       0x18 /home/joel/Capstone/uwb-apps/bin/targets/twr_tag/app/kernel/os/kernel_os.a(os_time.o)
                0x000000000000a1cc                os_time_is_set
 .text.os_time_populate_info
                0x000000000000a1e4       0x48 /home/joel/Capstone/uwb-apps/bin/targets/twr_tag/app/kernel/os/kernel_os.a(os_time.o)
 .text.os_settimeofday
                0x000000000000a22c       0x74 /home/joel/Capstone/uwb-apps/bin/targets/twr_tag/app/kernel/os/kernel_os.a(os_time.o)
                0x000000000000a22c                os_settimeofday
 .text.os_get_uptime
                0x000000000000a2a0       0x3c /home/joel/Capstone/uwb-apps/bin/targets/twr_tag/app/kernel/os/kernel_os.a(os_time.o)
                0x000000000000a2a0                os_get_uptime
 .text.os_get_uptime_usec
                0x000000000000a2dc       0x52 /home/joel/Capstone/uwb-apps/bin/targets/twr_tag/app/kernel/os/kernel_os.a(os_time.o)
                0x000000000000a2dc                os_get_uptime_usec
 .text.os_time_ms_to_ticks
                0x000000000000a32e       0x1a /home/joel/Capstone/uwb-apps/bin/targets/twr_tag/app/kernel/os/kernel_os.a(os_time.o)
                0x000000000000a32e                os_time_ms_to_ticks
 .text.timer_handler
                0x000000000000a348        0xa /home/joel/Capstone/uwb-apps/bin/targets/twr_tag/app/kernel/os/kernel_os.a(os_arch_arm.o)
                0x000000000000a348                timer_handler
 *fill*         0x000000000000a352        0x2 
 .text.os_arch_ctx_sw
                0x000000000000a354       0x14 /home/joel/Capstone/uwb-apps/bin/targets/twr_tag/app/kernel/os/kernel_os.a(os_arch_arm.o)
                0x000000000000a354                os_arch_ctx_sw
 .text.os_arch_save_sr
                0x000000000000a368        0xc /home/joel/Capstone/uwb-apps/bin/targets/twr_tag/app/kernel/os/kernel_os.a(os_arch_arm.o)
                0x000000000000a368                os_arch_save_sr
 .text.os_arch_restore_sr
                0x000000000000a374        0x6 /home/joel/Capstone/uwb-apps/bin/targets/twr_tag/app/kernel/os/kernel_os.a(os_arch_arm.o)
                0x000000000000a374                os_arch_restore_sr
 .text.os_arch_in_critical
                0x000000000000a37a        0xa /home/joel/Capstone/uwb-apps/bin/targets/twr_tag/app/kernel/os/kernel_os.a(os_arch_arm.o)
                0x000000000000a37a                os_arch_in_critical
 .text.os_arch_task_stack_init
                0x000000000000a384       0x40 /home/joel/Capstone/uwb-apps/bin/targets/twr_tag/app/kernel/os/kernel_os.a(os_arch_arm.o)
                0x000000000000a384                os_arch_task_stack_init
 .text.os_arch_init
                0x000000000000a3c4       0x18 /home/joel/Capstone/uwb-apps/bin/targets/twr_tag/app/kernel/os/kernel_os.a(os_arch_arm.o)
                0x000000000000a3c4                os_arch_init
 .text.os_arch_os_init
                0x000000000000a3dc       0xa0 /home/joel/Capstone/uwb-apps/bin/targets/twr_tag/app/kernel/os/kernel_os.a(os_arch_arm.o)
                0x000000000000a3dc                os_arch_os_init
 .text.os_arch_start
                0x000000000000a47c       0x30 /home/joel/Capstone/uwb-apps/bin/targets/twr_tag/app/kernel/os/kernel_os.a(os_arch_arm.o)
                0x000000000000a47c                os_arch_start
 .text.os_arch_os_start
                0x000000000000a4ac       0x68 /home/joel/Capstone/uwb-apps/bin/targets/twr_tag/app/kernel/os/kernel_os.a(os_arch_arm.o)
                0x000000000000a4ac                os_arch_os_start
 .text.os_mqueue_init
                0x000000000000a514       0x16 /home/joel/Capstone/uwb-apps/bin/targets/twr_tag/app/kernel/os/kernel_os.a(os_mbuf.o)
                0x000000000000a514                os_mqueue_init
 .text.os_mqueue_get
                0x000000000000a52a       0x22 /home/joel/Capstone/uwb-apps/bin/targets/twr_tag/app/kernel/os/kernel_os.a(os_mbuf.o)
                0x000000000000a52a                os_mqueue_get
 .text.os_mqueue_put
                0x000000000000a54c       0x3e /home/joel/Capstone/uwb-apps/bin/targets/twr_tag/app/kernel/os/kernel_os.a(os_mbuf.o)
                0x000000000000a54c                os_mqueue_put
 .text.os_mbuf_get
                0x000000000000a58a       0x2e /home/joel/Capstone/uwb-apps/bin/targets/twr_tag/app/kernel/os/kernel_os.a(os_mbuf.o)
                0x000000000000a58a                os_mbuf_get
 .text.os_mbuf_get_pkthdr
                0x000000000000a5b8       0x32 /home/joel/Capstone/uwb-apps/bin/targets/twr_tag/app/kernel/os/kernel_os.a(os_mbuf.o)
                0x000000000000a5b8                os_mbuf_get_pkthdr
 .text.os_mbuf_free
                0x000000000000a5ea       0x14 /home/joel/Capstone/uwb-apps/bin/targets/twr_tag/app/kernel/os/kernel_os.a(os_mbuf.o)
                0x000000000000a5ea                os_mbuf_free
 .text.os_mbuf_free_chain
                0x000000000000a5fe       0x20 /home/joel/Capstone/uwb-apps/bin/targets/twr_tag/app/kernel/os/kernel_os.a(os_mbuf.o)
                0x000000000000a5fe                os_mbuf_free_chain
 .text.os_mbuf_append
                0x000000000000a61e       0xa8 /home/joel/Capstone/uwb-apps/bin/targets/twr_tag/app/kernel/os/kernel_os.a(os_mbuf.o)
                0x000000000000a61e                os_mbuf_append
 .text.os_mbuf_off
                0x000000000000a6c6       0x24 /home/joel/Capstone/uwb-apps/bin/targets/twr_tag/app/kernel/os/kernel_os.a(os_mbuf.o)
                0x000000000000a6c6                os_mbuf_off
 .text.os_mbuf_copydata
                0x000000000000a6ea       0x5a /home/joel/Capstone/uwb-apps/bin/targets/twr_tag/app/kernel/os/kernel_os.a(os_mbuf.o)
                0x000000000000a6ea                os_mbuf_copydata
 .text.os_mbuf_adj
                0x000000000000a744       0xae /home/joel/Capstone/uwb-apps/bin/targets/twr_tag/app/kernel/os/kernel_os.a(os_mbuf.o)
                0x000000000000a744                os_mbuf_adj
 .text.os_mbuf_cmpf
                0x000000000000a7f2       0x7a /home/joel/Capstone/uwb-apps/bin/targets/twr_tag/app/kernel/os/kernel_os.a(os_mbuf.o)
                0x000000000000a7f2                os_mbuf_cmpf
 .text.os_mbuf_copyinto
                0x000000000000a86c       0x88 /home/joel/Capstone/uwb-apps/bin/targets/twr_tag/app/kernel/os/kernel_os.a(os_mbuf.o)
                0x000000000000a86c                os_mbuf_copyinto
 .text.os_mbuf_extend
                0x000000000000a8f4       0x5c /home/joel/Capstone/uwb-apps/bin/targets/twr_tag/app/kernel/os/kernel_os.a(os_mbuf.o)
                0x000000000000a8f4                os_mbuf_extend
 .text.os_mutex_init
                0x000000000000a950       0x14 /home/joel/Capstone/uwb-apps/bin/targets/twr_tag/app/kernel/os/kernel_os.a(os_mutex.o)
                0x000000000000a950                os_mutex_init
 .text.os_mutex_release
                0x000000000000a964       0xb8 /home/joel/Capstone/uwb-apps/bin/targets/twr_tag/app/kernel/os/kernel_os.a(os_mutex.o)
                0x000000000000a964                os_mutex_release
 .text.os_mutex_pend
                0x000000000000aa1c       0xe0 /home/joel/Capstone/uwb-apps/bin/targets/twr_tag/app/kernel/os/kernel_os.a(os_mutex.o)
                0x000000000000aa1c                os_mutex_pend
 .text          0x000000000000aafc       0xe4 /home/joel/Capstone/uwb-apps/bin/targets/twr_tag/app/kernel/os/kernel_os.a(HAL_CM4.o)
                0x000000000000aafc                os_set_env
                0x000000000000ab10                os_arch_init_task_stack
                0x000000000000ab16                SVC_Handler
                0x000000000000ab5c                PendSV_Handler
                0x000000000000aba2                SysTick_Handler
                0x000000000000abae                os_default_irq_asm
 .text.reset_cb
                0x000000000000abe0       0x44 /home/joel/Capstone/uwb-apps/bin/targets/twr_tag/app/lib/uwb_rng/lib_uwb_rng.a(uwb_rng.o)
 .text.rx_timeout_cb
                0x000000000000ac24       0x4a /home/joel/Capstone/uwb-apps/bin/targets/twr_tag/app/lib/uwb_rng/lib_uwb_rng.a(uwb_rng.o)
 *fill*         0x000000000000ac6e        0x2 
 .text.superframe_reset_cb
                0x000000000000ac70       0x54 /home/joel/Capstone/uwb-apps/bin/targets/twr_tag/app/lib/uwb_rng/lib_uwb_rng.a(uwb_rng.o)
 .text.complete_ev_cb
                0x000000000000acc4       0x26 /home/joel/Capstone/uwb-apps/bin/targets/twr_tag/app/lib/uwb_rng/lib_uwb_rng.a(uwb_rng.o)
 *fill*         0x000000000000acea        0x2 
 .text.complete_cb
                0x000000000000acec      0x130 /home/joel/Capstone/uwb-apps/bin/targets/twr_tag/app/lib/uwb_rng/lib_uwb_rng.a(uwb_rng.o)
 .text.uwb_rng_free
                0x000000000000ae1c       0x2e /home/joel/Capstone/uwb-apps/bin/targets/twr_tag/app/lib/uwb_rng/lib_uwb_rng.a(uwb_rng.o)
                0x000000000000ae1c                uwb_rng_free
 .text.uwb_rng_config
                0x000000000000ae4a       0x2e /home/joel/Capstone/uwb-apps/bin/targets/twr_tag/app/lib/uwb_rng/lib_uwb_rng.a(uwb_rng.o)
                0x000000000000ae4a                uwb_rng_config
 .text.uwb_rng_init
                0x000000000000ae78       0xcc /home/joel/Capstone/uwb-apps/bin/targets/twr_tag/app/lib/uwb_rng/lib_uwb_rng.a(uwb_rng.o)
                0x000000000000ae78                uwb_rng_init
 .text.uwb_rng_get_config
                0x000000000000af44       0x24 /home/joel/Capstone/uwb-apps/bin/targets/twr_tag/app/lib/uwb_rng/lib_uwb_rng.a(uwb_rng.o)
                0x000000000000af44                uwb_rng_get_config
 .text.uwb_rng_append_config
                0x000000000000af68       0x32 /home/joel/Capstone/uwb-apps/bin/targets/twr_tag/app/lib/uwb_rng/lib_uwb_rng.a(uwb_rng.o)
                0x000000000000af68                uwb_rng_append_config
 .text.uwb_rng_remove_config
                0x000000000000af9a       0x3e /home/joel/Capstone/uwb-apps/bin/targets/twr_tag/app/lib/uwb_rng/lib_uwb_rng.a(uwb_rng.o)
                0x000000000000af9a                uwb_rng_remove_config
 .text.uwb_rng_calc_rel_tx
                0x000000000000afd8       0x80 /home/joel/Capstone/uwb-apps/bin/targets/twr_tag/app/lib/uwb_rng/lib_uwb_rng.a(uwb_rng.o)
                0x000000000000afd8                uwb_rng_calc_rel_tx
 .text.uwb_rng_clear_twr_data
                0x000000000000b058       0x28 /home/joel/Capstone/uwb-apps/bin/targets/twr_tag/app/lib/uwb_rng/lib_uwb_rng.a(uwb_rng.o)
                0x000000000000b058                uwb_rng_clear_twr_data
 .text.rx_complete_cb
                0x000000000000b080       0xea /home/joel/Capstone/uwb-apps/bin/targets/twr_tag/app/lib/uwb_rng/lib_uwb_rng.a(uwb_rng.o)
 *fill*         0x000000000000b16a        0x6 
 .text.uwb_rng_request
                0x000000000000b170      0x230 /home/joel/Capstone/uwb-apps/bin/targets/twr_tag/app/lib/uwb_rng/lib_uwb_rng.a(uwb_rng.o)
                0x000000000000b170                uwb_rng_request
 .text.uwb_rng_listen
                0x000000000000b3a0       0xe8 /home/joel/Capstone/uwb-apps/bin/targets/twr_tag/app/lib/uwb_rng/lib_uwb_rng.a(uwb_rng.o)
                0x000000000000b3a0                uwb_rng_listen
 .text.uwb_rng_twr_to_tof
                0x000000000000b488       0xc8 /home/joel/Capstone/uwb-apps/bin/targets/twr_tag/app/lib/uwb_rng/lib_uwb_rng.a(uwb_rng.o)
                0x000000000000b488                uwb_rng_twr_to_tof
 .text.tx_final_cb
                0x000000000000b550      0x138 /home/joel/Capstone/uwb-apps/bin/targets/twr_tag/app/lib/uwb_rng/lib_uwb_rng.a(uwb_rng.o)
 .text.rng_issue_complete
                0x000000000000b688       0x20 /home/joel/Capstone/uwb-apps/bin/targets/twr_tag/app/lib/uwb_rng/lib_uwb_rng.a(uwb_rng.o)
                0x000000000000b688                rng_issue_complete
 .text.tx_complete_cb
                0x000000000000b6a8       0x62 /home/joel/Capstone/uwb-apps/bin/targets/twr_tag/app/lib/uwb_rng/lib_uwb_rng.a(uwb_rng.o)
 *fill*         0x000000000000b70a        0x2 
 .text.uwb_rng_pkg_init
                0x000000000000b70c       0xb8 /home/joel/Capstone/uwb-apps/bin/targets/twr_tag/app/lib/uwb_rng/lib_uwb_rng.a(uwb_rng.o)
                0x000000000000b70c                uwb_rng_pkg_init
 .text.uwb_rng_pkg_init2
                0x000000000000b7c4        0x2 /home/joel/Capstone/uwb-apps/bin/targets/twr_tag/app/lib/uwb_rng/lib_uwb_rng.a(uwb_rng.o)
                0x000000000000b7c4                uwb_rng_pkg_init2
 *fill*         0x000000000000b7c6        0x2 
 .text.uwb_rng_pkg_down
                0x000000000000b7c8       0x38 /home/joel/Capstone/uwb-apps/bin/targets/twr_tag/app/lib/uwb_rng/lib_uwb_rng.a(uwb_rng.o)
                0x000000000000b7c8                uwb_rng_pkg_down
 .text.rng_encode
                0x000000000000b800      0x18c /home/joel/Capstone/uwb-apps/bin/targets/twr_tag/app/lib/uwb_rng/lib_uwb_rng.a(rng_encode.o)
                0x000000000000b800                rng_encode
 .text.rng_write_line
                0x000000000000b98c       0x42 /home/joel/Capstone/uwb-apps/bin/targets/twr_tag/app/lib/uwb_rng/lib_uwb_rng.a(rng_json.o)
 *fill*         0x000000000000b9ce        0x2 
 .text.rng_json_write
                0x000000000000b9d0      0x43c /home/joel/Capstone/uwb-apps/bin/targets/twr_tag/app/lib/uwb_rng/lib_uwb_rng.a(rng_json.o)
                0x000000000000b9d0                rng_json_write
 .text.calloc   0x000000000000be0c       0x30 /home/joel/Capstone/uwb-apps/bin/targets/twr_tag/app/libc/baselibc/libc_baselibc.a(calloc.o)
                0x000000000000be0c                calloc
 .text.fwrite   0x000000000000be3c       0x20 /home/joel/Capstone/uwb-apps/bin/targets/twr_tag/app/libc/baselibc/libc_baselibc.a(inline.o)
                0x000000000000be3c                fwrite
 .text.puts     0x000000000000be5c       0x34 /home/joel/Capstone/uwb-apps/bin/targets/twr_tag/app/libc/baselibc/libc_baselibc.a(inline.o)
                0x000000000000be5c                puts
 .text.malloc_lock_nop
                0x000000000000be90        0x4 /home/joel/Capstone/uwb-apps/bin/targets/twr_tag/app/libc/baselibc/libc_baselibc.a(malloc.o)
 .text.malloc_unlock_nop
                0x000000000000be94        0x2 /home/joel/Capstone/uwb-apps/bin/targets/twr_tag/app/libc/baselibc/libc_baselibc.a(malloc.o)
 .text.__malloc_from_block
                0x000000000000be96       0x48 /home/joel/Capstone/uwb-apps/bin/targets/twr_tag/app/libc/baselibc/libc_baselibc.a(malloc.o)
 *fill*         0x000000000000bede        0x2 
 .text.__free_block
                0x000000000000bee0       0x64 /home/joel/Capstone/uwb-apps/bin/targets/twr_tag/app/libc/baselibc/libc_baselibc.a(malloc.o)
 .text.add_malloc_block
                0x000000000000bf44       0x50 /home/joel/Capstone/uwb-apps/bin/targets/twr_tag/app/libc/baselibc/libc_baselibc.a(malloc.o)
                0x000000000000bf44                add_malloc_block
 .text.malloc   0x000000000000bf94       0x6c /home/joel/Capstone/uwb-apps/bin/targets/twr_tag/app/libc/baselibc/libc_baselibc.a(malloc.o)
                0x000000000000bf94                malloc
 .text.free     0x000000000000c000       0x2c /home/joel/Capstone/uwb-apps/bin/targets/twr_tag/app/libc/baselibc/libc_baselibc.a(malloc.o)
                0x000000000000c000                free
 .text.memcmp   0x000000000000c02c       0x48 /home/joel/Capstone/uwb-apps/bin/targets/twr_tag/app/libc/baselibc/libc_baselibc.a(memcmp.o)
                0x000000000000c02c                memcmp
 .text.memcpy   0x000000000000c074       0x1a /home/joel/Capstone/uwb-apps/bin/targets/twr_tag/app/libc/baselibc/libc_baselibc.a(memcpy.o)
                0x000000000000c074                memcpy
 .text.memset   0x000000000000c08e       0x42 /home/joel/Capstone/uwb-apps/bin/targets/twr_tag/app/libc/baselibc/libc_baselibc.a(memset.o)
                0x000000000000c08e                memset
 .text.stdin_read
                0x000000000000c0d0        0x4 /home/joel/Capstone/uwb-apps/bin/targets/twr_tag/app/libc/baselibc/libc_baselibc.a(mynewt.o)
 .text.stdout_write
                0x000000000000c0d4       0x10 /home/joel/Capstone/uwb-apps/bin/targets/twr_tag/app/libc/baselibc/libc_baselibc.a(mynewt.o)
 .text.strcmp   0x000000000000c0e4       0x18 /home/joel/Capstone/uwb-apps/bin/targets/twr_tag/app/libc/baselibc/libc_baselibc.a(strcmp.o)
                0x000000000000c0e4                strcmp
 .text.strlen   0x000000000000c0fc       0x10 /home/joel/Capstone/uwb-apps/bin/targets/twr_tag/app/libc/baselibc/libc_baselibc.a(strlen.o)
                0x000000000000c0fc                strlen
 .text.strncpy  0x000000000000c10c       0x1e /home/joel/Capstone/uwb-apps/bin/targets/twr_tag/app/libc/baselibc/libc_baselibc.a(strncpy.o)
                0x000000000000c10c                strncpy
 .text.ui2a     0x000000000000c12a       0xce /home/joel/Capstone/uwb-apps/bin/targets/twr_tag/app/libc/baselibc/libc_baselibc.a(tinyprintf.o)
 .text.i2a      0x000000000000c1f8       0x1c /home/joel/Capstone/uwb-apps/bin/targets/twr_tag/app/libc/baselibc/libc_baselibc.a(tinyprintf.o)
 .text.a2d      0x000000000000c214       0x30 /home/joel/Capstone/uwb-apps/bin/targets/twr_tag/app/libc/baselibc/libc_baselibc.a(tinyprintf.o)
 .text.a2i      0x000000000000c244       0x3c /home/joel/Capstone/uwb-apps/bin/targets/twr_tag/app/libc/baselibc/libc_baselibc.a(tinyprintf.o)
 .text.putf     0x000000000000c280       0x24 /home/joel/Capstone/uwb-apps/bin/targets/twr_tag/app/libc/baselibc/libc_baselibc.a(tinyprintf.o)
 .text.putchw   0x000000000000c2a4      0x124 /home/joel/Capstone/uwb-apps/bin/targets/twr_tag/app/libc/baselibc/libc_baselibc.a(tinyprintf.o)
 .text.intarg   0x000000000000c3c8       0x68 /home/joel/Capstone/uwb-apps/bin/targets/twr_tag/app/libc/baselibc/libc_baselibc.a(tinyprintf.o)
 .text.tfp_format
                0x000000000000c430      0x47c /home/joel/Capstone/uwb-apps/bin/targets/twr_tag/app/libc/baselibc/libc_baselibc.a(tinyprintf.o)
                0x000000000000c430                tfp_format
 .text.vfprintf
                0x000000000000c8ac        0x8 /home/joel/Capstone/uwb-apps/bin/targets/twr_tag/app/libc/baselibc/libc_baselibc.a(tinyprintf.o)
                0x000000000000c8ac                vfprintf
 .text.printf   0x000000000000c8b4       0x24 /home/joel/Capstone/uwb-apps/bin/targets/twr_tag/app/libc/baselibc/libc_baselibc.a(tinyprintf.o)
                0x000000000000c8b4                printf
 .text.vsnprintf
                0x000000000000c8d8       0x3a /home/joel/Capstone/uwb-apps/bin/targets/twr_tag/app/libc/baselibc/libc_baselibc.a(tinyprintf.o)
                0x000000000000c8d8                vsnprintf
 .text.snprintf
                0x000000000000c912       0x1c /home/joel/Capstone/uwb-apps/bin/targets/twr_tag/app/libc/baselibc/libc_baselibc.a(tinyprintf.o)
                0x000000000000c912                snprintf
 .text.memfile_write
                0x000000000000c92e       0x3a /home/joel/Capstone/uwb-apps/bin/targets/twr_tag/app/libc/baselibc/libc_baselibc.a(memfile.o)
                0x000000000000c92e                memfile_write
 .text.fmemopen_w
                0x000000000000c968       0x18 /home/joel/Capstone/uwb-apps/bin/targets/twr_tag/app/libc/baselibc/libc_baselibc.a(memfile.o)
                0x000000000000c968                fmemopen_w
 .text.dpl_cputime_get32
                0x000000000000c980        0xa /home/joel/Capstone/uwb-apps/bin/targets/twr_tag/app/porting/dpl_lib/porting_dpl_lib.a(dpl_cputime.o)
                0x000000000000c980                dpl_cputime_get32
 .text.dpl_cputime_delay_ticks
                0x000000000000c98a       0x16 /home/joel/Capstone/uwb-apps/bin/targets/twr_tag/app/porting/dpl_lib/porting_dpl_lib.a(dpl_cputime.o)
                0x000000000000c98a                dpl_cputime_delay_ticks
 .text.dpl_cputime_delay_usecs
                0x000000000000c9a0        0x8 /home/joel/Capstone/uwb-apps/bin/targets/twr_tag/app/porting/dpl_lib/porting_dpl_lib.a(dpl_cputime.o)
                0x000000000000c9a0                dpl_cputime_delay_usecs
 .text.mem_init_mbuf_pool
                0x000000000000c9a8       0x30 /home/joel/Capstone/uwb-apps/bin/targets/twr_tag/app/porting/dpl_lib/porting_dpl_lib.a(dpl_mem.o)
                0x000000000000c9a8                mem_init_mbuf_pool
 .text.mem_split_frag
                0x000000000000c9d8       0x48 /home/joel/Capstone/uwb-apps/bin/targets/twr_tag/app/porting/dpl_lib/porting_dpl_lib.a(dpl_mem.o)
                0x000000000000c9d8                mem_split_frag
 .text.dpl_mempool_init
                0x000000000000ca20       0x80 /home/joel/Capstone/uwb-apps/bin/targets/twr_tag/app/porting/dpl_lib/porting_dpl_lib.a(dpl_mempool.o)
                0x000000000000ca20                dpl_mempool_init
 .text.dpl_memblock_get
                0x000000000000caa0       0x4a /home/joel/Capstone/uwb-apps/bin/targets/twr_tag/app/porting/dpl_lib/porting_dpl_lib.a(dpl_mempool.o)
                0x000000000000caa0                dpl_memblock_get
 .text.dpl_memblock_put_from_cb
                0x000000000000caea       0x36 /home/joel/Capstone/uwb-apps/bin/targets/twr_tag/app/porting/dpl_lib/porting_dpl_lib.a(dpl_mempool.o)
                0x000000000000caea                dpl_memblock_put_from_cb
 .text.dpl_memblock_put
                0x000000000000cb20       0x2a /home/joel/Capstone/uwb-apps/bin/targets/twr_tag/app/porting/dpl_lib/porting_dpl_lib.a(dpl_mempool.o)
                0x000000000000cb20                dpl_memblock_put
 .text.dpl_mbuf_pool_init
                0x000000000000cb4a        0xa /home/joel/Capstone/uwb-apps/bin/targets/twr_tag/app/porting/dpl_lib/porting_dpl_lib.a(dpl_mbuf.o)
                0x000000000000cb4a                dpl_mbuf_pool_init
 .text.dpl_mbuf_get
                0x000000000000cb54       0x2e /home/joel/Capstone/uwb-apps/bin/targets/twr_tag/app/porting/dpl_lib/porting_dpl_lib.a(dpl_mbuf.o)
                0x000000000000cb54                dpl_mbuf_get
 .text.dpl_mbuf_free
                0x000000000000cb82       0x14 /home/joel/Capstone/uwb-apps/bin/targets/twr_tag/app/porting/dpl_lib/porting_dpl_lib.a(dpl_mbuf.o)
                0x000000000000cb82                dpl_mbuf_free
 .text.dpl_mbuf_free_chain
                0x000000000000cb96       0x20 /home/joel/Capstone/uwb-apps/bin/targets/twr_tag/app/porting/dpl_lib/porting_dpl_lib.a(dpl_mbuf.o)
                0x000000000000cb96                dpl_mbuf_free_chain
 .text.dpl_mbuf_append
                0x000000000000cbb6       0xa8 /home/joel/Capstone/uwb-apps/bin/targets/twr_tag/app/porting/dpl_lib/porting_dpl_lib.a(dpl_mbuf.o)
                0x000000000000cbb6                dpl_mbuf_append
 .text.dpl_mbuf_off
                0x000000000000cc5e       0x24 /home/joel/Capstone/uwb-apps/bin/targets/twr_tag/app/porting/dpl_lib/porting_dpl_lib.a(dpl_mbuf.o)
                0x000000000000cc5e                dpl_mbuf_off
 .text.dpl_mbuf_appendfrom
                0x000000000000cc82       0x58 /home/joel/Capstone/uwb-apps/bin/targets/twr_tag/app/porting/dpl_lib/porting_dpl_lib.a(dpl_mbuf.o)
                0x000000000000cc82                dpl_mbuf_appendfrom
 .text.dpl_mbuf_adj
                0x000000000000ccda       0xae /home/joel/Capstone/uwb-apps/bin/targets/twr_tag/app/porting/dpl_lib/porting_dpl_lib.a(dpl_mbuf.o)
                0x000000000000ccda                dpl_mbuf_adj
 .text.dpl_mbuf_trim_front
                0x000000000000cd88       0x54 /home/joel/Capstone/uwb-apps/bin/targets/twr_tag/app/porting/dpl_lib/porting_dpl_lib.a(dpl_mbuf.o)
                0x000000000000cd88                dpl_mbuf_trim_front
 .text.conf_dup_check_cb
                0x000000000000cddc       0x3c /home/joel/Capstone/uwb-apps/bin/targets/twr_tag/app/sys/config/sys_config.a(config_store.o)
 .text.conf_load_cb
                0x000000000000ce18       0x1c /home/joel/Capstone/uwb-apps/bin/targets/twr_tag/app/sys/config/sys_config.a(config_store.o)
 .text.conf_src_register
                0x000000000000ce34       0x28 /home/joel/Capstone/uwb-apps/bin/targets/twr_tag/app/sys/config/sys_config.a(config_store.o)
                0x000000000000ce34                conf_src_register
 .text.conf_dst_register
                0x000000000000ce5c        0xc /home/joel/Capstone/uwb-apps/bin/targets/twr_tag/app/sys/config/sys_config.a(config_store.o)
                0x000000000000ce5c                conf_dst_register
 .text.conf_load
                0x000000000000ce68       0x54 /home/joel/Capstone/uwb-apps/bin/targets/twr_tag/app/sys/config/sys_config.a(config_store.o)
                0x000000000000ce68                conf_load
 .text.conf_ensure_loaded
                0x000000000000cebc       0x18 /home/joel/Capstone/uwb-apps/bin/targets/twr_tag/app/sys/config/sys_config.a(config_store.o)
                0x000000000000cebc                conf_ensure_loaded
 .text.conf_save_one
                0x000000000000ced4       0x68 /home/joel/Capstone/uwb-apps/bin/targets/twr_tag/app/sys/config/sys_config.a(config_store.o)
                0x000000000000ced4                conf_save_one
 .text.conf_store_one
                0x000000000000cf3c        0x8 /home/joel/Capstone/uwb-apps/bin/targets/twr_tag/app/sys/config/sys_config.a(config_store.o)
 .text.conf_save
                0x000000000000cf44       0x58 /home/joel/Capstone/uwb-apps/bin/targets/twr_tag/app/sys/config/sys_config.a(config_store.o)
                0x000000000000cf44                conf_save
 .text.conf_store_init
                0x000000000000cf9c       0x14 /home/joel/Capstone/uwb-apps/bin/targets/twr_tag/app/sys/config/sys_config.a(config_store.o)
                0x000000000000cf9c                conf_store_init
 .text.conf_ev_fn_load
                0x000000000000cfb0        0x8 /home/joel/Capstone/uwb-apps/bin/targets/twr_tag/app/sys/config/sys_config.a(config.o)
 .text.conf_init
                0x000000000000cfb8       0x60 /home/joel/Capstone/uwb-apps/bin/targets/twr_tag/app/sys/config/sys_config.a(config.o)
                0x000000000000cfb8                conf_init
 .text.conf_lock
                0x000000000000d018       0x14 /home/joel/Capstone/uwb-apps/bin/targets/twr_tag/app/sys/config/sys_config.a(config.o)
                0x000000000000d018                conf_lock
 .text.conf_unlock
                0x000000000000d02c       0x10 /home/joel/Capstone/uwb-apps/bin/targets/twr_tag/app/sys/config/sys_config.a(config.o)
                0x000000000000d02c                conf_unlock
 .text.conf_register
                0x000000000000d03c       0x1c /home/joel/Capstone/uwb-apps/bin/targets/twr_tag/app/sys/config/sys_config.a(config.o)
                0x000000000000d03c                conf_register
 .text.conf_handler_lookup
                0x000000000000d058       0x24 /home/joel/Capstone/uwb-apps/bin/targets/twr_tag/app/sys/config/sys_config.a(config.o)
                0x000000000000d058                conf_handler_lookup
 .text.conf_parse_name
                0x000000000000d07c       0x34 /home/joel/Capstone/uwb-apps/bin/targets/twr_tag/app/sys/config/sys_config.a(config.o)
                0x000000000000d07c                conf_parse_name
 .text.conf_parse_and_lookup
                0x000000000000d0b0       0x16 /home/joel/Capstone/uwb-apps/bin/targets/twr_tag/app/sys/config/sys_config.a(config.o)
                0x000000000000d0b0                conf_parse_and_lookup
 .text.conf_value_from_str
                0x000000000000d0c6       0xca /home/joel/Capstone/uwb-apps/bin/targets/twr_tag/app/sys/config/sys_config.a(config.o)
                0x000000000000d0c6                conf_value_from_str
 .text.conf_str_from_value
                0x000000000000d190       0x78 /home/joel/Capstone/uwb-apps/bin/targets/twr_tag/app/sys/config/sys_config.a(config.o)
                0x000000000000d190                conf_str_from_value
 .text.conf_set_value
                0x000000000000d208       0x34 /home/joel/Capstone/uwb-apps/bin/targets/twr_tag/app/sys/config/sys_config.a(config.o)
                0x000000000000d208                conf_set_value
 .text.conf_get_value
                0x000000000000d23c       0x3c /home/joel/Capstone/uwb-apps/bin/targets/twr_tag/app/sys/config/sys_config.a(config.o)
                0x000000000000d23c                conf_get_value
 .text.conf_commit
                0x000000000000d278       0x54 /home/joel/Capstone/uwb-apps/bin/targets/twr_tag/app/sys/config/sys_config.a(config.o)
                0x000000000000d278                conf_commit
 .text.conf_running_one
                0x000000000000d2cc       0x1c /home/joel/Capstone/uwb-apps/bin/targets/twr_tag/app/sys/config/sys_config.a(config_cli.o)
 .text.conf_dump_running
                0x000000000000d2e8       0x2c /home/joel/Capstone/uwb-apps/bin/targets/twr_tag/app/sys/config/sys_config.a(config_cli.o)
 .text.shell_conf_command
                0x000000000000d314       0xd4 /home/joel/Capstone/uwb-apps/bin/targets/twr_tag/app/sys/config/sys_config.a(config_cli.o)
 .text.conf_cli_register
                0x000000000000d3e8       0x10 /home/joel/Capstone/uwb-apps/bin/targets/twr_tag/app/sys/config/sys_config.a(config_cli.o)
                0x000000000000d3e8                conf_cli_register
 .text.conf_nmgr_write
                0x000000000000d3f8       0xb8 /home/joel/Capstone/uwb-apps/bin/targets/twr_tag/app/sys/config/sys_config.a(config_nmgr.o)
 .text.conf_nmgr_read
                0x000000000000d4b0       0x80 /home/joel/Capstone/uwb-apps/bin/targets/twr_tag/app/sys/config/sys_config.a(config_nmgr.o)
 .text.conf_nmgr_register
                0x000000000000d530       0x10 /home/joel/Capstone/uwb-apps/bin/targets/twr_tag/app/sys/config/sys_config.a(config_nmgr.o)
                0x000000000000d530                conf_nmgr_register
 .text.ring_buf_next
                0x000000000000d540        0xe /home/joel/Capstone/uwb-apps/bin/targets/twr_tag/app/sys/console/full/sys_console_full.a(console.o)
 .text.ring_buf_prev
                0x000000000000d54e        0xe /home/joel/Capstone/uwb-apps/bin/targets/twr_tag/app/sys/console/full/sys_console_full.a(console.o)
 .text.console_hist_is_full
                0x000000000000d55c       0x1c /home/joel/Capstone/uwb-apps/bin/targets/twr_tag/app/sys/console/full/sys_console_full.a(console.o)
 .text.handle_nlip
                0x000000000000d578       0x54 /home/joel/Capstone/uwb-apps/bin/targets/twr_tag/app/sys/console/full/sys_console_full.a(console.o)
 .text.trim_whitespace
                0x000000000000d5cc       0x6a /home/joel/Capstone/uwb-apps/bin/targets/twr_tag/app/sys/console/full/sys_console_full.a(console.o)
 *fill*         0x000000000000d636        0x2 
 .text.console_hist_move_to_head
                0x000000000000d638       0x80 /home/joel/Capstone/uwb-apps/bin/targets/twr_tag/app/sys/console/full/sys_console_full.a(console.o)
 .text.console_hist_add
                0x000000000000d6b8       0x80 /home/joel/Capstone/uwb-apps/bin/targets/twr_tag/app/sys/console/full/sys_console_full.a(console.o)
 .text.console_hist_init
                0x000000000000d738       0x40 /home/joel/Capstone/uwb-apps/bin/targets/twr_tag/app/sys/console/full/sys_console_full.a(console.o)
 .text.console_echo
                0x000000000000d778        0xc /home/joel/Capstone/uwb-apps/bin/targets/twr_tag/app/sys/console/full/sys_console_full.a(console.o)
                0x000000000000d778                console_echo
 .text.console_lock
                0x000000000000d784       0x34 /home/joel/Capstone/uwb-apps/bin/targets/twr_tag/app/sys/console/full/sys_console_full.a(console.o)
                0x000000000000d784                console_lock
 .text.console_unlock
                0x000000000000d7b8       0x34 /home/joel/Capstone/uwb-apps/bin/targets/twr_tag/app/sys/console/full/sys_console_full.a(console.o)
                0x000000000000d7b8                console_unlock
 .text.console_out
                0x000000000000d7ec       0x1e /home/joel/Capstone/uwb-apps/bin/targets/twr_tag/app/sys/console/full/sys_console_full.a(console.o)
                0x000000000000d7ec                console_out
 *fill*         0x000000000000d80a        0x2 
 .text.console_append_char
                0x000000000000d80c       0x44 /home/joel/Capstone/uwb-apps/bin/targets/twr_tag/app/sys/console/full/sys_console_full.a(console.o)
 .text.console_clear_line
                0x000000000000d850       0x3c /home/joel/Capstone/uwb-apps/bin/targets/twr_tag/app/sys/console/full/sys_console_full.a(console.o)
 .text.insert_char
                0x000000000000d88c       0x80 /home/joel/Capstone/uwb-apps/bin/targets/twr_tag/app/sys/console/full/sys_console_full.a(console.o)
 .text.console_hist_move
                0x000000000000d90c       0x6c /home/joel/Capstone/uwb-apps/bin/targets/twr_tag/app/sys/console/full/sys_console_full.a(console.o)
 .text.del_char
                0x000000000000d978       0x5e /home/joel/Capstone/uwb-apps/bin/targets/twr_tag/app/sys/console/full/sys_console_full.a(console.o)
 *fill*         0x000000000000d9d6        0x2 
 .text.console_write
                0x000000000000d9d8       0x84 /home/joel/Capstone/uwb-apps/bin/targets/twr_tag/app/sys/console/full/sys_console_full.a(console.o)
                0x000000000000d9d8                console_write
 .text.console_blocking_mode
                0x000000000000da5c        0x8 /home/joel/Capstone/uwb-apps/bin/targets/twr_tag/app/sys/console/full/sys_console_full.a(console.o)
                0x000000000000da5c                console_blocking_mode
 .text.console_non_blocking_mode
                0x000000000000da64        0x8 /home/joel/Capstone/uwb-apps/bin/targets/twr_tag/app/sys/console/full/sys_console_full.a(console.o)
                0x000000000000da64                console_non_blocking_mode
 .text.handle_ansi
                0x000000000000da6c      0x1a4 /home/joel/Capstone/uwb-apps/bin/targets/twr_tag/app/sys/console/full/sys_console_full.a(console.o)
 .text.console_handle_char
                0x000000000000dc10      0x2f4 /home/joel/Capstone/uwb-apps/bin/targets/twr_tag/app/sys/console/full/sys_console_full.a(console.o)
                0x000000000000dc10                console_handle_char
 .text.console_is_init
                0x000000000000df04        0x8 /home/joel/Capstone/uwb-apps/bin/targets/twr_tag/app/sys/console/full/sys_console_full.a(console.o)
                0x000000000000df04                console_is_init
 .text.console_line_queue_set
                0x000000000000df0c        0xc /home/joel/Capstone/uwb-apps/bin/targets/twr_tag/app/sys/console/full/sys_console_full.a(console.o)
                0x000000000000df0c                console_line_queue_set
 .text.console_line_event_put
                0x000000000000df18       0x28 /home/joel/Capstone/uwb-apps/bin/targets/twr_tag/app/sys/console/full/sys_console_full.a(console.o)
                0x000000000000df18                console_line_event_put
 .text.console_set_completion_cb
                0x000000000000df40        0xc /home/joel/Capstone/uwb-apps/bin/targets/twr_tag/app/sys/console/full/sys_console_full.a(console.o)
                0x000000000000df40                console_set_completion_cb
 .text.console_pkg_init
                0x000000000000df4c       0x50 /home/joel/Capstone/uwb-apps/bin/targets/twr_tag/app/sys/console/full/sys_console_full.a(console.o)
                0x000000000000df4c                console_pkg_init
 .text.console_vprintf
                0x000000000000df9c       0x3c /home/joel/Capstone/uwb-apps/bin/targets/twr_tag/app/sys/console/full/sys_console_full.a(console_fmt.o)
                0x000000000000df9c                console_vprintf
 .text.console_printf
                0x000000000000dfd8       0x1c /home/joel/Capstone/uwb-apps/bin/targets/twr_tag/app/sys/console/full/sys_console_full.a(console_fmt.o)
                0x000000000000dfd8                console_printf
 .text.console_no_ticks
                0x000000000000dff4        0xc /home/joel/Capstone/uwb-apps/bin/targets/twr_tag/app/sys/console/full/sys_console_full.a(ticks.o)
                0x000000000000dff4                console_no_ticks
 .text.console_yes_ticks
                0x000000000000e000        0xc /home/joel/Capstone/uwb-apps/bin/targets/twr_tag/app/sys/console/full/sys_console_full.a(ticks.o)
                0x000000000000e000                console_yes_ticks
 .text.console_get_ticks
                0x000000000000e00c        0xc /home/joel/Capstone/uwb-apps/bin/targets/twr_tag/app/sys/console/full/sys_console_full.a(ticks.o)
                0x000000000000e00c                console_get_ticks
 .text.uart_blocking_tx
                0x000000000000e018        0x8 /home/joel/Capstone/uwb-apps/bin/targets/twr_tag/app/sys/console/full/sys_console_full.a(uart_console.o)
 .text.uart_console_ring_add_char
                0x000000000000e020       0x14 /home/joel/Capstone/uwb-apps/bin/targets/twr_tag/app/sys/console/full/sys_console_full.a(uart_console.o)
 .text.uart_console_ring_pull_char
                0x000000000000e034       0x14 /home/joel/Capstone/uwb-apps/bin/targets/twr_tag/app/sys/console/full/sys_console_full.a(uart_console.o)
 .text.uart_console_ring_is_full
                0x000000000000e048       0x16 /home/joel/Capstone/uwb-apps/bin/targets/twr_tag/app/sys/console/full/sys_console_full.a(uart_console.o)
 .text.uart_console_ring_is_empty
                0x000000000000e05e        0xe /home/joel/Capstone/uwb-apps/bin/targets/twr_tag/app/sys/console/full/sys_console_full.a(uart_console.o)
 .text.uart_console_tx_flush
                0x000000000000e06c       0x34 /home/joel/Capstone/uwb-apps/bin/targets/twr_tag/app/sys/console/full/sys_console_full.a(uart_console.o)
 .text.uart_console_tx_char
                0x000000000000e0a0       0x1c /home/joel/Capstone/uwb-apps/bin/targets/twr_tag/app/sys/console/full/sys_console_full.a(uart_console.o)
 .text.uart_console_queue_char
                0x000000000000e0bc       0x58 /home/joel/Capstone/uwb-apps/bin/targets/twr_tag/app/sys/console/full/sys_console_full.a(uart_console.o)
 .text.uart_console_rx_char
                0x000000000000e114       0x44 /home/joel/Capstone/uwb-apps/bin/targets/twr_tag/app/sys/console/full/sys_console_full.a(uart_console.o)
 .text.uart_console_rx_char_event
                0x000000000000e158       0x74 /home/joel/Capstone/uwb-apps/bin/targets/twr_tag/app/sys/console/full/sys_console_full.a(uart_console.o)
 .text.uart_console_blocking_mode
                0x000000000000e1cc       0x2c /home/joel/Capstone/uwb-apps/bin/targets/twr_tag/app/sys/console/full/sys_console_full.a(uart_console.o)
                0x000000000000e1cc                uart_console_blocking_mode
 .text.uart_console_non_blocking_mode
                0x000000000000e1f8       0x20 /home/joel/Capstone/uwb-apps/bin/targets/twr_tag/app/sys/console/full/sys_console_full.a(uart_console.o)
                0x000000000000e1f8                uart_console_non_blocking_mode
 .text.console_out_nolock
                0x000000000000e218       0x50 /home/joel/Capstone/uwb-apps/bin/targets/twr_tag/app/sys/console/full/sys_console_full.a(uart_console.o)
                0x000000000000e218                console_out_nolock
 .text.console_rx_restart
                0x000000000000e268       0x14 /home/joel/Capstone/uwb-apps/bin/targets/twr_tag/app/sys/console/full/sys_console_full.a(uart_console.o)
                0x000000000000e268                console_rx_restart
 .text.uart_console_is_init
                0x000000000000e27c       0x10 /home/joel/Capstone/uwb-apps/bin/targets/twr_tag/app/sys/console/full/sys_console_full.a(uart_console.o)
                0x000000000000e27c                uart_console_is_init
 .text.uart_console_init
                0x000000000000e28c       0xa8 /home/joel/Capstone/uwb-apps/bin/targets/twr_tag/app/sys/console/full/sys_console_full.a(uart_console.o)
                0x000000000000e28c                uart_console_init
 .text.get_prompt
                0x000000000000e334       0x38 /home/joel/Capstone/uwb-apps/bin/targets/twr_tag/app/sys/shell/sys_shell.a(shell.o)
 .text.print_module_commands
                0x000000000000e36c       0x6c /home/joel/Capstone/uwb-apps/bin/targets/twr_tag/app/sys/shell/sys_shell.a(shell.o)
 .text.print_modules
                0x000000000000e3d8       0x30 /home/joel/Capstone/uwb-apps/bin/targets/twr_tag/app/sys/shell/sys_shell.a(shell.o)
 .text.print_command_params
                0x000000000000e408       0x44 /home/joel/Capstone/uwb-apps/bin/targets/twr_tag/app/sys/shell/sys_shell.a(shell.o)
 .text.get_destination_module
                0x000000000000e44c       0x4c /home/joel/Capstone/uwb-apps/bin/targets/twr_tag/app/sys/shell/sys_shell.a(shell.o)
 .text.set_default_module
                0x000000000000e498       0x1c /home/joel/Capstone/uwb-apps/bin/targets/twr_tag/app/sys/shell/sys_shell.a(shell.o)
 .text.select_module
                0x000000000000e4b4       0x20 /home/joel/Capstone/uwb-apps/bin/targets/twr_tag/app/sys/shell/sys_shell.a(shell.o)
 .text.get_command_and_module
                0x000000000000e4d4       0x78 /home/joel/Capstone/uwb-apps/bin/targets/twr_tag/app/sys/shell/sys_shell.a(shell.o)
 .text.shell_find_cmd
                0x000000000000e54c       0xc4 /home/joel/Capstone/uwb-apps/bin/targets/twr_tag/app/sys/shell/sys_shell.a(shell.o)
 .text.show_cmd_help
                0x000000000000e610       0xe0 /home/joel/Capstone/uwb-apps/bin/targets/twr_tag/app/sys/shell/sys_shell.a(shell.o)
 .text.show_help
                0x000000000000e6f0       0x88 /home/joel/Capstone/uwb-apps/bin/targets/twr_tag/app/sys/shell/sys_shell.a(shell.o)
 .text.print_prompt
                0x000000000000e778       0x1c /home/joel/Capstone/uwb-apps/bin/targets/twr_tag/app/sys/shell/sys_shell.a(shell.o)
 .text.print_prompt_if_console
                0x000000000000e794       0x14 /home/joel/Capstone/uwb-apps/bin/targets/twr_tag/app/sys/shell/sys_shell.a(shell.o)
 .text.complete_module
                0x000000000000e7a8      0x110 /home/joel/Capstone/uwb-apps/bin/targets/twr_tag/app/sys/shell/sys_shell.a(shell.o)
 .text.complete_command
                0x000000000000e8b8      0x108 /home/joel/Capstone/uwb-apps/bin/targets/twr_tag/app/sys/shell/sys_shell.a(shell.o)
 .text.get_command_from_module
                0x000000000000e9c0       0x48 /home/joel/Capstone/uwb-apps/bin/targets/twr_tag/app/sys/shell/sys_shell.a(shell.o)
 .text.complete_param
                0x000000000000ea08       0xf0 /home/joel/Capstone/uwb-apps/bin/targets/twr_tag/app/sys/shell/sys_shell.a(shell.o)
 .text.get_token
                0x000000000000eaf8       0x3c /home/joel/Capstone/uwb-apps/bin/targets/twr_tag/app/sys/shell/sys_shell.a(shell.o)
 .text.complete_select
                0x000000000000eb34       0x74 /home/joel/Capstone/uwb-apps/bin/targets/twr_tag/app/sys/shell/sys_shell.a(shell.o)
 .text.line2argv
                0x000000000000eba8       0x6c /home/joel/Capstone/uwb-apps/bin/targets/twr_tag/app/sys/shell/sys_shell.a(shell.o)
 .text.get_last_token
                0x000000000000ec14       0x1e /home/joel/Capstone/uwb-apps/bin/targets/twr_tag/app/sys/shell/sys_shell.a(shell.o)
 *fill*         0x000000000000ec32        0x2 
 .text.completion
                0x000000000000ec34      0x170 /home/joel/Capstone/uwb-apps/bin/targets/twr_tag/app/sys/shell/sys_shell.a(shell.o)
 .text.shell_avail_queue_init
                0x000000000000eda4       0x30 /home/joel/Capstone/uwb-apps/bin/targets/twr_tag/app/sys/shell/sys_shell.a(shell.o)
 .text.shell_evq_set
                0x000000000000edd4       0x10 /home/joel/Capstone/uwb-apps/bin/targets/twr_tag/app/sys/shell/sys_shell.a(shell.o)
                0x000000000000edd4                shell_evq_set
 .text.shell_exec
                0x000000000000ede4       0xb8 /home/joel/Capstone/uwb-apps/bin/targets/twr_tag/app/sys/shell/sys_shell.a(shell.o)
                0x000000000000ede4                shell_exec
 .text.shell_process_command
                0x000000000000ee9c       0x26 /home/joel/Capstone/uwb-apps/bin/targets/twr_tag/app/sys/shell/sys_shell.a(shell.o)
 .text.shell_process_nlip_line
                0x000000000000eec2       0x52 /home/joel/Capstone/uwb-apps/bin/targets/twr_tag/app/sys/shell/sys_shell.a(shell.o)
 .text.shell    0x000000000000ef14       0x2a /home/joel/Capstone/uwb-apps/bin/targets/twr_tag/app/sys/shell/sys_shell.a(shell.o)
 *fill*         0x000000000000ef3e        0x2 
 .text.shell_register
                0x000000000000ef40       0x44 /home/joel/Capstone/uwb-apps/bin/targets/twr_tag/app/sys/shell/sys_shell.a(shell.o)
                0x000000000000ef40                shell_register
 .text.shell_cmd_register
                0x000000000000ef84       0x84 /home/joel/Capstone/uwb-apps/bin/targets/twr_tag/app/sys/shell/sys_shell.a(shell.o)
                0x000000000000ef84                shell_cmd_register
 .text.shell_init
                0x000000000000f008       0x48 /home/joel/Capstone/uwb-apps/bin/targets/twr_tag/app/sys/shell/sys_shell.a(shell.o)
                0x000000000000f008                shell_init
 .text.shell_nlip_mtx
                0x000000000000f050      0x13c /home/joel/Capstone/uwb-apps/bin/targets/twr_tag/app/sys/shell/sys_shell.a(shell_nlip.o)
 .text.shell_event_data_in
                0x000000000000f18c       0x20 /home/joel/Capstone/uwb-apps/bin/targets/twr_tag/app/sys/shell/sys_shell.a(shell_nlip.o)
 .text.shell_nlip_clear_pkt
                0x000000000000f1ac       0x24 /home/joel/Capstone/uwb-apps/bin/targets/twr_tag/app/sys/shell/sys_shell.a(shell_nlip.o)
                0x000000000000f1ac                shell_nlip_clear_pkt
 .text.shell_nlip_process
                0x000000000000f1d0       0xe0 /home/joel/Capstone/uwb-apps/bin/targets/twr_tag/app/sys/shell/sys_shell.a(shell_nlip.o)
                0x000000000000f1d0                shell_nlip_process
 .text.shell_nlip_input_register
                0x000000000000f2b0       0x14 /home/joel/Capstone/uwb-apps/bin/targets/twr_tag/app/sys/shell/sys_shell.a(shell_nlip.o)
                0x000000000000f2b0                shell_nlip_input_register
 .text.shell_nlip_output
                0x000000000000f2c4       0x18 /home/joel/Capstone/uwb-apps/bin/targets/twr_tag/app/sys/shell/sys_shell.a(shell_nlip.o)
                0x000000000000f2c4                shell_nlip_output
 .text.shell_nlip_init
                0x000000000000f2dc       0x18 /home/joel/Capstone/uwb-apps/bin/targets/twr_tag/app/sys/shell/sys_shell.a(shell_nlip.o)
                0x000000000000f2dc                shell_nlip_init
 .text.shell_os_ls_dev
                0x000000000000f2f4       0x24 /home/joel/Capstone/uwb-apps/bin/targets/twr_tag/app/sys/shell/sys_shell.a(shell_os.o)
 .text.shell_os_mpool_display_cmd
                0x000000000000f318       0xb0 /home/joel/Capstone/uwb-apps/bin/targets/twr_tag/app/sys/shell/sys_shell.a(shell_os.o)
                0x000000000000f318                shell_os_mpool_display_cmd
 .text.shell_os_date_cmd
                0x000000000000f3c8       0x84 /home/joel/Capstone/uwb-apps/bin/targets/twr_tag/app/sys/shell/sys_shell.a(shell_os.o)
                0x000000000000f3c8                shell_os_date_cmd
 .text.shell_os_reset_cmd
                0x000000000000f44c       0x12 /home/joel/Capstone/uwb-apps/bin/targets/twr_tag/app/sys/shell/sys_shell.a(shell_os.o)
                0x000000000000f44c                shell_os_reset_cmd
 *fill*         0x000000000000f45e        0x2 
 .text.shell_os_ls_dev_cmd
                0x000000000000f460       0x38 /home/joel/Capstone/uwb-apps/bin/targets/twr_tag/app/sys/shell/sys_shell.a(shell_os.o)
                0x000000000000f460                shell_os_ls_dev_cmd
 .text.shell_os_tasks_display_cmd
                0x000000000000f498       0xf0 /home/joel/Capstone/uwb-apps/bin/targets/twr_tag/app/sys/shell/sys_shell.a(shell_os.o)
 .text.shell_os_register
                0x000000000000f588       0x38 /home/joel/Capstone/uwb-apps/bin/targets/twr_tag/app/sys/shell/sys_shell.a(shell_os.o)
                0x000000000000f588                shell_os_register
 .text.shell_ticks_cmd
                0x000000000000f5c0       0x54 /home/joel/Capstone/uwb-apps/bin/targets/twr_tag/app/sys/shell/sys_shell.a(shell_prompt.o)
                0x000000000000f5c0                shell_ticks_cmd
 .text.shell_prompt_register
                0x000000000000f614       0x14 /home/joel/Capstone/uwb-apps/bin/targets/twr_tag/app/sys/shell/sys_shell.a(shell_prompt.o)
                0x000000000000f614                shell_prompt_register
 .text.stats_offset
                0x000000000000f628       0x10 /home/joel/Capstone/uwb-apps/bin/targets/twr_tag/app/sys/stats/full/sys_stats_full.a(stats.o)
 .text.stats_register_internal
                0x000000000000f638       0x4c /home/joel/Capstone/uwb-apps/bin/targets/twr_tag/app/sys/stats/full/sys_stats_full.a(stats.o)
 .text.stats_size
                0x000000000000f684        0xa /home/joel/Capstone/uwb-apps/bin/targets/twr_tag/app/sys/stats/full/sys_stats_full.a(stats.o)
                0x000000000000f684                stats_size
 *fill*         0x000000000000f68e        0x2 
 .text.stats_walk
                0x000000000000f690       0x98 /home/joel/Capstone/uwb-apps/bin/targets/twr_tag/app/sys/stats/full/sys_stats_full.a(stats.o)
                0x000000000000f690                stats_walk
 .text.stats_init
                0x000000000000f728       0x2c /home/joel/Capstone/uwb-apps/bin/targets/twr_tag/app/sys/stats/full/sys_stats_full.a(stats.o)
                0x000000000000f728                stats_init
 .text.stats_module_init_internal
                0x000000000000f754       0x58 /home/joel/Capstone/uwb-apps/bin/targets/twr_tag/app/sys/stats/full/sys_stats_full.a(stats.o)
 .text.stats_module_init
                0x000000000000f7ac       0x44 /home/joel/Capstone/uwb-apps/bin/targets/twr_tag/app/sys/stats/full/sys_stats_full.a(stats.o)
                0x000000000000f7ac                stats_module_init
 .text.stats_group_walk
                0x000000000000f7f0       0x28 /home/joel/Capstone/uwb-apps/bin/targets/twr_tag/app/sys/stats/full/sys_stats_full.a(stats.o)
                0x000000000000f7f0                stats_group_walk
 .text.stats_group_find
                0x000000000000f818       0x24 /home/joel/Capstone/uwb-apps/bin/targets/twr_tag/app/sys/stats/full/sys_stats_full.a(stats.o)
                0x000000000000f818                stats_group_find
 .text.stats_register
                0x000000000000f83c       0x28 /home/joel/Capstone/uwb-apps/bin/targets/twr_tag/app/sys/stats/full/sys_stats_full.a(stats.o)
                0x000000000000f83c                stats_register
 .text.stats_nmgr_encode_name
                0x000000000000f864       0x18 /home/joel/Capstone/uwb-apps/bin/targets/twr_tag/app/sys/stats/full/sys_stats_full.a(stats_nmgr.o)
 .text.stats_nmgr_list
                0x000000000000f87c       0x68 /home/joel/Capstone/uwb-apps/bin/targets/twr_tag/app/sys/stats/full/sys_stats_full.a(stats_nmgr.o)
 .text.stats_nmgr_walk_func
                0x000000000000f8e4       0x60 /home/joel/Capstone/uwb-apps/bin/targets/twr_tag/app/sys/stats/full/sys_stats_full.a(stats_nmgr.o)
 .text.stats_nmgr_read
                0x000000000000f944       0xec /home/joel/Capstone/uwb-apps/bin/targets/twr_tag/app/sys/stats/full/sys_stats_full.a(stats_nmgr.o)
 .text.stats_nmgr_register_group
                0x000000000000fa30       0x1c /home/joel/Capstone/uwb-apps/bin/targets/twr_tag/app/sys/stats/full/sys_stats_full.a(stats_nmgr.o)
                0x000000000000fa30                stats_nmgr_register_group
 .text.stats_shell_display_entry
                0x000000000000fa4c       0x6c /home/joel/Capstone/uwb-apps/bin/targets/twr_tag/app/sys/stats/full/sys_stats_full.a(stats_shell.o)
 .text.stats_shell_display_group
                0x000000000000fab8       0x18 /home/joel/Capstone/uwb-apps/bin/targets/twr_tag/app/sys/stats/full/sys_stats_full.a(stats_shell.o)
 .text.shell_stats_display
                0x000000000000fad0       0x50 /home/joel/Capstone/uwb-apps/bin/targets/twr_tag/app/sys/stats/full/sys_stats_full.a(stats_shell.o)
 .text.stats_shell_register
                0x000000000000fb20       0x24 /home/joel/Capstone/uwb-apps/bin/targets/twr_tag/app/sys/stats/full/sys_stats_full.a(stats_shell.o)
                0x000000000000fb20                stats_shell_register
 .text.sysdown_timer_exp
                0x000000000000fb44        0xe /home/joel/Capstone/uwb-apps/bin/targets/twr_tag/app/sys/sysdown/sys_sysdown.a(sysdown.o)
 *fill*         0x000000000000fb52        0x2 
 .text.sysdown_complete
                0x000000000000fb54       0x14 /home/joel/Capstone/uwb-apps/bin/targets/twr_tag/app/sys/sysdown/sys_sysdown.a(sysdown.o)
 .text.sysdown  0x000000000000fb68       0xa0 /home/joel/Capstone/uwb-apps/bin/targets/twr_tag/app/sys/sysdown/sys_sysdown.a(sysdown.o)
                0x000000000000fb68                sysdown
 .text.sysinit_dflt_panic_cb
                0x000000000000fc08        0x6 /home/joel/Capstone/uwb-apps/bin/targets/twr_tag/app/sys/sysinit/sys_sysinit.a(sysinit.o)
 *fill*         0x000000000000fc0e        0x2 
 .text.sysinit_start
                0x000000000000fc10        0xc /home/joel/Capstone/uwb-apps/bin/targets/twr_tag/app/sys/sysinit/sys_sysinit.a(sysinit.o)
                0x000000000000fc10                sysinit_start
 .text.sysinit_end
                0x000000000000fc1c        0xc /home/joel/Capstone/uwb-apps/bin/targets/twr_tag/app/sys/sysinit/sys_sysinit.a(sysinit.o)
                0x000000000000fc1c                sysinit_end
 .text.uwbcfg_set
                0x000000000000fc28       0x48 /home/joel/Capstone/uwb-apps/bin/targets/twr_tag/app/sys/uwbcfg/sys_uwbcfg.a(uwbcfg.o)
 .text.uwbcfg_get
                0x000000000000fc70       0x38 /home/joel/Capstone/uwb-apps/bin/targets/twr_tag/app/sys/uwbcfg/sys_uwbcfg.a(uwbcfg.o)
 .text.uwbcfg_export
                0x000000000000fca8       0x48 /home/joel/Capstone/uwb-apps/bin/targets/twr_tag/app/sys/uwbcfg/sys_uwbcfg.a(uwbcfg.o)
 .text.uwbcfg_commit_to_inst
                0x000000000000fcf0      0x2a8 /home/joel/Capstone/uwb-apps/bin/targets/twr_tag/app/sys/uwbcfg/sys_uwbcfg.a(uwbcfg.o)
                0x000000000000fcf0                uwbcfg_commit_to_inst
 .text.uwbcfg_commit
                0x000000000000ff98       0x28 /home/joel/Capstone/uwb-apps/bin/targets/twr_tag/app/sys/uwbcfg/sys_uwbcfg.a(uwbcfg.o)
                0x000000000000ff98                uwbcfg_commit
 .text.uwbcfg_register
                0x000000000000ffc0       0x10 /home/joel/Capstone/uwb-apps/bin/targets/twr_tag/app/sys/uwbcfg/sys_uwbcfg.a(uwbcfg.o)
                0x000000000000ffc0                uwbcfg_register
 .text.uwbcfg_pkg_init
                0x000000000000ffd0       0x54 /home/joel/Capstone/uwb-apps/bin/targets/twr_tag/app/sys/uwbcfg/sys_uwbcfg.a(uwbcfg.o)
                0x000000000000ffd0                uwbcfg_pkg_init
 .text.uwbcfg_pkg_down
                0x0000000000010024        0x4 /home/joel/Capstone/uwb-apps/bin/targets/twr_tag/app/sys/uwbcfg/sys_uwbcfg.a(uwbcfg.o)
                0x0000000000010024                uwbcfg_pkg_down
 .text.check_preamble_code
                0x0000000000010028       0xa8 /home/joel/Capstone/uwb-apps/bin/targets/twr_tag/app/sys/uwbcfg/sys_uwbcfg.a(uwbcfg_dw1000.o)
 .text.remap_framefilter
                0x00000000000100d0       0x3e /home/joel/Capstone/uwb-apps/bin/targets/twr_tag/app/sys/uwbcfg/sys_uwbcfg.a(uwbcfg_dw1000.o)
                0x00000000000100d0                remap_framefilter
 *fill*         0x000000000001010e        0x2 
 .text.uwbcfg_commit_to_inst_dw1000
                0x0000000000010110      0x244 /home/joel/Capstone/uwb-apps/bin/targets/twr_tag/app/sys/uwbcfg/sys_uwbcfg.a(uwbcfg_dw1000.o)
                0x0000000000010110                uwbcfg_commit_to_inst_dw1000
 .text.strtod_soft
                0x0000000000010354      0x180 /home/joel/Capstone/uwb-apps/bin/targets/twr_tag/app/sys/uwbcfg/sys_uwbcfg.a(uwbcfg_strtod.o)
                0x0000000000010354                strtod_soft
 .text.leapyear
                0x00000000000104d4       0x44 /home/joel/Capstone/uwb-apps/bin/targets/twr_tag/app/time/datetime/time_datetime.a(datetime.o)
 .text.parse_number
                0x0000000000010518       0x48 /home/joel/Capstone/uwb-apps/bin/targets/twr_tag/app/time/datetime/time_datetime.a(datetime.o)
 .text.clocktime_to_timeval
                0x0000000000010560      0x1d4 /home/joel/Capstone/uwb-apps/bin/targets/twr_tag/app/time/datetime/time_datetime.a(datetime.o)
                0x0000000000010560                clocktime_to_timeval
 .text.timeval_to_clocktime
                0x0000000000010734      0x140 /home/joel/Capstone/uwb-apps/bin/targets/twr_tag/app/time/datetime/time_datetime.a(datetime.o)
                0x0000000000010734                timeval_to_clocktime
 .text.datetime_parse
                0x0000000000010874      0x200 /home/joel/Capstone/uwb-apps/bin/targets/twr_tag/app/time/datetime/time_datetime.a(datetime.o)
                0x0000000000010874                datetime_parse